Archive member included because of file (symbol)

/usr/local/mindstorms/nxtOSEK/ecrobot/libecrobot.a(ecrobot_device_hook.o)
                              build/ecrobot.o (ecrobot_device_initialize)
/usr/local/mindstorms/nxtOSEK/ecrobot/libecrobot.a(ecrobot_interface.o)
                              build/helloworld.o (ecrobot_set_light_sensor_active)
/usr/local/mindstorms/nxtOSEK/ecrobot/libecrobot.a(colorsensor.o)
                              /usr/local/mindstorms/nxtOSEK/ecrobot/libecrobot.a(ecrobot_interface.o) (colorsensor_init)
/usr/local/mindstorms/nxtOSEK/ecrobot/libecrobot.a(osek_hook.o)
                              build/kernel/osctl.o (StartupHook)
/usr/local/mindstorms/nxtOSEK/ecrobot/libecrobot.a(uart.oram)
                              build/config/at91sam7s-gnu/irq.oram (uart_isr_C_0)
/usr/local/mindstorms/nxtOSEK/ecrobot/libecrobot.a(systick.oram)
                              build/syslib/at91sam7s-gnu/lego_nxt/hw_sys_timer.oram (systick_low_priority_C)
/usr/local/mindstorms/nxtOSEK/ecrobot/libecrobot.a(byte_fifo.oram)
                              /usr/local/mindstorms/nxtOSEK/ecrobot/libecrobot.a(uart.oram) (byte_fifo_put)
/usr/local/mindstorms/nxtOSEK/ecrobot/libecrobot.a(aic.oram)
                              /usr/local/mindstorms/nxtOSEK/ecrobot/libecrobot.a(uart.oram) (aic_set_vector)
/usr/local/mindstorms/nxtOSEK/ecrobot/libecrobot.a(udp.oram)
                              build/config/at91sam7s-gnu/irq.oram (udp_isr_C)
/usr/local/mindstorms/nxtOSEK/ecrobot/libecrobot.a(twi.oram)
                              build/config/at91sam7s-gnu/irq.oram (twi_isr_C)
/usr/local/mindstorms/nxtOSEK/ecrobot/libecrobot.a(nxt_spi.oram)
                              build/config/at91sam7s-gnu/irq.oram (spi_isr_C)
/usr/local/mindstorms/nxtOSEK/ecrobot/libecrobot.a(nxt_motors.oram)
                              /usr/local/mindstorms/nxtOSEK/ecrobot/libecrobot.a(ecrobot_interface.o) (nxt_motor_get_count)
/usr/local/mindstorms/nxtOSEK/ecrobot/libecrobot.a(data_abort.oram)
                              build/ecrobot_init.o (data_abort_C)
/usr/local/mindstorms/nxtOSEK/ecrobot/libecrobot.a(display.oram)
                              build/ecrobot_base.o (display_update)
/usr/local/mindstorms/nxtOSEK/ecrobot/libecrobot.a(i2c.oram)
                              build/config/at91sam7s-gnu/irq.oram (i2c_timer_isr_C)
/usr/local/mindstorms/nxtOSEK/ecrobot/libecrobot.a(sound.oram)
                              /usr/local/mindstorms/nxtOSEK/ecrobot/libecrobot.a(ecrobot_interface.o) (sound_get_time)
/usr/local/mindstorms/nxtOSEK/ecrobot/libecrobot.a(bt.oram)
                              build/ecrobot_bluetooth.o (bt_send)
/usr/local/mindstorms/nxtOSEK/ecrobot/libecrobot.a(nxt_avr.oram)
                              build/ecrobot_base.o (nxt_avr_power_down)
/usr/local/mindstorms/nxtOSEK/ecrobot/libecrobot.a(sensors.oram)
                              /usr/local/mindstorms/nxtOSEK/ecrobot/libecrobot.a(ecrobot_interface.o) (unset_digi0)
/usr/local/mindstorms/nxtOSEK/ecrobot/libecrobot.a(sensors1.oram)
                              /usr/local/mindstorms/nxtOSEK/ecrobot/libecrobot.a(colorsensor.o) (sensor_pins)
/usr/local/mindstorms/nxtOSEK/ecrobot/libecrobot.a(nxt_lcd.oram)
                              /usr/local/mindstorms/nxtOSEK/ecrobot/libecrobot.a(display.oram) (nxt_lcd_force_update)
/usr/local/mindstorms/nxtOSEK/ecrobot/libecrobot.a(flash_loader.oram)
                              build/ecrobot_base.o (set_flash_request)
/usr/local/mindstorms/nxtOSEK/ecrobot/libecrobot.a(interrupts.oram)
                              /usr/local/mindstorms/nxtOSEK/ecrobot/libecrobot.a(uart.oram) (interrupts_get_and_disable)
/usr/local/mindstorms/nxtOSEK/ecrobot/libecrobot.a(nxtosek_splash.obmp)
                              build/ecrobot_base.o (nxtosek_splash_bmp_start)
/usr/local/mindstorms/nxtOSEK/ecrobot/libecrobot.a(ecrobot_usb.o)
                              /usr/local/mindstorms/nxtOSEK/ecrobot/libecrobot.a(flash_loader.oram) (ecrobot_init_usb)
/usr/local/mindstorms/nxtOSEK/ecrobot/libecrobot.a(flashprog.oram)
                              /usr/local/mindstorms/nxtOSEK/ecrobot/libecrobot.a(flash_loader.oram) (flash_write_page)
/usr/local/mindstorms/arm-tools/gnuarm/bin/../lib/gcc/arm-elf/4.4.2/thumb/interwork/libgcc.a(_udivsi3.o)
                              build/ecrobot_base.o (__udivsi3)
/usr/local/mindstorms/arm-tools/gnuarm/bin/../lib/gcc/arm-elf/4.4.2/thumb/interwork/libgcc.a(_divsi3.o)
                              /usr/local/mindstorms/nxtOSEK/ecrobot/libecrobot.a(uart.oram) (__divsi3)
/usr/local/mindstorms/arm-tools/gnuarm/bin/../lib/gcc/arm-elf/4.4.2/thumb/interwork/libgcc.a(_umodsi3.o)
                              /usr/local/mindstorms/nxtOSEK/ecrobot/libecrobot.a(display.oram) (__umodsi3)
/usr/local/mindstorms/arm-tools/gnuarm/bin/../lib/gcc/arm-elf/4.4.2/thumb/interwork/libgcc.a(_modsi3.o)
                              /usr/local/mindstorms/nxtOSEK/ecrobot/libecrobot.a(sound.oram) (__modsi3)
[...]
Memory Configuration

Name             Origin             Length             Attributes
vector_ram       0x0000000000200000 0x0000000000000040
ram              0x0000000000200040 0x000000000000ffc0
*default*        0x0000000000000000 0xffffffffffffffff

Linker script and memory map

LOAD build/kernel/alarm.o
LOAD build/kernel/event.o
LOAD build/kernel/interrupt.o
LOAD build/kernel/osctl.o
LOAD build/kernel/resource.o
LOAD build/kernel/task.o
LOAD build/kernel/task_manage.o
LOAD build/config/at91sam7s-gnu/cpu_config.o
LOAD build/config/at91sam7s-gnu/lego_nxt/sys_config.o
LOAD build/./kernel_cfg.o
LOAD build/syscalls.o
LOAD build/ecrobot_bluetooth.o
LOAD build/ecrobot_base.o
LOAD build/ecrobot.o
LOAD build/helloworld.o
LOAD build/syslib/at91sam7s-gnu/lego_nxt/hw_sys_timer.oram
LOAD build/nxtvm/platform/nxt/vectors.o
LOAD build/config/at91sam7s-gnu/debug.o
LOAD build/config/at91sam7s-gnu/lego_nxt/sys_support.o
LOAD build/nxt_binary_header.o
LOAD build/nxt_entry_point.o
LOAD build/ecrobot_init.o
LOAD build/config/at91sam7s-gnu/cpu_support.oram
LOAD build/config/at91sam7s-gnu/irq.oram
LOAD /usr/local/mindstorms/nxtOSEK/c++/liblejososek.a
LOAD /usr/local/mindstorms/nxtOSEK/ecrobot/libecrobot.a
LOAD /usr/local/mindstorms/arm-tools/gnuarm/bin/../lib/gcc/arm-elf/4.4.2/../../../../arm-elf/lib/thumb/interwork/libstdc++.a
LOAD /usr/local/mindstorms/arm-tools/gnuarm/bin/../lib/gcc/arm-elf/4.4.2/../../../../arm-elf/lib/thumb/interwork/libm.a
START GROUP
LOAD /usr/local/mindstorms/arm-tools/gnuarm/bin/../lib/gcc/arm-elf/4.4.2/thumb/interwork/libgcc.a
LOAD /usr/local/mindstorms/arm-tools/gnuarm/bin/../lib/gcc/arm-elf/4.4.2/../../../../arm-elf/lib/thumb/interwork/libc.a
END GROUP
                0x0000000000200000                RAM_BASE = 0x200000
                0x0000000000010000                RAM_SIZE = 0x10000

.samba_reserved
                0x0000000000200040     0x1fc0
                0x0000000000202000                . = 0x1fc0
 *fill*         0x0000000000200040     0x1fc0 00
                0x0000000000200040                __samba_ram_start__ = ADDR (.samba_reserved)
                0x0000000000202000                __samba_ram_end__ = (__samba_ram_start__ + SIZEOF (.samba_reserved))

.vectors        0x0000000000200000       0x40 load address 0x0000000000202000
 vectors.o(*.text *.text.*)
 .text          0x0000000000200000       0x38 build/nxtvm/platform/nxt/vectors.o
                0x0000000000200040                . = ALIGN (0x10)
 *fill*         0x0000000000200038        0x8 00
                0x0000000000200000                __vectors_ram_start__ = ADDR (.vectors)
                0x0000000000200040                __vectors_ram_end__ = (ADDR (.vectors) + SIZEOF (.vectors))
                0x0000000000202000                __vectors_load_start__ = LOADADDR (.vectors)
                0x0000000000202040                __vectors_load_end__ = (LOADADDR (.vectors) + SIZEOF (.vectors))

.init           0x0000000000202040      0x280
 *ecrobot_init.o(*.text *.text.*)
 .text          0x0000000000202040      0x280 build/ecrobot_init.o
                0x0000000000202040                start
                0x00000000002021ac                undef_handler
                0x00000000002021b0                swi_handler
                0x00000000002021b4                prefetch_abort_handler
                0x00000000002021b8                data_abort_handler
                0x00000000002021d4                reserved_handler
                0x00000000002022c0                . = ALIGN (0x10)

.ram_text       0x00000000002022c0     0x2fd0
                0x00000000002022c0                . = ALIGN (0x10)
 *.oram(*.text *.text.* *.glue*)
 .text.systick_isr_C1
                0x00000000002022c0       0x28 build/syslib/at91sam7s-gnu/lego_nxt/hw_sys_timer.oram
                0x00000000002022c0                systick_isr_C1
 *fill*         0x00000000002022e8        0x8 00
 .text          0x00000000002022f0      0x230 build/config/at91sam7s-gnu/cpu_support.oram
                0x00000000002022f0                dispatch
                0x0000000000202330                activate_r
                0x0000000000202360                exit_and_dispatch
                0x0000000000202370                start_dispatch
                0x000000000020242c                _interrupt
                0x000000000020249c                int_return
                0x00000000002024c8                disable_int
                0x00000000002024d0                enable_int
                0x00000000002024d8                nop
 .text          0x0000000000202520      0x2c0 build/config/at91sam7s-gnu/irq.oram
                0x0000000000202520                default_isr
                0x0000000000202520                default_fiq
                0x0000000000202520                spurious_isr
                0x0000000000202524                systick_isr_entry
                0x000000000020256c                systick_low_priority_entry
                0x00000000002025ac                udp_isr_entry
                0x00000000002025ec                spi_isr_entry
                0x000000000020262c                twi_isr_entry
                0x000000000020266c                sound_isr_entry
                0x00000000002026ac                uart_isr_entry_0
                0x00000000002026ec                uart_isr_entry_1
                0x000000000020272c                nxt_motor_isr_entry
                0x000000000020276c                i2c_timer_isr_entry
 .text.uart_process_isr
                0x00000000002027e0       0x88 /usr/local/mindstorms/nxtOSEK/ecrobot/libecrobot.a(uart.oram)
 .text.uart_isr_C_0
                0x0000000000202868        0xc /usr/local/mindstorms/nxtOSEK/ecrobot/libecrobot.a(uart.oram)
                0x0000000000202868                uart_isr_C_0
 .text.uart_isr_C_1
                0x0000000000202874        0xc /usr/local/mindstorms/nxtOSEK/ecrobot/libecrobot.a(uart.oram)
                0x0000000000202874                uart_isr_C_1
 .text.systick_low_priority_C
                0x0000000000202880       0x1c /usr/local/mindstorms/nxtOSEK/ecrobot/libecrobot.a(systick.oram)
                0x0000000000202880                systick_low_priority_C
 .text.systick_isr_C
                0x000000000020289c       0x24 /usr/local/mindstorms/nxtOSEK/ecrobot/libecrobot.a(systick.oram)
                0x000000000020289c                systick_isr_C
 .text.systick_get_ms
                0x00000000002028c0        0xc /usr/local/mindstorms/nxtOSEK/ecrobot/libecrobot.a(systick.oram)
                0x00000000002028c0                systick_get_ms
 .text.systick_wait_ms
                0x00000000002028cc       0x1c /usr/local/mindstorms/nxtOSEK/ecrobot/libecrobot.a(systick.oram)
                0x00000000002028cc                systick_wait_ms
 .text.systick_wait_ns
                0x00000000002028e8       0x1c /usr/local/mindstorms/nxtOSEK/ecrobot/libecrobot.a(systick.oram)
                0x00000000002028e8                systick_wait_ns
 .text.systick_init
                0x0000000000202904       0x58 /usr/local/mindstorms/nxtOSEK/ecrobot/libecrobot.a(systick.oram)
                0x0000000000202904                systick_init
 .text.systick_suspend
                0x000000000020295c        0xc /usr/local/mindstorms/nxtOSEK/ecrobot/libecrobot.a(systick.oram)
                0x000000000020295c                systick_suspend
 .text.systick_resume
                0x0000000000202968        0xc /usr/local/mindstorms/nxtOSEK/ecrobot/libecrobot.a(systick.oram)
                0x0000000000202968                systick_resume
 .text.byte_fifo_put
                0x0000000000202974       0x58 /usr/local/mindstorms/nxtOSEK/ecrobot/libecrobot.a(byte_fifo.oram)
                0x0000000000202974                byte_fifo_put
 .text.byte_fifo_get
                0x00000000002029cc       0x2c /usr/local/mindstorms/nxtOSEK/ecrobot/libecrobot.a(byte_fifo.oram)
                0x00000000002029cc                byte_fifo_get
 .text.aic_initialise
                0x00000000002029f8       0x5c /usr/local/mindstorms/nxtOSEK/ecrobot/libecrobot.a(aic.oram)
                0x00000000002029f8                aic_initialise
 .text.aic_set_vector
                0x0000000000202a54       0x30 /usr/local/mindstorms/nxtOSEK/ecrobot/libecrobot.a(aic.oram)
                0x0000000000202a54                aic_set_vector
 .text.aic_mask_on
                0x0000000000202a84       0x24 /usr/local/mindstorms/nxtOSEK/ecrobot/libecrobot.a(aic.oram)
                0x0000000000202a84                aic_mask_on
 .text.aic_mask_off
                0x0000000000202aa8       0x24 /usr/local/mindstorms/nxtOSEK/ecrobot/libecrobot.a(aic.oram)
                0x0000000000202aa8                aic_mask_off
 .text.aic_clear
                0x0000000000202acc       0x24 /usr/local/mindstorms/nxtOSEK/ecrobot/libecrobot.a(aic.oram)
                0x0000000000202acc                aic_clear
 .text.reset    0x0000000000202af0       0x4c /usr/local/mindstorms/nxtOSEK/ecrobot/libecrobot.a(udp.oram)
 .text.udp_send_null
                0x0000000000202b3c       0x2c /usr/local/mindstorms/nxtOSEK/ecrobot/libecrobot.a(udp.oram)
 .text.udp_send_stall
                0x0000000000202b68       0x2c /usr/local/mindstorms/nxtOSEK/ecrobot/libecrobot.a(udp.oram)
 .text.udp_send_control
                0x0000000000202b94       0x60 /usr/local/mindstorms/nxtOSEK/ecrobot/libecrobot.a(udp.oram)
 .text.udp_isr_C
                0x0000000000202bf4      0x7d0 /usr/local/mindstorms/nxtOSEK/ecrobot/libecrobot.a(udp.oram)
                0x0000000000202bf4                udp_isr_C
 .text.twi_status
                0x00000000002033c4       0x20 /usr/local/mindstorms/nxtOSEK/ecrobot/libecrobot.a(twi.oram)
                0x00000000002033c4                twi_status
 .text.twi_isr_C
                0x00000000002033e4       0xc4 /usr/local/mindstorms/nxtOSEK/ecrobot/libecrobot.a(twi.oram)
                0x00000000002033e4                twi_isr_C
 .text.twi_reset
                0x00000000002034a8       0xb4 /usr/local/mindstorms/nxtOSEK/ecrobot/libecrobot.a(twi.oram)
                0x00000000002034a8                twi_reset
 .text.twi_init
                0x000000000020355c       0x4c /usr/local/mindstorms/nxtOSEK/ecrobot/libecrobot.a(twi.oram)
                0x000000000020355c                twi_init
 .text.twi_start_read
                0x00000000002035a8       0x60 /usr/local/mindstorms/nxtOSEK/ecrobot/libecrobot.a(twi.oram)
                0x00000000002035a8                twi_start_read
 .text.twi_start_write
                0x0000000000203608       0x64 /usr/local/mindstorms/nxtOSEK/ecrobot/libecrobot.a(twi.oram)
                0x0000000000203608                twi_start_write
 .text.spi_set_mode
                0x000000000020366c       0x40 /usr/local/mindstorms/nxtOSEK/ecrobot/libecrobot.a(nxt_spi.oram)
 .text.spi_isr_C
                0x00000000002036ac       0x8c /usr/local/mindstorms/nxtOSEK/ecrobot/libecrobot.a(nxt_spi.oram)
                0x00000000002036ac                spi_isr_C
 .text.nxt_spi_init
                0x0000000000203738      0x12c /usr/local/mindstorms/nxtOSEK/ecrobot/libecrobot.a(nxt_spi.oram)
                0x0000000000203738                nxt_spi_init
 .text.nxt_spi_write
                0x0000000000203864       0x44 /usr/local/mindstorms/nxtOSEK/ecrobot/libecrobot.a(nxt_spi.oram)
                0x0000000000203864                nxt_spi_write
 .text.nxt_spi_set_display
                0x00000000002038a8       0x10 /usr/local/mindstorms/nxtOSEK/ecrobot/libecrobot.a(nxt_spi.oram)
                0x00000000002038a8                nxt_spi_set_display
 .text.nxt_spi_refresh
                0x00000000002038b8       0x24 /usr/local/mindstorms/nxtOSEK/ecrobot/libecrobot.a(nxt_spi.oram)
                0x00000000002038b8                nxt_spi_refresh
 .text.nxt_motor_set_count
                0x00000000002038dc       0x10 /usr/local/mindstorms/nxtOSEK/ecrobot/libecrobot.a(nxt_motors.oram)
                0x00000000002038dc                nxt_motor_set_count
 .text.nxt_motor_set_speed
                0x00000000002038ec       0x34 /usr/local/mindstorms/nxtOSEK/ecrobot/libecrobot.a(nxt_motors.oram)
                0x00000000002038ec                nxt_motor_set_speed
 .text.nxt_motor_1kHz_process
                0x0000000000203920       0x28 /usr/local/mindstorms/nxtOSEK/ecrobot/libecrobot.a(nxt_motors.oram)
                0x0000000000203920                nxt_motor_1kHz_process
 .text.nxt_motor_quad_decode
                0x0000000000203948       0x30 /usr/local/mindstorms/nxtOSEK/ecrobot/libecrobot.a(nxt_motors.oram)
                0x0000000000203948                nxt_motor_quad_decode
 .text.nxt_motor_isr_C
                0x0000000000203978       0x88 /usr/local/mindstorms/nxtOSEK/ecrobot/libecrobot.a(nxt_motors.oram)
                0x0000000000203978                nxt_motor_isr_C
 .text.nxt_motor_init
                0x0000000000203a00       0x68 /usr/local/mindstorms/nxtOSEK/ecrobot/libecrobot.a(nxt_motors.oram)
                0x0000000000203a00                nxt_motor_init
 .text.data_abort_C
                0x0000000000203a68       0x7c /usr/local/mindstorms/nxtOSEK/ecrobot/libecrobot.a(data_abort.oram)
                0x0000000000203a68                data_abort_C
 .text.display_update
                0x0000000000203ae4       0x14 /usr/local/mindstorms/nxtOSEK/ecrobot/libecrobot.a(display.oram)
                0x0000000000203ae4                display_update
 .text.display_force_update
                0x0000000000203af8        0xc /usr/local/mindstorms/nxtOSEK/ecrobot/libecrobot.a(display.oram)
                0x0000000000203af8                display_force_update
 .text.display_clear
                0x0000000000203b04       0x24 /usr/local/mindstorms/nxtOSEK/ecrobot/libecrobot.a(display.oram)
                0x0000000000203b04                display_clear
 .text.display_goto_xy
                0x0000000000203b28       0x14 /usr/local/mindstorms/nxtOSEK/ecrobot/libecrobot.a(display.oram)
                0x0000000000203b28                display_goto_xy
 .text.display_char
                0x0000000000203b3c       0x60 /usr/local/mindstorms/nxtOSEK/ecrobot/libecrobot.a(display.oram)
                0x0000000000203b3c                display_char
 .text.display_string
                0x0000000000203b9c       0x3c /usr/local/mindstorms/nxtOSEK/ecrobot/libecrobot.a(display.oram)
                0x0000000000203b9c                display_string
 .text.display_hex
                0x0000000000203bd8       0x50 /usr/local/mindstorms/nxtOSEK/ecrobot/libecrobot.a(display.oram)
                0x0000000000203bd8                display_hex
 .text.display_unsigned_worker
                0x0000000000203c28       0x70 /usr/local/mindstorms/nxtOSEK/ecrobot/libecrobot.a(display.oram)
 .text.display_unsigned
                0x0000000000203c98        0xc /usr/local/mindstorms/nxtOSEK/ecrobot/libecrobot.a(display.oram)
                0x0000000000203c98                display_unsigned
 .text.display_bitmap_copy
                0x0000000000203ca4       0x5c /usr/local/mindstorms/nxtOSEK/ecrobot/libecrobot.a(display.oram)
                0x0000000000203ca4                display_bitmap_copy
 .text.display_init
                0x0000000000203d00       0x50 /usr/local/mindstorms/nxtOSEK/ecrobot/libecrobot.a(display.oram)
                0x0000000000203d00                display_init
 .text.i2c_timer_isr_C
                0x0000000000203d50      0x314 /usr/local/mindstorms/nxtOSEK/ecrobot/libecrobot.a(i2c.oram)
                0x0000000000203d50                i2c_timer_isr_C
 .text.i2c_disable
                0x0000000000204064       0x20 /usr/local/mindstorms/nxtOSEK/ecrobot/libecrobot.a(i2c.oram)
                0x0000000000204064                i2c_disable
 .text.i2c_init
                0x0000000000204084       0xa4 /usr/local/mindstorms/nxtOSEK/ecrobot/libecrobot.a(i2c.oram)
                0x0000000000204084                i2c_init
 .text.sound_fill_sample_buffer
                0x0000000000204128       0xe4 /usr/local/mindstorms/nxtOSEK/ecrobot/libecrobot.a(sound.oram)
                0x0000000000204128                sound_fill_sample_buffer
 .text.sound_init
                0x000000000020420c       0xa0 /usr/local/mindstorms/nxtOSEK/ecrobot/libecrobot.a(sound.oram)
                0x000000000020420c                sound_init
 .text.sound_isr_C
                0x00000000002042ac      0x144 /usr/local/mindstorms/nxtOSEK/ecrobot/libecrobot.a(sound.oram)
                0x00000000002042ac                sound_isr_C
 .text.bt_init  0x00000000002043f0      0x1c0 /usr/local/mindstorms/nxtOSEK/ecrobot/libecrobot.a(bt.oram)
                0x00000000002043f0                bt_init
 .text.nxt_avr_power_down
                0x00000000002045b0       0x10 /usr/local/mindstorms/nxtOSEK/ecrobot/libecrobot.a(nxt_avr.oram)
                0x00000000002045b0                nxt_avr_power_down
 .text.nxt_avr_link_init
                0x00000000002045c0       0x20 /usr/local/mindstorms/nxtOSEK/ecrobot/libecrobot.a(nxt_avr.oram)
                0x00000000002045c0                nxt_avr_link_init
 .text.nxt_avr_init
                0x00000000002045e0       0x6c /usr/local/mindstorms/nxtOSEK/ecrobot/libecrobot.a(nxt_avr.oram)
                0x00000000002045e0                nxt_avr_init
 .text.nxt_avr_1kHz_update
                0x000000000020464c      0x1cc /usr/local/mindstorms/nxtOSEK/ecrobot/libecrobot.a(nxt_avr.oram)
                0x000000000020464c                nxt_avr_1kHz_update
 .text.buttons_get
                0x0000000000204818        0xc /usr/local/mindstorms/nxtOSEK/ecrobot/libecrobot.a(nxt_avr.oram)
                0x0000000000204818                buttons_get
 .text.battery_voltage
                0x0000000000204824       0x28 /usr/local/mindstorms/nxtOSEK/ecrobot/libecrobot.a(nxt_avr.oram)
                0x0000000000204824                battery_voltage
 .text.sensor_adc
                0x000000000020484c       0x20 /usr/local/mindstorms/nxtOSEK/ecrobot/libecrobot.a(nxt_avr.oram)
                0x000000000020484c                sensor_adc
 .text.nxt_avr_set_motor
                0x000000000020486c       0x34 /usr/local/mindstorms/nxtOSEK/ecrobot/libecrobot.a(nxt_avr.oram)
                0x000000000020486c                nxt_avr_set_motor
 .text.nxt_avr_set_input_power
                0x00000000002048a0       0x3c /usr/local/mindstorms/nxtOSEK/ecrobot/libecrobot.a(nxt_avr.oram)
                0x00000000002048a0                nxt_avr_set_input_power
 .text.unset_digi0
                0x00000000002048dc       0x44 /usr/local/mindstorms/nxtOSEK/ecrobot/libecrobot.a(sensors.oram)
                0x00000000002048dc                unset_digi0
 .text.unset_digi1
                0x0000000000204920       0x44 /usr/local/mindstorms/nxtOSEK/ecrobot/libecrobot.a(sensors.oram)
                0x0000000000204920                unset_digi1
 .text.init_sensors
                0x0000000000204964       0x4c /usr/local/mindstorms/nxtOSEK/ecrobot/libecrobot.a(sensors.oram)
                0x0000000000204964                init_sensors
 .text.set_digi0
                0x00000000002049b0       0x44 /usr/local/mindstorms/nxtOSEK/ecrobot/libecrobot.a(sensors.oram)
                0x00000000002049b0                set_digi0
 .text.nxt_lcd_command
                0x00000000002049f4       0x18 /usr/local/mindstorms/nxtOSEK/ecrobot/libecrobot.a(nxt_lcd.oram)
                0x00000000002049f4                nxt_lcd_command
 .text.nxt_lcd_set_col
                0x0000000000204a0c       0x24 /usr/local/mindstorms/nxtOSEK/ecrobot/libecrobot.a(nxt_lcd.oram)
                0x0000000000204a0c                nxt_lcd_set_col
 .text.nxt_lcd_set_multiplex_rate
                0x0000000000204a30       0x18 /usr/local/mindstorms/nxtOSEK/ecrobot/libecrobot.a(nxt_lcd.oram)
                0x0000000000204a30                nxt_lcd_set_multiplex_rate
 .text.nxt_lcd_set_page_address
                0x0000000000204a48       0x18 /usr/local/mindstorms/nxtOSEK/ecrobot/libecrobot.a(nxt_lcd.oram)
                0x0000000000204a48                nxt_lcd_set_page_address
 .text.nxt_lcd_set_pot
                0x0000000000204a60       0x1c /usr/local/mindstorms/nxtOSEK/ecrobot/libecrobot.a(nxt_lcd.oram)
                0x0000000000204a60                nxt_lcd_set_pot
 .text.nxt_lcd_set_ram_address_control
                0x0000000000204a7c       0x18 /usr/local/mindstorms/nxtOSEK/ecrobot/libecrobot.a(nxt_lcd.oram)
                0x0000000000204a7c                nxt_lcd_set_ram_address_control
 .text.nxt_lcd_enable
                0x0000000000204a94       0x14 /usr/local/mindstorms/nxtOSEK/ecrobot/libecrobot.a(nxt_lcd.oram)
                0x0000000000204a94                nxt_lcd_enable
 .text.nxt_lcd_set_map_control
                0x0000000000204aa8       0x18 /usr/local/mindstorms/nxtOSEK/ecrobot/libecrobot.a(nxt_lcd.oram)
                0x0000000000204aa8                nxt_lcd_set_map_control
 .text.nxt_lcd_reset
                0x0000000000204ac0        0xc /usr/local/mindstorms/nxtOSEK/ecrobot/libecrobot.a(nxt_lcd.oram)
                0x0000000000204ac0                nxt_lcd_reset
 .text.nxt_lcd_set_bias_ratio
                0x0000000000204acc       0x18 /usr/local/mindstorms/nxtOSEK/ecrobot/libecrobot.a(nxt_lcd.oram)
                0x0000000000204acc                nxt_lcd_set_bias_ratio
 .text.nxt_lcd_force_update
                0x0000000000204ae4       0x30 /usr/local/mindstorms/nxtOSEK/ecrobot/libecrobot.a(nxt_lcd.oram)
                0x0000000000204ae4                nxt_lcd_force_update
 .text.nxt_lcd_update
                0x0000000000204b14        0xc /usr/local/mindstorms/nxtOSEK/ecrobot/libecrobot.a(nxt_lcd.oram)
                0x0000000000204b14                nxt_lcd_update
 .text.nxt_lcd_power_up
                0x0000000000204b20       0x48 /usr/local/mindstorms/nxtOSEK/ecrobot/libecrobot.a(nxt_lcd.oram)
                0x0000000000204b20                nxt_lcd_power_up
 .text.nxt_lcd_power_down
                0x0000000000204b68        0xc /usr/local/mindstorms/nxtOSEK/ecrobot/libecrobot.a(nxt_lcd.oram)
                0x0000000000204b68                nxt_lcd_power_down
 .text.nxt_lcd_init
                0x0000000000204b74       0x18 /usr/local/mindstorms/nxtOSEK/ecrobot/libecrobot.a(nxt_lcd.oram)
                0x0000000000204b74                nxt_lcd_init
 .text.verify_flash_page
                0x0000000000204b8c       0x34 /usr/local/mindstorms/nxtOSEK/ecrobot/libecrobot.a(flash_loader.oram)
 .text.set_flash_request
                0x0000000000204bc0       0x38 /usr/local/mindstorms/nxtOSEK/ecrobot/libecrobot.a(flash_loader.oram)
                0x0000000000204bc0                set_flash_request
 .text.nxt_device_init
                0x0000000000204bf8       0x38 /usr/local/mindstorms/nxtOSEK/ecrobot/libecrobot.a(flash_loader.oram)
                0x0000000000204bf8                nxt_device_init
 .text          0x0000000000204c30       0x68 /usr/local/mindstorms/nxtOSEK/ecrobot/libecrobot.a(interrupts.oram)
                0x0000000000204c30                interrupts_get_and_disable
                0x0000000000204c54                interrupts_enable
                0x0000000000204c64                fiq_get_and_disable
                0x0000000000204c88                fiq_enable
 .text.flash_write_page
                0x0000000000204c98       0xc0 /usr/local/mindstorms/nxtOSEK/ecrobot/libecrobot.a(flashprog.oram)
                0x0000000000204c98                flash_write_page
                0x0000000000204d60                . = ALIGN (0x10)
 *fill*         0x0000000000204d58        0x8 00
 *.oram(*.rodata *.rodata.*)
 .rodata.ld     0x0000000000204d60        0x4 /usr/local/mindstorms/nxtOSEK/ecrobot/libecrobot.a(udp.oram)
 .rodata.cfd    0x0000000000204d64       0x20 /usr/local/mindstorms/nxtOSEK/ecrobot/libecrobot.a(udp.oram)
 .rodata.dd     0x0000000000204d84       0x12 /usr/local/mindstorms/nxtOSEK/ecrobot/libecrobot.a(udp.oram)
 *fill*         0x0000000000204d96        0x2 00
 .rodata.str1.4
                0x0000000000204d98       0x22 /usr/local/mindstorms/nxtOSEK/ecrobot/libecrobot.a(data_abort.oram)
                                         0x24 (size before relaxing)
 .rodata.font   0x0000000000204dba      0x280 /usr/local/mindstorms/nxtOSEK/ecrobot/libecrobot.a(display.oram)
 *fill*         0x000000000020503a        0x2 00
 .rodata.str1.4
                0x000000000020503c       0x76 /usr/local/mindstorms/nxtOSEK/ecrobot/libecrobot.a(display.oram)
                                         0x78 (size before relaxing)
 *fill*         0x00000000002050b2        0x2 00
 .rodata.i2c_pin
                0x00000000002050b4       0x20 /usr/local/mindstorms/nxtOSEK/ecrobot/libecrobot.a(i2c.oram)
 .rodata.i2c_timer_isr_C
                0x00000000002050d4       0x38 /usr/local/mindstorms/nxtOSEK/ecrobot/libecrobot.a(i2c.oram)
 .rodata.silence
                0x000000000020510c       0x40 /usr/local/mindstorms/nxtOSEK/ecrobot/libecrobot.a(sound.oram)
                0x000000000020510c                silence
 .rodata.sample_pattern
                0x000000000020514c       0x84 /usr/local/mindstorms/nxtOSEK/ecrobot/libecrobot.a(sound.oram)
                0x000000000020514c                sample_pattern
 .rodata        0x00000000002051d0        0xc /usr/local/mindstorms/nxtOSEK/ecrobot/libecrobot.a(sound.oram)
 .rodata.avr_brainwash_string
                0x00000000002051dc       0x30 /usr/local/mindstorms/nxtOSEK/ecrobot/libecrobot.a(nxt_avr.oram)
                0x00000000002051dc                avr_brainwash_string
 .rodata.nxt_avr_1kHz_update
                0x000000000020520c       0x14 /usr/local/mindstorms/nxtOSEK/ecrobot/libecrobot.a(nxt_avr.oram)
 .rodata.C.33.1823
                0x0000000000205220       0x10 /usr/local/mindstorms/nxtOSEK/ecrobot/libecrobot.a(sensors.oram)
 .rodata.C.37.1857
                0x0000000000205230       0x10 /usr/local/mindstorms/nxtOSEK/ecrobot/libecrobot.a(sensors.oram)
 .rodata.C.31.1806
                0x0000000000205240       0x10 /usr/local/mindstorms/nxtOSEK/ecrobot/libecrobot.a(sensors.oram)
 .rodata.str1.4
                0x0000000000205250       0x24 /usr/local/mindstorms/nxtOSEK/ecrobot/libecrobot.a(flash_loader.oram)
 *fill*         0x0000000000205274        0x4 00
 .rodata.str1.4.stub
                0x0000000000205278       0x10 linker stubs
                0x0000000000205290                . = ALIGN (0x10)
 *fill*         0x0000000000205288        0x8 00
                0x00000000002022c0                __ramtext_ram_start__ = ADDR (.ram_text)
                0x0000000000205290                __ramtext_ram_end__ = (ADDR (.ram_text) + SIZEOF (.ram_text))
                0x00000000002022c0                __ramtext_load_start__ = LOADADDR (.ram_text)
                0x0000000000205290                __ramtext_load_end__ = (__ramtext_load_start__ + SIZEOF (.ram_text))

.wav_data       0x0000000000205290        0x0
 *.owav(*.data *.data.*)
                0x0000000000205290                . = ALIGN (0x10)

.bmp_data       0x0000000000205290      0x440
 *.obmp(*.data *.data.*)
 .data          0x0000000000205290      0x43e /usr/local/mindstorms/nxtOSEK/ecrobot/libecrobot.a(nxtosek_splash.obmp)
                0x0000000000205290                nxtosek_splash_bmp_start
                0x00000000002056ce                nxtosek_splash_bmp_end
                0x00000000002056d0                . = ALIGN (0x10)
 *fill*         0x00000000002056ce        0x2 00

.spr_data       0x00000000002056d0        0x0
 *.ospr(*.data *.data.*)
                0x00000000002056d0                . = ALIGN (0x10)

.data           0x00000000002056d0       0x60
 *(*.data *.data.*)
 .data.deviceStatus
                0x00000000002056d0        0x1 /usr/local/mindstorms/nxtOSEK/ecrobot/libecrobot.a(ecrobot_interface.o)
 .data.named    0x00000000002056d1       0x22 /usr/local/mindstorms/nxtOSEK/ecrobot/libecrobot.a(udp.oram)
 .data.snd      0x00000000002056f3       0x1a /usr/local/mindstorms/nxtOSEK/ecrobot/libecrobot.a(udp.oram)
 *fill*         0x000000000020570d        0x3 00
 .data.configured
                0x0000000000205710        0x4 /usr/local/mindstorms/nxtOSEK/ecrobot/libecrobot.a(udp.oram)
 .data.mode     0x0000000000205714        0x1 /usr/local/mindstorms/nxtOSEK/ecrobot/libecrobot.a(nxt_spi.oram)
                0x0000000000205714                mode
 *fill*         0x0000000000205715        0x3 00
 .bss.data      0x0000000000205718        0x4 /usr/local/mindstorms/nxtOSEK/ecrobot/libecrobot.a(nxt_spi.oram)
                0x0000000000205718                data
 .data.display_auto_update
                0x000000000020571c        0x4 /usr/local/mindstorms/nxtOSEK/ecrobot/libecrobot.a(display.oram)
                0x000000000020571c                display_auto_update
 .data.display_buffer
                0x0000000000205720        0x4 /usr/local/mindstorms/nxtOSEK/ecrobot/libecrobot.a(display.oram)
                0x0000000000205730                . = ALIGN (0x10)
 *fill*         0x0000000000205724        0xc 00
                0x00000000002056d0                __data_ram_start__ = ADDR (.data)
                0x0000000000205730                __data_ram_end__ = (ADDR (.data) + SIZEOF (.data))
                0x00000000002056d0                __data_load_start__ = LOADADDR (.data)
                0x0000000000205730                __data_load_end__ = (__data_load_start__ + SIZEOF (.data))

.text           0x0000000000205730      0xc30
                0x0000000000205730                . = ALIGN (0x10)
 *(*.text *.text.* *.glue*)
 .glue_7        0x0000000000205730       0x18 linker stubs
                0x0000000000205730                __call_posttaskhook_from_arm
                0x000000000020573c                __call_pretaskhook_from_arm
 .glue_7t       0x0000000000000000        0x0 linker stubs
 .text.StartOS  0x0000000000205748       0x58 build/kernel/osctl.o
                0x0000000000205748                StartOS
 .text.call_pretaskhook
                0x00000000002057a0       0x24 build/kernel/osctl.o
                0x00000000002057a0                call_pretaskhook
 .text.call_posttaskhook
                0x00000000002057c4       0x24 build/kernel/osctl.o
                0x00000000002057c4                call_posttaskhook
 .text.make_runnable
                0x00000000002057e8       0xa4 build/kernel/task.o
                0x00000000002057e8                make_runnable
 .text.make_active
                0x000000000020588c       0x78 build/kernel/task.o
                0x000000000020588c                make_active
 .text.task_initialize
                0x0000000000205904       0x88 build/kernel/task.o
                0x0000000000205904                task_initialize
 .text.cpu_initialize
                0x000000000020598c        0x4 build/config/at91sam7s-gnu/cpu_config.o
                0x000000000020598c                cpu_initialize
 .text.sys_initialize
                0x0000000000205990        0x4 build/config/at91sam7s-gnu/lego_nxt/sys_config.o
                0x0000000000205990                sys_initialize
 .text.object_initialize
                0x0000000000205994        0xc build/./kernel_cfg.o
                0x0000000000205994                object_initialize
 .text.init_OS_flag
                0x00000000002059a0        0xc build/ecrobot_base.o
                0x00000000002059a0                init_OS_flag
 .text.set_OS_flag
                0x00000000002059ac        0xc build/ecrobot_base.o
                0x00000000002059ac                set_OS_flag
 .text.get_OS_flag
                0x00000000002059b8        0xc build/ecrobot_base.o
                0x00000000002059b8                get_OS_flag
 .text.cpp_constructor
                0x00000000002059c4       0x28 build/ecrobot_base.o
                0x00000000002059c4                cpp_constructor
 .text.cpp_destructor
                0x00000000002059ec       0x28 build/ecrobot_base.o
                0x00000000002059ec                cpp_destructor
 .text.execution_mode
                0x0000000000205a14       0x14 build/ecrobot_base.o
                0x0000000000205a14                execution_mode
 .text.shutdown_NXT
                0x0000000000205a28       0x2c build/ecrobot_base.o
                0x0000000000205a28                shutdown_NXT
 .text.restart_NXT
                0x0000000000205a54       0x2c build/ecrobot_base.o
                0x0000000000205a54                restart_NXT
 .text.check_NXT_buttons
                0x0000000000205a80       0x38 build/ecrobot_base.o
                0x0000000000205a80                check_NXT_buttons
 .text.add_status_info
                0x0000000000205ab8       0x68 build/ecrobot_base.o
                0x0000000000205ab8                add_status_info
 .text.show_main_screen
                0x0000000000205b20       0x48 build/ecrobot_base.o
                0x0000000000205b20                show_main_screen
 .text.display_status_bar
                0x0000000000205b68       0x5c build/ecrobot_base.o
                0x0000000000205b68                display_status_bar
 .text.show_splash_screen
                0x0000000000205bc4       0x98 build/ecrobot_base.o
                0x0000000000205bc4                show_splash_screen
 .text.main     0x0000000000205c5c      0x108 build/ecrobot.o
                0x0000000000205c5c                main
 .text.user_1ms_isr_type2
                0x0000000000205d64        0x4 build/helloworld.o
                0x0000000000205d64                user_1ms_isr_type2
 .text.TaskMainOSEK_Task_Background
                0x0000000000205d68       0x70 build/helloworld.o
                0x0000000000205d68                TaskMainOSEK_Task_Background
 .text.ecrobot_device_initialize
                0x0000000000205dd8        0x4 /usr/local/mindstorms/nxtOSEK/ecrobot/libecrobot.a(ecrobot_device_hook.o)
                0x0000000000205dd8                ecrobot_device_initialize
 .text.ecrobot_device_terminate
                0x0000000000205ddc        0x4 /usr/local/mindstorms/nxtOSEK/ecrobot/libecrobot.a(ecrobot_device_hook.o)
                0x0000000000205ddc                ecrobot_device_terminate
 .text.ecrobot_set_light_sensor_active
                0x0000000000205de0       0x10 /usr/local/mindstorms/nxtOSEK/ecrobot/libecrobot.a(ecrobot_interface.o)
                0x0000000000205de0                ecrobot_set_light_sensor_active
 .text.ecrobot_get_light_sensor
                0x0000000000205df0       0x14 /usr/local/mindstorms/nxtOSEK/ecrobot/libecrobot.a(ecrobot_interface.o)
                0x0000000000205df0                ecrobot_get_light_sensor
 .text.ecrobot_get_battery_voltage
                0x0000000000205e04        0xc /usr/local/mindstorms/nxtOSEK/ecrobot/libecrobot.a(ecrobot_interface.o)
                0x0000000000205e04                ecrobot_get_battery_voltage
 .text.ecrobot_get_button_state
                0x0000000000205e10        0xc /usr/local/mindstorms/nxtOSEK/ecrobot/libecrobot.a(ecrobot_interface.o)
                0x0000000000205e10                ecrobot_get_button_state
 .text.ecrobot_init_nxtstate
                0x0000000000205e1c       0x28 /usr/local/mindstorms/nxtOSEK/ecrobot/libecrobot.a(ecrobot_interface.o)
                0x0000000000205e1c                ecrobot_init_nxtstate
 .text.ecrobot_poll_nxtstate
                0x0000000000205e44       0x64 /usr/local/mindstorms/nxtOSEK/ecrobot/libecrobot.a(ecrobot_interface.o)
                0x0000000000205e44                ecrobot_poll_nxtstate
 .text.ecrobot_setDeviceInitialized
                0x0000000000205ea8       0x18 /usr/local/mindstorms/nxtOSEK/ecrobot/libecrobot.a(ecrobot_interface.o)
                0x0000000000205ea8                ecrobot_setDeviceInitialized
 .text.ecrobot_initDeviceStatus
                0x0000000000205ec0        0xc /usr/local/mindstorms/nxtOSEK/ecrobot/libecrobot.a(ecrobot_interface.o)
                0x0000000000205ec0                ecrobot_initDeviceStatus
 .text.ecrobot_bmp2lcd
                0x0000000000205ecc      0x1c8 /usr/local/mindstorms/nxtOSEK/ecrobot/libecrobot.a(ecrobot_interface.o)
                0x0000000000205ecc                ecrobot_bmp2lcd
 .text.StartupHook
                0x0000000000206094        0x4 /usr/local/mindstorms/nxtOSEK/ecrobot/libecrobot.a(osek_hook.o)
                0x0000000000206094                StartupHook
 .text.PreTaskHook
                0x0000000000206098        0x4 /usr/local/mindstorms/nxtOSEK/ecrobot/libecrobot.a(osek_hook.o)
                0x0000000000206098                PreTaskHook
 .text.PostTaskHook
                0x000000000020609c        0x4 /usr/local/mindstorms/nxtOSEK/ecrobot/libecrobot.a(osek_hook.o)
                0x000000000020609c                PostTaskHook
 .text          0x00000000002060a0       0x8c /usr/local/mindstorms/arm-tools/gnuarm/bin/../lib/gcc/arm-elf/4.4.2/thumb/interwork/libgcc.a(_udivsi3.o)
                0x00000000002060a0                __udivsi3
                0x00000000002060a0                __aeabi_uidiv
                0x000000000020611c                __aeabi_uidivmod
 .text          0x000000000020612c       0xc8 /usr/local/mindstorms/arm-tools/gnuarm/bin/../lib/gcc/arm-elf/4.4.2/thumb/interwork/libgcc.a(_umodsi3.o)
                0x000000000020612c                __umodsi3
 .text          0x00000000002061f4        0x4 /usr/local/mindstorms/arm-tools/gnuarm/bin/../lib/gcc/arm-elf/4.4.2/thumb/interwork/libgcc.a(_dvmd_tls.o)
                0x00000000002061f4                __aeabi_ldiv0
                0x00000000002061f4                __div0
                0x00000000002061f4                __aeabi_idiv0
 .text          0x00000000002061f8       0x98 /usr/local/mindstorms/arm-tools/gnuarm/bin/../lib/gcc/arm-elf/4.4.2/../../../../arm-elf/lib/thumb/interwork/libc.a(lib_a-memset.o)
                0x00000000002061f8                memset
 .text          0x0000000000206290       0x10 /usr/local/mindstorms/arm-tools/gnuarm/bin/../lib/gcc/arm-elf/4.4.2/../../../../arm-elf/lib/thumb/interwork/libc.a(lib_a-strcpy.o)
                0x0000000000206290                strcpy
 .text          0x00000000002062a0       0x10 /usr/local/mindstorms/arm-tools/gnuarm/bin/../lib/gcc/arm-elf/4.4.2/../../../../arm-elf/lib/thumb/interwork/libc.a(lib_a-strlen.o)
                0x00000000002062a0                strlen
                0x00000000002062b0                . = ALIGN (0x10)
 *(*.rodata *.rodata.*)
 .rodata.tnum_task
                0x00000000002062b0        0x1 build/./kernel_cfg.o
                0x00000000002062b0                tnum_task
 *fill*         0x00000000002062b1        0x3 00
 .rodata.tinib_stksz
                0x00000000002062b4        0x4 build/./kernel_cfg.o
                0x00000000002062b4                tinib_stksz
 .rodata.tinib_inipri
                0x00000000002062b8        0x4 build/./kernel_cfg.o
                0x00000000002062b8                tinib_inipri
 .rodata.tinib_stk
                0x00000000002062bc        0x4 build/./kernel_cfg.o
                0x00000000002062bc                tinib_stk
 .rodata.tnum_exttask
                0x00000000002062c0        0x1 build/./kernel_cfg.o
                0x00000000002062c0                tnum_exttask
 *fill*         0x00000000002062c1        0x3 00
 .rodata.tinib_exepri
                0x00000000002062c4        0x4 build/./kernel_cfg.o
                0x00000000002062c4                tinib_exepri
 .rodata.tinib_autoact
                0x00000000002062c8        0x4 build/./kernel_cfg.o
                0x00000000002062c8                tinib_autoact
 .rodata.tinib_task
                0x00000000002062cc        0x4 build/./kernel_cfg.o
                0x00000000002062cc                tinib_task
 .rodata.str1.1
                0x00000000002062d0       0x6c build/ecrobot_base.o
 .rodata.exec_addr
                0x000000000020633c        0x4 build/ecrobot_base.o
                0x000000000020633c                exec_addr
 .rodata.exec_addr.stub
                0x0000000000206340       0x20 linker stubs
                0x0000000000206360                . = ALIGN (0x10)
 *(*.gnu.linkonce.* .gcc_except_table)
                0x0000000000206360                . = ALIGN (0x10)

.vfp11_veneer   0x0000000000205730        0x0
 .vfp11_veneer  0x0000000000000000        0x0 linker stubs

.v4_bx          0x0000000000205730        0x0
 .v4_bx         0x0000000000000000        0x0 linker stubs

.tors           0x0000000000206360        0x0
                0x0000000000206360                . = ALIGN (0x10)
                0x0000000000206360                __ctor_begin = .
 *(*.ctors*)
                0x0000000000206360                __ctor_end = .
                0x0000000000206360                . = ALIGN (0x10)
                0x0000000000206360                __dtor_begin = .
 *(*.dtors*)
                0x0000000000206360                __dtor_end = .
                0x0000000000206360                . = ALIGN (0x10)

.bss            0x0000000000206360     0x102c
 *(*.bss *.bss.*)
 .bss.ready_queue_first
                0x0000000000206360       0x10 build/kernel/task.o
 .bss.ready_primap
                0x0000000000206370        0x2 build/kernel/task.o
 *fill*         0x0000000000206372        0x2 00
 .bss.ready_queue_last
                0x0000000000206374       0x10 build/kernel/task.o
 .bss._stack_OSEK_Task_Background
                0x0000000000206384      0x200 build/./kernel_cfg.o
 .bss.status_bar_position
                0x0000000000206584        0x4 build/ecrobot_base.o
 .bss.last_act_time.2851
                0x0000000000206588        0x4 build/ecrobot_base.o
 .bss.status_bar
                0x000000000020658c       0x10 build/ecrobot_base.o
 .bss.lcd.2773  0x000000000020659c      0x320 build/ecrobot_base.o
 .bss.OS_flag   0x00000000002068bc        0x4 build/ecrobot_base.o
 .bss.buttons_i
                0x00000000002068c0        0x4 /usr/local/mindstorms/nxtOSEK/ecrobot/libecrobot.a(ecrobot_interface.o)
 .bss.buttons_states
                0x00000000002068c4       0x14 /usr/local/mindstorms/nxtOSEK/ecrobot/libecrobot.a(ecrobot_interface.o)
 .bss.ecrobot_inputs
                0x00000000002068d8        0x8 /usr/local/mindstorms/nxtOSEK/ecrobot/libecrobot.a(ecrobot_interface.o)
 .bss.systick_ms
                0x00000000002068e0        0x4 /usr/local/mindstorms/nxtOSEK/ecrobot/libecrobot.a(systick.oram)
 .bss.delayedEnable
                0x00000000002068e4        0x1 /usr/local/mindstorms/nxtOSEK/ecrobot/libecrobot.a(udp.oram)
 *fill*         0x00000000002068e5        0x3 00
 .bss.outCnt    0x00000000002068e8        0x4 /usr/local/mindstorms/nxtOSEK/ecrobot/libecrobot.a(udp.oram)
 .bss.outPtr    0x00000000002068ec        0x4 /usr/local/mindstorms/nxtOSEK/ecrobot/libecrobot.a(udp.oram)
 .bss.newAddress
                0x00000000002068f0        0x4 /usr/local/mindstorms/nxtOSEK/ecrobot/libecrobot.a(udp.oram)
 .bss.currentRxBank
                0x00000000002068f4        0x4 /usr/local/mindstorms/nxtOSEK/ecrobot/libecrobot.a(udp.oram)
 .bss.currentFeatures
                0x00000000002068f8        0x4 /usr/local/mindstorms/nxtOSEK/ecrobot/libecrobot.a(udp.oram)
 .bss.currentConfig
                0x00000000002068fc        0x1 /usr/local/mindstorms/nxtOSEK/ecrobot/libecrobot.a(udp.oram)
 *fill*         0x00000000002068fd        0x3 00
 .bss.twi_mask  0x0000000000206900        0x4 /usr/local/mindstorms/nxtOSEK/ecrobot/libecrobot.a(twi.oram)
 .bss.twi_ptr   0x0000000000206904        0x4 /usr/local/mindstorms/nxtOSEK/ecrobot/libecrobot.a(twi.oram)
 .bss.twi_pending
                0x0000000000206908        0x4 /usr/local/mindstorms/nxtOSEK/ecrobot/libecrobot.a(twi.oram)
 .bss.twi_state
                0x000000000020690c        0x4 /usr/local/mindstorms/nxtOSEK/ecrobot/libecrobot.a(twi.oram)
 .bss.page      0x0000000000206910        0x1 /usr/local/mindstorms/nxtOSEK/ecrobot/libecrobot.a(nxt_spi.oram)
                0x0000000000206910                page
 .bss.dirty     0x0000000000206911        0x1 /usr/local/mindstorms/nxtOSEK/ecrobot/libecrobot.a(nxt_spi.oram)
                0x0000000000206911                dirty
 *fill*         0x0000000000206912        0x2 00
 .bss.display   0x0000000000206914        0x4 /usr/local/mindstorms/nxtOSEK/ecrobot/libecrobot.a(nxt_spi.oram)
                0x0000000000206914                display
 .bss.interrupts_this_period
                0x0000000000206918        0x4 /usr/local/mindstorms/nxtOSEK/ecrobot/libecrobot.a(nxt_motors.oram)
 .bss.nxt_motor_initialised
                0x000000000020691c        0x4 /usr/local/mindstorms/nxtOSEK/ecrobot/libecrobot.a(nxt_motors.oram)
 .bss.motor     0x0000000000206920       0x30 /usr/local/mindstorms/nxtOSEK/ecrobot/libecrobot.a(nxt_motors.oram)
 .bss.display_tick
                0x0000000000206950        0x4 /usr/local/mindstorms/nxtOSEK/ecrobot/libecrobot.a(display.oram)
                0x0000000000206950                display_tick
 .bss.display_array
                0x0000000000206954      0x388 /usr/local/mindstorms/nxtOSEK/ecrobot/libecrobot.a(display.oram)
 .bss.i2c_int_count
                0x0000000000206cdc        0x4 /usr/local/mindstorms/nxtOSEK/ecrobot/libecrobot.a(i2c.oram)
 .bss.i2c_port  0x0000000000206ce0      0x170 /usr/local/mindstorms/nxtOSEK/ecrobot/libecrobot.a(i2c.oram)
 .bss.sound_mode
                0x0000000000206e50        0x1 /usr/local/mindstorms/nxtOSEK/ecrobot/libecrobot.a(sound.oram)
                0x0000000000206e50                sound_mode
 *fill*         0x0000000000206e51        0x3 00
 .bss.in_buf_idx
                0x0000000000206e54        0x4 /usr/local/mindstorms/nxtOSEK/ecrobot/libecrobot.a(bt.oram)
 .bss.buf_ptr   0x0000000000206e58        0x4 /usr/local/mindstorms/nxtOSEK/ecrobot/libecrobot.a(bt.oram)
 .bss.out_buf_ptr
                0x0000000000206e5c        0x1 /usr/local/mindstorms/nxtOSEK/ecrobot/libecrobot.a(bt.oram)
 .bss.in_buf_in_ptr
                0x0000000000206e5d        0x1 /usr/local/mindstorms/nxtOSEK/ecrobot/libecrobot.a(bt.oram)
 .bss.in_buf    0x0000000000206e5e      0x100 /usr/local/mindstorms/nxtOSEK/ecrobot/libecrobot.a(bt.oram)
 *fill*         0x0000000000206f5e        0x2 00
 .bss.link_state
                0x0000000000206f60        0x4 /usr/local/mindstorms/nxtOSEK/ecrobot/libecrobot.a(nxt_avr.oram)
 .bss.update_count
                0x0000000000206f64        0x4 /usr/local/mindstorms/nxtOSEK/ecrobot/libecrobot.a(nxt_avr.oram)
 .bss.nxt_avr_stats
                0x0000000000206f68       0x14 /usr/local/mindstorms/nxtOSEK/ecrobot/libecrobot.a(nxt_avr.oram)
 .bss.debounce_cnt
                0x0000000000206f7c        0x2 /usr/local/mindstorms/nxtOSEK/ecrobot/libecrobot.a(nxt_avr.oram)
 .bss.debounce_state
                0x0000000000206f7e        0x2 /usr/local/mindstorms/nxtOSEK/ecrobot/libecrobot.a(nxt_avr.oram)
 .bss.button_state
                0x0000000000206f80        0x2 /usr/local/mindstorms/nxtOSEK/ecrobot/libecrobot.a(nxt_avr.oram)
 .bss.prev_buttons
                0x0000000000206f82        0x2 /usr/local/mindstorms/nxtOSEK/ecrobot/libecrobot.a(nxt_avr.oram)
 .bss.from_buf  0x0000000000206f84        0x4 /usr/local/mindstorms/nxtOSEK/ecrobot/libecrobot.a(nxt_avr.oram)
 .bss.io_from_avr
                0x0000000000206f88        0x4 /usr/local/mindstorms/nxtOSEK/ecrobot/libecrobot.a(nxt_avr.oram)
 .bss.data_from_avr
                0x0000000000206f8c       0x1a /usr/local/mindstorms/nxtOSEK/ecrobot/libecrobot.a(nxt_avr.oram)
 .bss.data_to_avr
                0x0000000000206fa6        0x9 /usr/local/mindstorms/nxtOSEK/ecrobot/libecrobot.a(nxt_avr.oram)
 .bss.io_to_avr
                0x0000000000206faf        0x8 /usr/local/mindstorms/nxtOSEK/ecrobot/libecrobot.a(nxt_avr.oram)
 *fill*         0x0000000000206fb7        0x1 00
 .bss.display   0x0000000000206fb8        0x4 /usr/local/mindstorms/nxtOSEK/ecrobot/libecrobot.a(nxt_lcd.oram)
                0x0000000000206fc0                . = ALIGN (0x10)
 *fill*         0x0000000000206fbc        0x4 00
                0x0000000000206fc0                __bss_end__ = .
 COMMON         0x0000000000206fc0        0x2 build/kernel/interrupt.o
                0x0000000000206fc0                runisr
                0x0000000000206fc1                sus_all_cnt
 *fill*         0x0000000000206fc2        0x2 00
 COMMON         0x0000000000206fc4       0x10 build/kernel/osctl.o
                0x0000000000206fc4                callevel
                0x0000000000206fc5                _errorhook_svcid
                0x0000000000206fc6                appmode
                0x0000000000206fc8                _errorhook_par1
                0x0000000000206fcc                _errorhook_par3
                0x0000000000206fd0                _errorhook_par2
 COMMON         0x0000000000206fd4        0x3 build/kernel/task.o
                0x0000000000206fd4                runtsk
                0x0000000000206fd5                schedtsk
                0x0000000000206fd6                nextpri
 *fill*         0x0000000000206fd7        0x1 00
 COMMON         0x0000000000206fd8       0x48 build/./kernel_cfg.o
                0x0000000000206fd8                tcb_waievt
                0x0000000000206fdc                rescb_prevpri
                0x0000000000206fe0                almcb_prev
                0x0000000000206fe4                tcb_lastres
                0x0000000000206fe8                almcb_almval
                0x0000000000206fec                tcxb_pc
                0x0000000000206ff0                tcb_next
                0x0000000000206ff4                tcb_curpri
                0x0000000000206ff8                tcb_tstat
                0x0000000000206ffc                isrcb_lastres
                0x0000000000207000                cntcb_almque
                0x0000000000207004                rescb_prevres
                0x0000000000207008                tcb_actcnt
                0x000000000020700c                tcb_curevt
                0x0000000000207010                almcb_cycle
                0x0000000000207014                tcxb_sp
                0x0000000000207018                almcb_next
                0x000000000020701c                cntcb_curval
 COMMON         0x0000000000207020       0x44 /usr/local/mindstorms/nxtOSEK/ecrobot/libecrobot.a(uart.oram)
                0x0000000000207020                uart
 COMMON         0x0000000000207064        0x4 /usr/local/mindstorms/nxtOSEK/ecrobot/libecrobot.a(data_abort.oram)
                0x0000000000207064                data_abort_pc
 COMMON         0x0000000000207068        0x8 /usr/local/mindstorms/nxtOSEK/ecrobot/libecrobot.a(display.oram)
                0x0000000000207068                display_x
                0x000000000020706c                display_y
 COMMON         0x0000000000207070      0x31c /usr/local/mindstorms/nxtOSEK/ecrobot/libecrobot.a(sound.oram)
                0x0000000000207070                sample
                0x0000000000206360                __bss_start__ = ADDR (.bss)
                0x000000000020738c                __bss_end__ = (ADDR (.bss) + SIZEOF (.bss))
                0x000000000020738c                PROVIDE (end, .)

.heap_area      0x000000000020738c     0x87ec
                0x000000000020fb78                . = (. + (0x20fb78 - end))
 *fill*         0x000000000020738c     0x87ec 00

.stack          0x000000000020fb78      0x488
                0x000000000020fbf8                . = (. + 0x80)
 *fill*         0x000000000020fb78       0x80 00
                0x000000000020fc00                . = ALIGN (0x10)
 *fill*         0x000000000020fbf8        0x8 00
                0x000000000020fc00                __irq_stack__ = .
                0x000000000020fc00                __system_stack_bottom__ = .
                0x0000000000210000                . = (. + 0x400)
 *fill*         0x000000000020fc00      0x400 00
                0x0000000000210000                . = ALIGN (0x10)
                0x0000000000210000                __system_stack__ = .
                0x0000000000210000                __system_stack_top__ = .
                0x000000000020fb78                __stack_start__ = ADDR (.stack)
                0x0000000000210000                __stack_end__ = (ADDR (.stack) + SIZEOF (.stack))
OUTPUT(helloworld_OSEK_ram.elf elf32-littlearm)

.comment        0x0000000000000000      0x1c1
 .comment       0x0000000000000000       0x11 build/kernel/alarm.o
                                         0x12 (size before relaxing)
 .comment       0x0000000000000000       0x12 build/kernel/event.o
 .comment       0x0000000000000000       0x12 build/kernel/interrupt.o
 .comment       0x0000000000000000       0x12 build/kernel/osctl.o
 .comment       0x0000000000000000       0x12 build/kernel/resource.o
 .comment       0x0000000000000000       0x12 build/kernel/task.o
 .comment       0x0000000000000000       0x12 build/kernel/task_manage.o
 .comment       0x0000000000000000       0x12 build/config/at91sam7s-gnu/cpu_config.o
 .comment       0x0000000000000000       0x12 build/config/at91sam7s-gnu/lego_nxt/sys_config.o
 .comment       0x0000000000000000       0x12 build/./kernel_cfg.o
 .comment       0x0000000000000000       0x12 build/syscalls.o
 .comment       0x0000000000000000       0x12 build/ecrobot_bluetooth.o
 .comment       0x0000000000000000       0x12 build/ecrobot_base.o
 .comment       0x0000000000000000       0x12 build/ecrobot.o
 .comment       0x0000000000000000       0x12 build/helloworld.o
 .comment       0x0000000000000000       0x12 build/syslib/at91sam7s-gnu/lego_nxt/hw_sys_timer.oram
 .comment       0x0000000000000011       0x12 /usr/local/mindstorms/nxtOSEK/ecrobot/libecrobot.a(ecrobot_device_hook.o)
 .comment       0x0000000000000023       0x12 /usr/local/mindstorms/nxtOSEK/ecrobot/libecrobot.a(ecrobot_interface.o)
 .comment       0x0000000000000035       0x12 /usr/local/mindstorms/nxtOSEK/ecrobot/libecrobot.a(colorsensor.o)
 .comment       0x0000000000000047       0x12 /usr/local/mindstorms/nxtOSEK/ecrobot/libecrobot.a(osek_hook.o)
 .comment       0x0000000000000059       0x12 /usr/local/mindstorms/nxtOSEK/ecrobot/libecrobot.a(uart.oram)
 .comment       0x000000000000006b       0x12 /usr/local/mindstorms/nxtOSEK/ecrobot/libecrobot.a(systick.oram)
 .comment       0x000000000000007d       0x12 /usr/local/mindstorms/nxtOSEK/ecrobot/libecrobot.a(byte_fifo.oram)
 .comment       0x000000000000008f       0x12 /usr/local/mindstorms/nxtOSEK/ecrobot/libecrobot.a(aic.oram)
 .comment       0x00000000000000a1       0x12 /usr/local/mindstorms/nxtOSEK/ecrobot/libecrobot.a(udp.oram)
 .comment       0x00000000000000b3       0x12 /usr/local/mindstorms/nxtOSEK/ecrobot/libecrobot.a(twi.oram)
 .comment       0x00000000000000c5       0x12 /usr/local/mindstorms/nxtOSEK/ecrobot/libecrobot.a(nxt_spi.oram)
 .comment       0x00000000000000d7       0x12 /usr/local/mindstorms/nxtOSEK/ecrobot/libecrobot.a(nxt_motors.oram)
 .comment       0x00000000000000e9       0x12 /usr/local/mindstorms/nxtOSEK/ecrobot/libecrobot.a(data_abort.oram)
 .comment       0x00000000000000fb       0x12 /usr/local/mindstorms/nxtOSEK/ecrobot/libecrobot.a(display.oram)
 .comment       0x000000000000010d       0x12 /usr/local/mindstorms/nxtOSEK/ecrobot/libecrobot.a(i2c.oram)
 .comment       0x000000000000011f       0x12 /usr/local/mindstorms/nxtOSEK/ecrobot/libecrobot.a(sound.oram)
 .comment       0x0000000000000131       0x12 /usr/local/mindstorms/nxtOSEK/ecrobot/libecrobot.a(bt.oram)
 .comment       0x0000000000000143       0x12 /usr/local/mindstorms/nxtOSEK/ecrobot/libecrobot.a(nxt_avr.oram)
 .comment       0x0000000000000155       0x12 /usr/local/mindstorms/nxtOSEK/ecrobot/libecrobot.a(sensors.oram)
 .comment       0x0000000000000167       0x12 /usr/local/mindstorms/nxtOSEK/ecrobot/libecrobot.a(sensors1.oram)
 .comment       0x0000000000000179       0x12 /usr/local/mindstorms/nxtOSEK/ecrobot/libecrobot.a(nxt_lcd.oram)
 .comment       0x000000000000018b       0x12 /usr/local/mindstorms/nxtOSEK/ecrobot/libecrobot.a(flash_loader.oram)
 .comment       0x000000000000019d       0x12 /usr/local/mindstorms/nxtOSEK/ecrobot/libecrobot.a(ecrobot_usb.o)
 .comment       0x00000000000001af       0x12 /usr/local/mindstorms/nxtOSEK/ecrobot/libecrobot.a(flashprog.oram)
 .comment       0x0000000000000000       0x12 /usr/local/mindstorms/arm-tools/gnuarm/bin/../lib/gcc/arm-elf/4.4.2/thumb/interwork/libgcc.a(_muldi3.o)
 .comment       0x0000000000000000       0x12 /usr/local/mindstorms/arm-tools/gnuarm/bin/../lib/gcc/arm-elf/4.4.2/thumb/interwork/libgcc.a(_divdi3.o)
 .comment       0x0000000000000000       0x12 /usr/local/mindstorms/arm-tools/gnuarm/bin/../lib/gcc/arm-elf/4.4.2/../../../../arm-elf/lib/thumb/interwork/libc.a(lib_a-memcpy.o)
 .comment       0x0000000000000000       0x12 /usr/local/mindstorms/arm-tools/gnuarm/bin/../lib/gcc/arm-elf/4.4.2/../../../../arm-elf/lib/thumb/interwork/libc.a(lib_a-memset.o)
 .comment       0x0000000000000000       0x12 /usr/local/mindstorms/arm-tools/gnuarm/bin/../lib/gcc/arm-elf/4.4.2/../../../../arm-elf/lib/thumb/interwork/libc.a(lib_a-strcmp.o)
 .comment       0x0000000000000000       0x12 /usr/local/mindstorms/arm-tools/gnuarm/bin/../lib/gcc/arm-elf/4.4.2/../../../../arm-elf/lib/thumb/interwork/libc.a(lib_a-strcpy.o)
 .comment       0x0000000000000000       0x12 /usr/local/mindstorms/arm-tools/gnuarm/bin/../lib/gcc/arm-elf/4.4.2/../../../../arm-elf/lib/thumb/interwork/libc.a(lib_a-strlen.o)
 .comment       0x0000000000000000       0x12 /usr/local/mindstorms/arm-tools/gnuarm/bin/../lib/gcc/arm-elf/4.4.2/../../../../arm-elf/lib/thumb/interwork/libc.a(lib_a-strncpy.o)

.ARM.attributes
                0x0000000000000000       0x10
 .ARM.attributes
                0x0000000000000000       0x10 build/kernel/alarm.o
 .ARM.attributes
                0x0000000000000010       0x10 build/kernel/event.o
 .ARM.attributes
                0x0000000000000020       0x10 build/kernel/interrupt.o
 .ARM.attributes
                0x0000000000000030       0x10 build/kernel/osctl.o
 .ARM.attributes
                0x0000000000000040       0x10 build/kernel/resource.o
 .ARM.attributes
                0x0000000000000050       0x10 build/kernel/task.o
 .ARM.attributes
                0x0000000000000060       0x10 build/kernel/task_manage.o
 .ARM.attributes
                0x0000000000000070       0x10 build/config/at91sam7s-gnu/cpu_config.o
 .ARM.attributes
                0x0000000000000080       0x10 build/config/at91sam7s-gnu/lego_nxt/sys_config.o
 .ARM.attributes
                0x0000000000000090       0x10 build/./kernel_cfg.o
 .ARM.attributes
                0x00000000000000a0       0x10 build/syscalls.o
 .ARM.attributes
                0x00000000000000b0       0x10 build/ecrobot_bluetooth.o
 .ARM.attributes
                0x00000000000000c0       0x10 build/ecrobot_base.o
 .ARM.attributes
                0x00000000000000d0       0x10 build/ecrobot.o
 .ARM.attributes
                0x00000000000000e0       0x10 build/helloworld.o
 .ARM.attributes
                0x00000000000000f0       0x10 build/syslib/at91sam7s-gnu/lego_nxt/hw_sys_timer.oram
 .ARM.attributes
                0x0000000000000100       0x10 build/nxtvm/platform/nxt/vectors.o
 .ARM.attributes
                0x0000000000000110       0x10 build/config/at91sam7s-gnu/debug.o
 .ARM.attributes
                0x0000000000000120       0x10 build/config/at91sam7s-gnu/lego_nxt/sys_support.o
 .ARM.attributes
                0x0000000000000130       0x10 build/nxt_binary_header.o
 .ARM.attributes
                0x0000000000000140       0x10 build/nxt_entry_point.o
 .ARM.attributes
                0x0000000000000150       0x10 build/ecrobot_init.o
 .ARM.attributes
                0x0000000000000160       0x10 build/config/at91sam7s-gnu/cpu_support.oram
 .ARM.attributes
                0x0000000000000170       0x10 build/config/at91sam7s-gnu/irq.oram
 .ARM.attributes
                0x0000000000000180       0x10 /usr/local/mindstorms/arm-tools/gnuarm/bin/../lib/gcc/arm-elf/4.4.2/thumb/interwork/libgcc.a(_udivsi3.o)
 .ARM.attributes
                0x0000000000000190       0x10 /usr/local/mindstorms/arm-tools/gnuarm/bin/../lib/gcc/arm-elf/4.4.2/thumb/interwork/libgcc.a(_divsi3.o)
 .ARM.attributes
                0x00000000000001a0       0x10 /usr/local/mindstorms/arm-tools/gnuarm/bin/../lib/gcc/arm-elf/4.4.2/thumb/interwork/libgcc.a(_umodsi3.o)
 .ARM.attributes
                0x00000000000001b0       0x10 /usr/local/mindstorms/arm-tools/gnuarm/bin/../lib/gcc/arm-elf/4.4.2/thumb/interwork/libgcc.a(_modsi3.o)
 .ARM.attributes
                0x00000000000001c0       0x10 /usr/local/mindstorms/arm-tools/gnuarm/bin/../lib/gcc/arm-elf/4.4.2/thumb/interwork/libgcc.a(_dvmd_tls.o)
 .ARM.attributes
                0x00000000000001d0       0x10 /usr/local/mindstorms/arm-tools/gnuarm/bin/../lib/gcc/arm-elf/4.4.2/thumb/interwork/libgcc.a(_arm_addsubdf3.o)
 .ARM.attributes
                0x00000000000001e0       0x10 /usr/local/mindstorms/arm-tools/gnuarm/bin/../lib/gcc/arm-elf/4.4.2/thumb/interwork/libgcc.a(_arm_muldivdf3.o)
 .ARM.attributes
                0x00000000000001f0       0x10 /usr/local/mindstorms/arm-tools/gnuarm/bin/../lib/gcc/arm-elf/4.4.2/thumb/interwork/libgcc.a(_arm_cmpdf2.o)
 .ARM.attributes
                0x0000000000000200       0x10 /usr/local/mindstorms/arm-tools/gnuarm/bin/../lib/gcc/arm-elf/4.4.2/thumb/interwork/libgcc.a(_muldi3.o)
 .ARM.attributes
                0x0000000000000210       0x10 /usr/local/mindstorms/arm-tools/gnuarm/bin/../lib/gcc/arm-elf/4.4.2/thumb/interwork/libgcc.a(_divdi3.o)
 .ARM.attributes
                0x0000000000000220       0x10 /usr/local/mindstorms/arm-tools/gnuarm/bin/../lib/gcc/arm-elf/4.4.2/thumb/interwork/libgcc.a(_clzsi2.o)
 .ARM.attributes
                0x0000000000000230       0x10 /usr/local/mindstorms/arm-tools/gnuarm/bin/../lib/gcc/arm-elf/4.4.2/../../../../arm-elf/lib/thumb/interwork/libc.a(lib_a-memcpy.o)
 .ARM.attributes
                0x0000000000000240       0x10 /usr/local/mindstorms/arm-tools/gnuarm/bin/../lib/gcc/arm-elf/4.4.2/../../../../arm-elf/lib/thumb/interwork/libc.a(lib_a-memset.o)
 .ARM.attributes
                0x0000000000000250       0x10 /usr/local/mindstorms/arm-tools/gnuarm/bin/../lib/gcc/arm-elf/4.4.2/../../../../arm-elf/lib/thumb/interwork/libc.a(lib_a-strcmp.o)
 .ARM.attributes
                0x0000000000000260       0x10 /usr/local/mindstorms/arm-tools/gnuarm/bin/../lib/gcc/arm-elf/4.4.2/../../../../arm-elf/lib/thumb/interwork/libc.a(lib_a-strcpy.o)
 .ARM.attributes
                0x0000000000000270       0x10 /usr/local/mindstorms/arm-tools/gnuarm/bin/../lib/gcc/arm-elf/4.4.2/../../../../arm-elf/lib/thumb/interwork/libc.a(lib_a-strlen.o)
 .ARM.attributes
                0x0000000000000280       0x10 /usr/local/mindstorms/arm-tools/gnuarm/bin/../lib/gcc/arm-elf/4.4.2/../../../../arm-elf/lib/thumb/interwork/libc.a(lib_a-strncpy.o)
 .ARM.attributes
                0x0000000000000290       0x10 build/nxtvm/platform/nxt/vectors.o

.debug_frame    0x0000000000000000       0xa0
 .debug_frame   0x0000000000000000       0x28 /usr/local/mindstorms/arm-tools/gnuarm/bin/../lib/gcc/arm-elf/4.4.2/thumb/interwork/libgcc.a(_udivsi3.o)
 .debug_frame   0x0000000000000028       0x28 /usr/local/mindstorms/arm-tools/gnuarm/bin/../lib/gcc/arm-elf/4.4.2/thumb/interwork/libgcc.a(_divsi3.o)
 .debug_frame   0x0000000000000050       0x28 /usr/local/mindstorms/arm-tools/gnuarm/bin/../lib/gcc/arm-elf/4.4.2/thumb/interwork/libgcc.a(_umodsi3.o)
 .debug_frame   0x0000000000000078       0x28 /usr/local/mindstorms/arm-tools/gnuarm/bin/../lib/gcc/arm-elf/4.4.2/thumb/interwork/libgcc.a(_modsi3.o)

.debug_line     0x0000000000000000      0xfc7
 .debug_line    0x0000000000000000       0x9a /usr/local/mindstorms/arm-tools/gnuarm/bin/../lib/gcc/arm-elf/4.4.2/thumb/interwork/libgcc.a(_udivsi3.o)
 .debug_line    0x000000000000009a       0xa6 /usr/local/mindstorms/arm-tools/gnuarm/bin/../lib/gcc/arm-elf/4.4.2/thumb/interwork/libgcc.a(_divsi3.o)
 .debug_line    0x0000000000000140       0x92 /usr/local/mindstorms/arm-tools/gnuarm/bin/../lib/gcc/arm-elf/4.4.2/thumb/interwork/libgcc.a(_umodsi3.o)
 .debug_line    0x00000000000001d2       0x9b /usr/local/mindstorms/arm-tools/gnuarm/bin/../lib/gcc/arm-elf/4.4.2/thumb/interwork/libgcc.a(_modsi3.o)
 .debug_line    0x000000000000026d       0x84 /usr/local/mindstorms/arm-tools/gnuarm/bin/../lib/gcc/arm-elf/4.4.2/thumb/interwork/libgcc.a(_dvmd_tls.o)
 .debug_line    0x00000000000002f1      0x18c /usr/local/mindstorms/arm-tools/gnuarm/bin/../lib/gcc/arm-elf/4.4.2/thumb/interwork/libgcc.a(_arm_addsubdf3.o)
 .debug_line    0x000000000000047d      0x1a1 /usr/local/mindstorms/arm-tools/gnuarm/bin/../lib/gcc/arm-elf/4.4.2/thumb/interwork/libgcc.a(_arm_muldivdf3.o)
 .debug_line    0x000000000000061e       0xce /usr/local/mindstorms/arm-tools/gnuarm/bin/../lib/gcc/arm-elf/4.4.2/thumb/interwork/libgcc.a(_arm_cmpdf2.o)
 .debug_line    0x00000000000006ec       0x8f /usr/local/mindstorms/arm-tools/gnuarm/bin/../lib/gcc/arm-elf/4.4.2/thumb/interwork/libgcc.a(_muldi3.o)
 .debug_line    0x000000000000077b       0xf0 /usr/local/mindstorms/arm-tools/gnuarm/bin/../lib/gcc/arm-elf/4.4.2/thumb/interwork/libgcc.a(_divdi3.o)
 .debug_line    0x000000000000086b       0x91 /usr/local/mindstorms/arm-tools/gnuarm/bin/../lib/gcc/arm-elf/4.4.2/thumb/interwork/libgcc.a(_clzsi2.o)
 .debug_line    0x00000000000008fc      0x165 /usr/local/mindstorms/arm-tools/gnuarm/bin/../lib/gcc/arm-elf/4.4.2/../../../../arm-elf/lib/thumb/interwork/libc.a(lib_a-memcpy.o)
 .debug_line    0x0000000000000a61      0x160 /usr/local/mindstorms/arm-tools/gnuarm/bin/../lib/gcc/arm-elf/4.4.2/../../../../arm-elf/lib/thumb/interwork/libc.a(lib_a-memset.o)
 .debug_line    0x0000000000000bc1       0xd3 /usr/local/mindstorms/arm-tools/gnuarm/bin/../lib/gcc/arm-elf/4.4.2/../../../../arm-elf/lib/thumb/interwork/libc.a(lib_a-strcmp.o)
 .debug_line    0x0000000000000c94       0xd3 /usr/local/mindstorms/arm-tools/gnuarm/bin/../lib/gcc/arm-elf/4.4.2/../../../../arm-elf/lib/thumb/interwork/libc.a(lib_a-strcpy.o)
 .debug_line    0x0000000000000d67      0x126 /usr/local/mindstorms/arm-tools/gnuarm/bin/../lib/gcc/arm-elf/4.4.2/../../../../arm-elf/lib/thumb/interwork/libc.a(lib_a-strlen.o)
 .debug_line    0x0000000000000e8d      0x13a /usr/local/mindstorms/arm-tools/gnuarm/bin/../lib/gcc/arm-elf/4.4.2/../../../../arm-elf/lib/thumb/interwork/libc.a(lib_a-strncpy.o)

.debug_info     0x0000000000000000     0x1532
 .debug_info    0x0000000000000000       0xca /usr/local/mindstorms/arm-tools/gnuarm/bin/../lib/gcc/arm-elf/4.4.2/thumb/interwork/libgcc.a(_udivsi3.o)
 .debug_info    0x00000000000000ca       0xca /usr/local/mindstorms/arm-tools/gnuarm/bin/../lib/gcc/arm-elf/4.4.2/thumb/interwork/libgcc.a(_divsi3.o)
 .debug_info    0x0000000000000194       0xca /usr/local/mindstorms/arm-tools/gnuarm/bin/../lib/gcc/arm-elf/4.4.2/thumb/interwork/libgcc.a(_umodsi3.o)
 .debug_info    0x000000000000025e       0xca /usr/local/mindstorms/arm-tools/gnuarm/bin/../lib/gcc/arm-elf/4.4.2/thumb/interwork/libgcc.a(_modsi3.o)
 .debug_info    0x0000000000000328       0xca /usr/local/mindstorms/arm-tools/gnuarm/bin/../lib/gcc/arm-elf/4.4.2/thumb/interwork/libgcc.a(_dvmd_tls.o)
 .debug_info    0x00000000000003f2       0xc9 /usr/local/mindstorms/arm-tools/gnuarm/bin/../lib/gcc/arm-elf/4.4.2/thumb/interwork/libgcc.a(_arm_addsubdf3.o)
 .debug_info    0x00000000000004bb       0xc9 /usr/local/mindstorms/arm-tools/gnuarm/bin/../lib/gcc/arm-elf/4.4.2/thumb/interwork/libgcc.a(_arm_muldivdf3.o)
 .debug_info    0x0000000000000584       0xc9 /usr/local/mindstorms/arm-tools/gnuarm/bin/../lib/gcc/arm-elf/4.4.2/thumb/interwork/libgcc.a(_arm_cmpdf2.o)
 .debug_info    0x000000000000064d      0x20e /usr/local/mindstorms/arm-tools/gnuarm/bin/../lib/gcc/arm-elf/4.4.2/thumb/interwork/libgcc.a(_muldi3.o)
 .debug_info    0x000000000000085b      0x669 /usr/local/mindstorms/arm-tools/gnuarm/bin/../lib/gcc/arm-elf/4.4.2/thumb/interwork/libgcc.a(_divdi3.o)
 .debug_info    0x0000000000000ec4       0xca /usr/local/mindstorms/arm-tools/gnuarm/bin/../lib/gcc/arm-elf/4.4.2/thumb/interwork/libgcc.a(_clzsi2.o)
 .debug_info    0x0000000000000f8e      0x13e /usr/local/mindstorms/arm-tools/gnuarm/bin/../lib/gcc/arm-elf/4.4.2/../../../../arm-elf/lib/thumb/interwork/libc.a(lib_a-memcpy.o)
 .debug_info    0x00000000000010cc      0x111 /usr/local/mindstorms/arm-tools/gnuarm/bin/../lib/gcc/arm-elf/4.4.2/../../../../arm-elf/lib/thumb/interwork/libc.a(lib_a-memset.o)
 .debug_info    0x00000000000011dd       0xaf /usr/local/mindstorms/arm-tools/gnuarm/bin/../lib/gcc/arm-elf/4.4.2/../../../../arm-elf/lib/thumb/interwork/libc.a(lib_a-strcmp.o)
 .debug_info    0x000000000000128c       0xb7 /usr/local/mindstorms/arm-tools/gnuarm/bin/../lib/gcc/arm-elf/4.4.2/../../../../arm-elf/lib/thumb/interwork/libc.a(lib_a-strcpy.o)
 .debug_info    0x0000000000001343       0xcb /usr/local/mindstorms/arm-tools/gnuarm/bin/../lib/gcc/arm-elf/4.4.2/../../../../arm-elf/lib/thumb/interwork/libc.a(lib_a-strlen.o)
 .debug_info    0x000000000000140e      0x124 /usr/local/mindstorms/arm-tools/gnuarm/bin/../lib/gcc/arm-elf/4.4.2/../../../../arm-elf/lib/thumb/interwork/libc.a(lib_a-strncpy.o)

.debug_abbrev   0x0000000000000000      0x674
 .debug_abbrev  0x0000000000000000       0x14 /usr/local/mindstorms/arm-tools/gnuarm/bin/../lib/gcc/arm-elf/4.4.2/thumb/interwork/libgcc.a(_udivsi3.o)
 .debug_abbrev  0x0000000000000014       0x14 /usr/local/mindstorms/arm-tools/gnuarm/bin/../lib/gcc/arm-elf/4.4.2/thumb/interwork/libgcc.a(_divsi3.o)
 .debug_abbrev  0x0000000000000028       0x14 /usr/local/mindstorms/arm-tools/gnuarm/bin/../lib/gcc/arm-elf/4.4.2/thumb/interwork/libgcc.a(_umodsi3.o)
 .debug_abbrev  0x000000000000003c       0x14 /usr/local/mindstorms/arm-tools/gnuarm/bin/../lib/gcc/arm-elf/4.4.2/thumb/interwork/libgcc.a(_modsi3.o)
 .debug_abbrev  0x0000000000000050       0x14 /usr/local/mindstorms/arm-tools/gnuarm/bin/../lib/gcc/arm-elf/4.4.2/thumb/interwork/libgcc.a(_dvmd_tls.o)
 .debug_abbrev  0x0000000000000064       0x14 /usr/local/mindstorms/arm-tools/gnuarm/bin/../lib/gcc/arm-elf/4.4.2/thumb/interwork/libgcc.a(_arm_addsubdf3.o)
 .debug_abbrev  0x0000000000000078       0x14 /usr/local/mindstorms/arm-tools/gnuarm/bin/../lib/gcc/arm-elf/4.4.2/thumb/interwork/libgcc.a(_arm_muldivdf3.o)
 .debug_abbrev  0x000000000000008c       0x14 /usr/local/mindstorms/arm-tools/gnuarm/bin/../lib/gcc/arm-elf/4.4.2/thumb/interwork/libgcc.a(_arm_cmpdf2.o)
 .debug_abbrev  0x00000000000000a0       0xf5 /usr/local/mindstorms/arm-tools/gnuarm/bin/../lib/gcc/arm-elf/4.4.2/thumb/interwork/libgcc.a(_muldi3.o)
 .debug_abbrev  0x0000000000000195      0x169 /usr/local/mindstorms/arm-tools/gnuarm/bin/../lib/gcc/arm-elf/4.4.2/thumb/interwork/libgcc.a(_divdi3.o)
 .debug_abbrev  0x00000000000002fe       0x14 /usr/local/mindstorms/arm-tools/gnuarm/bin/../lib/gcc/arm-elf/4.4.2/thumb/interwork/libgcc.a(_clzsi2.o)
 .debug_abbrev  0x0000000000000312       0xa0 /usr/local/mindstorms/arm-tools/gnuarm/bin/../lib/gcc/arm-elf/4.4.2/../../../../arm-elf/lib/thumb/interwork/libc.a(lib_a-memcpy.o)
 .debug_abbrev  0x00000000000003b2       0xa1 /usr/local/mindstorms/arm-tools/gnuarm/bin/../lib/gcc/arm-elf/4.4.2/../../../../arm-elf/lib/thumb/interwork/libc.a(lib_a-memset.o)
 .debug_abbrev  0x0000000000000453       0x76 /usr/local/mindstorms/arm-tools/gnuarm/bin/../lib/gcc/arm-elf/4.4.2/../../../../arm-elf/lib/thumb/interwork/libc.a(lib_a-strcmp.o)
 .debug_abbrev  0x00000000000004c9       0x76 /usr/local/mindstorms/arm-tools/gnuarm/bin/../lib/gcc/arm-elf/4.4.2/../../../../arm-elf/lib/thumb/interwork/libc.a(lib_a-strcpy.o)
 .debug_abbrev  0x000000000000053f       0x92 /usr/local/mindstorms/arm-tools/gnuarm/bin/../lib/gcc/arm-elf/4.4.2/../../../../arm-elf/lib/thumb/interwork/libc.a(lib_a-strlen.o)
 .debug_abbrev  0x00000000000005d1       0xa3 /usr/local/mindstorms/arm-tools/gnuarm/bin/../lib/gcc/arm-elf/4.4.2/../../../../arm-elf/lib/thumb/interwork/libc.a(lib_a-strncpy.o)

.debug_aranges  0x0000000000000000      0x220
 .debug_aranges
                0x0000000000000000       0x20 /usr/local/mindstorms/arm-tools/gnuarm/bin/../lib/gcc/arm-elf/4.4.2/thumb/interwork/libgcc.a(_udivsi3.o)
 .debug_aranges
                0x0000000000000020       0x20 /usr/local/mindstorms/arm-tools/gnuarm/bin/../lib/gcc/arm-elf/4.4.2/thumb/interwork/libgcc.a(_divsi3.o)
 .debug_aranges
                0x0000000000000040       0x20 /usr/local/mindstorms/arm-tools/gnuarm/bin/../lib/gcc/arm-elf/4.4.2/thumb/interwork/libgcc.a(_umodsi3.o)
 .debug_aranges
                0x0000000000000060       0x20 /usr/local/mindstorms/arm-tools/gnuarm/bin/../lib/gcc/arm-elf/4.4.2/thumb/interwork/libgcc.a(_modsi3.o)
 .debug_aranges
                0x0000000000000080       0x20 /usr/local/mindstorms/arm-tools/gnuarm/bin/../lib/gcc/arm-elf/4.4.2/thumb/interwork/libgcc.a(_dvmd_tls.o)
 .debug_aranges
                0x00000000000000a0       0x20 /usr/local/mindstorms/arm-tools/gnuarm/bin/../lib/gcc/arm-elf/4.4.2/thumb/interwork/libgcc.a(_arm_addsubdf3.o)
 .debug_aranges
                0x00000000000000c0       0x20 /usr/local/mindstorms/arm-tools/gnuarm/bin/../lib/gcc/arm-elf/4.4.2/thumb/interwork/libgcc.a(_arm_muldivdf3.o)
 .debug_aranges
                0x00000000000000e0       0x20 /usr/local/mindstorms/arm-tools/gnuarm/bin/../lib/gcc/arm-elf/4.4.2/thumb/interwork/libgcc.a(_arm_cmpdf2.o)
 .debug_aranges
                0x0000000000000100       0x20 /usr/local/mindstorms/arm-tools/gnuarm/bin/../lib/gcc/arm-elf/4.4.2/thumb/interwork/libgcc.a(_muldi3.o)
 .debug_aranges
                0x0000000000000120       0x20 /usr/local/mindstorms/arm-tools/gnuarm/bin/../lib/gcc/arm-elf/4.4.2/thumb/interwork/libgcc.a(_divdi3.o)
 .debug_aranges
                0x0000000000000140       0x20 /usr/local/mindstorms/arm-tools/gnuarm/bin/../lib/gcc/arm-elf/4.4.2/thumb/interwork/libgcc.a(_clzsi2.o)
 .debug_aranges
                0x0000000000000160       0x20 /usr/local/mindstorms/arm-tools/gnuarm/bin/../lib/gcc/arm-elf/4.4.2/../../../../arm-elf/lib/thumb/interwork/libc.a(lib_a-memcpy.o)
 .debug_aranges
                0x0000000000000180       0x20 /usr/local/mindstorms/arm-tools/gnuarm/bin/../lib/gcc/arm-elf/4.4.2/../../../../arm-elf/lib/thumb/interwork/libc.a(lib_a-memset.o)
 .debug_aranges
                0x00000000000001a0       0x20 /usr/local/mindstorms/arm-tools/gnuarm/bin/../lib/gcc/arm-elf/4.4.2/../../../../arm-elf/lib/thumb/interwork/libc.a(lib_a-strcmp.o)
 .debug_aranges
                0x00000000000001c0       0x20 /usr/local/mindstorms/arm-tools/gnuarm/bin/../lib/gcc/arm-elf/4.4.2/../../../../arm-elf/lib/thumb/interwork/libc.a(lib_a-strcpy.o)
 .debug_aranges
                0x00000000000001e0       0x20 /usr/local/mindstorms/arm-tools/gnuarm/bin/../lib/gcc/arm-elf/4.4.2/../../../../arm-elf/lib/thumb/interwork/libc.a(lib_a-strlen.o)
 .debug_aranges
                0x0000000000000200       0x20 /usr/local/mindstorms/arm-tools/gnuarm/bin/../lib/gcc/arm-elf/4.4.2/../../../../arm-elf/lib/thumb/interwork/libc.a(lib_a-strncpy.o)

.debug_loc      0x0000000000000000      0xcd8
 .debug_loc     0x0000000000000000      0x156 /usr/local/mindstorms/arm-tools/gnuarm/bin/../lib/gcc/arm-elf/4.4.2/thumb/interwork/libgcc.a(_muldi3.o)
 .debug_loc     0x0000000000000156      0x800 /usr/local/mindstorms/arm-tools/gnuarm/bin/../lib/gcc/arm-elf/4.4.2/thumb/interwork/libgcc.a(_divdi3.o)
 .debug_loc     0x0000000000000956      0x13b /usr/local/mindstorms/arm-tools/gnuarm/bin/../lib/gcc/arm-elf/4.4.2/../../../../arm-elf/lib/thumb/interwork/libc.a(lib_a-memcpy.o)
 .debug_loc     0x0000000000000a91       0xfc /usr/local/mindstorms/arm-tools/gnuarm/bin/../lib/gcc/arm-elf/4.4.2/../../../../arm-elf/lib/thumb/interwork/libc.a(lib_a-memset.o)
 .debug_loc     0x0000000000000b8d       0x13 /usr/local/mindstorms/arm-tools/gnuarm/bin/../lib/gcc/arm-elf/4.4.2/../../../../arm-elf/lib/thumb/interwork/libc.a(lib_a-strcmp.o)
 .debug_loc     0x0000000000000ba0       0x13 /usr/local/mindstorms/arm-tools/gnuarm/bin/../lib/gcc/arm-elf/4.4.2/../../../../arm-elf/lib/thumb/interwork/libc.a(lib_a-strcpy.o)
 .debug_loc     0x0000000000000bb3       0x26 /usr/local/mindstorms/arm-tools/gnuarm/bin/../lib/gcc/arm-elf/4.4.2/../../../../arm-elf/lib/thumb/interwork/libc.a(lib_a-strlen.o)
 .debug_loc     0x0000000000000bd9       0xff /usr/local/mindstorms/arm-tools/gnuarm/bin/../lib/gcc/arm-elf/4.4.2/../../../../arm-elf/lib/thumb/interwork/libc.a(lib_a-strncpy.o)

.debug_pubnames
                0x0000000000000000       0xed
 .debug_pubnames
                0x0000000000000000       0x1f /usr/local/mindstorms/arm-tools/gnuarm/bin/../lib/gcc/arm-elf/4.4.2/thumb/interwork/libgcc.a(_muldi3.o)
 .debug_pubnames
                0x000000000000001f       0x1f /usr/local/mindstorms/arm-tools/gnuarm/bin/../lib/gcc/arm-elf/4.4.2/thumb/interwork/libgcc.a(_divdi3.o)
 .debug_pubnames
                0x000000000000003e       0x1d /usr/local/mindstorms/arm-tools/gnuarm/bin/../lib/gcc/arm-elf/4.4.2/../../../../arm-elf/lib/thumb/interwork/libc.a(lib_a-memcpy.o)
 .debug_pubnames
                0x000000000000005b       0x1d /usr/local/mindstorms/arm-tools/gnuarm/bin/../lib/gcc/arm-elf/4.4.2/../../../../arm-elf/lib/thumb/interwork/libc.a(lib_a-memset.o)
 .debug_pubnames
                0x0000000000000078       0x1d /usr/local/mindstorms/arm-tools/gnuarm/bin/../lib/gcc/arm-elf/4.4.2/../../../../arm-elf/lib/thumb/interwork/libc.a(lib_a-strcmp.o)
 .debug_pubnames
                0x0000000000000095       0x1d /usr/local/mindstorms/arm-tools/gnuarm/bin/../lib/gcc/arm-elf/4.4.2/../../../../arm-elf/lib/thumb/interwork/libc.a(lib_a-strcpy.o)
 .debug_pubnames
                0x00000000000000b2       0x1d /usr/local/mindstorms/arm-tools/gnuarm/bin/../lib/gcc/arm-elf/4.4.2/../../../../arm-elf/lib/thumb/interwork/libc.a(lib_a-strlen.o)
 .debug_pubnames
                0x00000000000000cf       0x1e /usr/local/mindstorms/arm-tools/gnuarm/bin/../lib/gcc/arm-elf/4.4.2/../../../../arm-elf/lib/thumb/interwork/libc.a(lib_a-strncpy.o)

.debug_ranges   0x0000000000000000      0x120
 .debug_ranges  0x0000000000000000       0x40 /usr/local/mindstorms/arm-tools/gnuarm/bin/../lib/gcc/arm-elf/4.4.2/thumb/interwork/libgcc.a(_muldi3.o)
 .debug_ranges  0x0000000000000040       0xe0 /usr/local/mindstorms/arm-tools/gnuarm/bin/../lib/gcc/arm-elf/4.4.2/thumb/interwork/libgcc.a(_divdi3.o)

.debug_str      0x0000000000000000      0x3f0
 .debug_str     0x0000000000000000      0x15b /usr/local/mindstorms/arm-tools/gnuarm/bin/../lib/gcc/arm-elf/4.4.2/thumb/interwork/libgcc.a(_muldi3.o)
                                        0x1af (size before relaxing)
 .debug_str     0x000000000000015b       0x3c /usr/local/mindstorms/arm-tools/gnuarm/bin/../lib/gcc/arm-elf/4.4.2/thumb/interwork/libgcc.a(_divdi3.o)
                                        0x1e2 (size before relaxing)
 .debug_str     0x0000000000000197       0x82 /usr/local/mindstorms/arm-tools/gnuarm/bin/../lib/gcc/arm-elf/4.4.2/../../../../arm-elf/lib/thumb/interwork/libc.a(lib_a-memcpy.o)
                                        0x117 (size before relaxing)
 .debug_str     0x0000000000000219       0x68 /usr/local/mindstorms/arm-tools/gnuarm/bin/../lib/gcc/arm-elf/4.4.2/../../../../arm-elf/lib/thumb/interwork/libc.a(lib_a-memset.o)
                                        0x104 (size before relaxing)
 .debug_str     0x0000000000000281       0x59 /usr/local/mindstorms/arm-tools/gnuarm/bin/../lib/gcc/arm-elf/4.4.2/../../../../arm-elf/lib/thumb/interwork/libc.a(lib_a-strcmp.o)
                                         0xee (size before relaxing)
 .debug_str     0x00000000000002da       0x59 /usr/local/mindstorms/arm-tools/gnuarm/bin/../lib/gcc/arm-elf/4.4.2/../../../../arm-elf/lib/thumb/interwork/libc.a(lib_a-strcpy.o)
                                         0xee (size before relaxing)
 .debug_str     0x0000000000000333       0x61 /usr/local/mindstorms/arm-tools/gnuarm/bin/../lib/gcc/arm-elf/4.4.2/../../../../arm-elf/lib/thumb/interwork/libc.a(lib_a-strlen.o)
                                         0xfd (size before relaxing)
 .debug_str     0x0000000000000394       0x5c /usr/local/mindstorms/arm-tools/gnuarm/bin/../lib/gcc/arm-elf/4.4.2/../../../../arm-elf/lib/thumb/interwork/libc.a(lib_a-strncpy.o)
                                        0x11a (size before relaxing)

Cross Reference Table

Symbol                                            File
ActivateTask                                      build/kernel/task_manage.o
CancelAlarm                                       build/kernel/alarm.o
ChainTask                                         build/kernel/task_manage.o
ClearEvent                                        build/kernel/event.o
DisableAllInterrupts                              build/kernel/interrupt.o
EnableAllInterrupts                               build/kernel/interrupt.o
ErrorHook                                         /usr/local/mindstorms/nxtOSEK/ecrobot/libecrobot.a(osek_hook.o)
                                                  build/kernel/osctl.o
GetActiveApplicationMode                          build/kernel/osctl.o
GetAlarm                                          build/kernel/alarm.o
GetAlarmBase                                      build/kernel/alarm.o
GetEvent                                          build/kernel/event.o
GetResource                                       build/kernel/resource.o
GetTaskID                                         build/kernel/task_manage.o
GetTaskState                                      build/kernel/task_manage.o
NXT_COLORSENSOR_PROTOCOLS                         /usr/local/mindstorms/nxtOSEK/ecrobot/libecrobot.a(ecrobot_interface.o)
NXT_Entry_Point                                   build/nxt_entry_point.o
                                                  build/nxt_binary_header.o
OSEK_Task_Background                              build/./kernel_cfg.o
PostTaskHook                                      /usr/local/mindstorms/nxtOSEK/ecrobot/libecrobot.a(osek_hook.o)
                                                  build/config/at91sam7s-gnu/cpu_support.oram
                                                  build/kernel/osctl.o
PreTaskHook                                       /usr/local/mindstorms/nxtOSEK/ecrobot/libecrobot.a(osek_hook.o)
                                                  build/config/at91sam7s-gnu/cpu_support.oram
                                                  build/kernel/osctl.o
ReleaseResource                                   build/kernel/resource.o
ResumeAllInterrupts                               build/kernel/interrupt.o
ResumeOSInterrupts                                build/kernel/interrupt.o
Schedule                                          build/kernel/task_manage.o
SetAbsAlarm                                       build/kernel/alarm.o
SetEvent                                          build/kernel/event.o
SetRelAlarm                                       build/kernel/alarm.o
ShutdownHook                                      /usr/local/mindstorms/nxtOSEK/ecrobot/libecrobot.a(osek_hook.o)
                                                  build/kernel/osctl.o
ShutdownOS                                        build/kernel/osctl.o
SignalCounter                                     build/kernel/alarm.o
StartOS                                           build/kernel/osctl.o
                                                  build/ecrobot.o
StartupHook                                       /usr/local/mindstorms/nxtOSEK/ecrobot/libecrobot.a(osek_hook.o)
                                                  build/kernel/osctl.o
SuspendAllInterrupts                              build/kernel/interrupt.o
SuspendOSInterrupts                               build/kernel/interrupt.o
TaskMainOSEK_Task_Background                      build/helloworld.o
                                                  build/./kernel_cfg.o
TerminateTask                                     build/kernel/task_manage.o
WaitEvent                                         build/kernel/event.o
__adddf3                                          /usr/local/mindstorms/arm-tools/gnuarm/bin/../lib/gcc/arm-elf/4.4.2/thumb/interwork/libgcc.a(_arm_addsubdf3.o)
__aeabi_cdcmpeq                                   /usr/local/mindstorms/arm-tools/gnuarm/bin/../lib/gcc/arm-elf/4.4.2/thumb/interwork/libgcc.a(_arm_cmpdf2.o)
__aeabi_cdcmple                                   /usr/local/mindstorms/arm-tools/gnuarm/bin/../lib/gcc/arm-elf/4.4.2/thumb/interwork/libgcc.a(_arm_cmpdf2.o)
__aeabi_cdrcmple                                  /usr/local/mindstorms/arm-tools/gnuarm/bin/../lib/gcc/arm-elf/4.4.2/thumb/interwork/libgcc.a(_arm_cmpdf2.o)
__aeabi_dadd                                      /usr/local/mindstorms/arm-tools/gnuarm/bin/../lib/gcc/arm-elf/4.4.2/thumb/interwork/libgcc.a(_arm_addsubdf3.o)
__aeabi_dcmpeq                                    /usr/local/mindstorms/arm-tools/gnuarm/bin/../lib/gcc/arm-elf/4.4.2/thumb/interwork/libgcc.a(_arm_cmpdf2.o)
__aeabi_dcmpge                                    /usr/local/mindstorms/arm-tools/gnuarm/bin/../lib/gcc/arm-elf/4.4.2/thumb/interwork/libgcc.a(_arm_cmpdf2.o)
__aeabi_dcmpgt                                    /usr/local/mindstorms/arm-tools/gnuarm/bin/../lib/gcc/arm-elf/4.4.2/thumb/interwork/libgcc.a(_arm_cmpdf2.o)
__aeabi_dcmple                                    /usr/local/mindstorms/arm-tools/gnuarm/bin/../lib/gcc/arm-elf/4.4.2/thumb/interwork/libgcc.a(_arm_cmpdf2.o)
__aeabi_dcmplt                                    /usr/local/mindstorms/arm-tools/gnuarm/bin/../lib/gcc/arm-elf/4.4.2/thumb/interwork/libgcc.a(_arm_cmpdf2.o)
__aeabi_ddiv                                      /usr/local/mindstorms/arm-tools/gnuarm/bin/../lib/gcc/arm-elf/4.4.2/thumb/interwork/libgcc.a(_arm_muldivdf3.o)
__aeabi_dmul                                      /usr/local/mindstorms/arm-tools/gnuarm/bin/../lib/gcc/arm-elf/4.4.2/thumb/interwork/libgcc.a(_arm_muldivdf3.o)
__aeabi_drsub                                     /usr/local/mindstorms/arm-tools/gnuarm/bin/../lib/gcc/arm-elf/4.4.2/thumb/interwork/libgcc.a(_arm_addsubdf3.o)
__aeabi_dsub                                      /usr/local/mindstorms/arm-tools/gnuarm/bin/../lib/gcc/arm-elf/4.4.2/thumb/interwork/libgcc.a(_arm_addsubdf3.o)
__aeabi_f2d                                       /usr/local/mindstorms/arm-tools/gnuarm/bin/../lib/gcc/arm-elf/4.4.2/thumb/interwork/libgcc.a(_arm_addsubdf3.o)
__aeabi_i2d                                       /usr/local/mindstorms/arm-tools/gnuarm/bin/../lib/gcc/arm-elf/4.4.2/thumb/interwork/libgcc.a(_arm_addsubdf3.o)
__aeabi_idiv                                      /usr/local/mindstorms/arm-tools/gnuarm/bin/../lib/gcc/arm-elf/4.4.2/thumb/interwork/libgcc.a(_divsi3.o)
__aeabi_idiv0                                     /usr/local/mindstorms/arm-tools/gnuarm/bin/../lib/gcc/arm-elf/4.4.2/thumb/interwork/libgcc.a(_dvmd_tls.o)
__aeabi_idivmod                                   /usr/local/mindstorms/arm-tools/gnuarm/bin/../lib/gcc/arm-elf/4.4.2/thumb/interwork/libgcc.a(_divsi3.o)
__aeabi_l2d                                       /usr/local/mindstorms/arm-tools/gnuarm/bin/../lib/gcc/arm-elf/4.4.2/thumb/interwork/libgcc.a(_arm_addsubdf3.o)
__aeabi_ldiv0                                     /usr/local/mindstorms/arm-tools/gnuarm/bin/../lib/gcc/arm-elf/4.4.2/thumb/interwork/libgcc.a(_dvmd_tls.o)
__aeabi_ui2d                                      /usr/local/mindstorms/arm-tools/gnuarm/bin/../lib/gcc/arm-elf/4.4.2/thumb/interwork/libgcc.a(_arm_addsubdf3.o)
__aeabi_uidiv                                     /usr/local/mindstorms/arm-tools/gnuarm/bin/../lib/gcc/arm-elf/4.4.2/thumb/interwork/libgcc.a(_udivsi3.o)
__aeabi_uidivmod                                  /usr/local/mindstorms/arm-tools/gnuarm/bin/../lib/gcc/arm-elf/4.4.2/thumb/interwork/libgcc.a(_udivsi3.o)
__aeabi_ul2d                                      /usr/local/mindstorms/arm-tools/gnuarm/bin/../lib/gcc/arm-elf/4.4.2/thumb/interwork/libgcc.a(_arm_addsubdf3.o)
__bss_end__                                       build/ecrobot_init.o
__bss_start__                                     build/ecrobot_init.o
__call_posttaskhook_from_arm                      linker stubs
__call_pretaskhook_from_arm                       linker stubs
__clzsi2                                          /usr/local/mindstorms/arm-tools/gnuarm/bin/../lib/gcc/arm-elf/4.4.2/thumb/interwork/libgcc.a(_clzsi2.o)
                                                  /usr/local/mindstorms/arm-tools/gnuarm/bin/../lib/gcc/arm-elf/4.4.2/thumb/interwork/libgcc.a(_divdi3.o)
__cmpdf2                                          /usr/local/mindstorms/arm-tools/gnuarm/bin/../lib/gcc/arm-elf/4.4.2/thumb/interwork/libgcc.a(_arm_cmpdf2.o)
__ctor_begin                                      build/ecrobot_base.o
__ctor_end                                        build/ecrobot_base.o
__data_load_end__                                 build/ecrobot_init.o
__data_load_start__                               build/ecrobot_init.o
__data_ram_start__                                build/ecrobot_init.o
__div0                                            /usr/local/mindstorms/arm-tools/gnuarm/bin/../lib/gcc/arm-elf/4.4.2/thumb/interwork/libgcc.a(_dvmd_tls.o)
                                                  /usr/local/mindstorms/arm-tools/gnuarm/bin/../lib/gcc/arm-elf/4.4.2/thumb/interwork/libgcc.a(_modsi3.o)
                                                  /usr/local/mindstorms/arm-tools/gnuarm/bin/../lib/gcc/arm-elf/4.4.2/thumb/interwork/libgcc.a(_umodsi3.o)
                                                  /usr/local/mindstorms/arm-tools/gnuarm/bin/../lib/gcc/arm-elf/4.4.2/thumb/interwork/libgcc.a(_divsi3.o)
                                                  /usr/local/mindstorms/arm-tools/gnuarm/bin/../lib/gcc/arm-elf/4.4.2/thumb/interwork/libgcc.a(_udivsi3.o)
__divdf3                                          /usr/local/mindstorms/arm-tools/gnuarm/bin/../lib/gcc/arm-elf/4.4.2/thumb/interwork/libgcc.a(_arm_muldivdf3.o)
__divdi3                                          /usr/local/mindstorms/arm-tools/gnuarm/bin/../lib/gcc/arm-elf/4.4.2/thumb/interwork/libgcc.a(_divdi3.o)
                                                  /usr/local/mindstorms/nxtOSEK/ecrobot/libecrobot.a(sound.oram)
__divsi3                                          /usr/local/mindstorms/arm-tools/gnuarm/bin/../lib/gcc/arm-elf/4.4.2/thumb/interwork/libgcc.a(_divsi3.o)
                                                  /usr/local/mindstorms/nxtOSEK/ecrobot/libecrobot.a(sound.oram)
                                                  /usr/local/mindstorms/nxtOSEK/ecrobot/libecrobot.a(uart.oram)
__dtor_begin                                      build/ecrobot_base.o
__dtor_end                                        build/ecrobot_base.o
__eqdf2                                           /usr/local/mindstorms/arm-tools/gnuarm/bin/../lib/gcc/arm-elf/4.4.2/thumb/interwork/libgcc.a(_arm_cmpdf2.o)
__extendsfdf2                                     /usr/local/mindstorms/arm-tools/gnuarm/bin/../lib/gcc/arm-elf/4.4.2/thumb/interwork/libgcc.a(_arm_addsubdf3.o)
__floatdidf                                       /usr/local/mindstorms/arm-tools/gnuarm/bin/../lib/gcc/arm-elf/4.4.2/thumb/interwork/libgcc.a(_arm_addsubdf3.o)
__floatsidf                                       /usr/local/mindstorms/arm-tools/gnuarm/bin/../lib/gcc/arm-elf/4.4.2/thumb/interwork/libgcc.a(_arm_addsubdf3.o)
                                                  /usr/local/mindstorms/nxtOSEK/ecrobot/libecrobot.a(colorsensor.o)
__floatundidf                                     /usr/local/mindstorms/arm-tools/gnuarm/bin/../lib/gcc/arm-elf/4.4.2/thumb/interwork/libgcc.a(_arm_addsubdf3.o)
__floatunsidf                                     /usr/local/mindstorms/arm-tools/gnuarm/bin/../lib/gcc/arm-elf/4.4.2/thumb/interwork/libgcc.a(_arm_addsubdf3.o)
__gedf2                                           /usr/local/mindstorms/arm-tools/gnuarm/bin/../lib/gcc/arm-elf/4.4.2/thumb/interwork/libgcc.a(_arm_cmpdf2.o)
__gtdf2                                           /usr/local/mindstorms/arm-tools/gnuarm/bin/../lib/gcc/arm-elf/4.4.2/thumb/interwork/libgcc.a(_arm_cmpdf2.o)
                                                  /usr/local/mindstorms/nxtOSEK/ecrobot/libecrobot.a(colorsensor.o)
__irq_stack__                                     build/ecrobot_init.o
__ledf2                                           /usr/local/mindstorms/arm-tools/gnuarm/bin/../lib/gcc/arm-elf/4.4.2/thumb/interwork/libgcc.a(_arm_cmpdf2.o)
__ltdf2                                           /usr/local/mindstorms/arm-tools/gnuarm/bin/../lib/gcc/arm-elf/4.4.2/thumb/interwork/libgcc.a(_arm_cmpdf2.o)
__modsi3                                          /usr/local/mindstorms/arm-tools/gnuarm/bin/../lib/gcc/arm-elf/4.4.2/thumb/interwork/libgcc.a(_modsi3.o)
                                                  /usr/local/mindstorms/nxtOSEK/ecrobot/libecrobot.a(flash_loader.oram)
                                                  /usr/local/mindstorms/nxtOSEK/ecrobot/libecrobot.a(sound.oram)
__muldf3                                          /usr/local/mindstorms/arm-tools/gnuarm/bin/../lib/gcc/arm-elf/4.4.2/thumb/interwork/libgcc.a(_arm_muldivdf3.o)
                                                  /usr/local/mindstorms/nxtOSEK/ecrobot/libecrobot.a(colorsensor.o)
__muldi3                                          /usr/local/mindstorms/arm-tools/gnuarm/bin/../lib/gcc/arm-elf/4.4.2/thumb/interwork/libgcc.a(_muldi3.o)
                                                  /usr/local/mindstorms/nxtOSEK/ecrobot/libecrobot.a(sound.oram)
__nedf2                                           /usr/local/mindstorms/arm-tools/gnuarm/bin/../lib/gcc/arm-elf/4.4.2/thumb/interwork/libgcc.a(_arm_cmpdf2.o)
__ramtext_load_end__                              build/ecrobot_init.o
__ramtext_load_start__                            build/ecrobot_init.o
__ramtext_ram_start__                             build/ecrobot_init.o
__stack_end__                                     build/ecrobot_init.o
__stack_start__                                   build/ecrobot_init.o
__subdf3                                          /usr/local/mindstorms/arm-tools/gnuarm/bin/../lib/gcc/arm-elf/4.4.2/thumb/interwork/libgcc.a(_arm_addsubdf3.o)
__system_stack__                                  build/config/at91sam7s-gnu/cpu_support.oram
                                                  build/ecrobot_init.o
__udivsi3                                         /usr/local/mindstorms/arm-tools/gnuarm/bin/../lib/gcc/arm-elf/4.4.2/thumb/interwork/libgcc.a(_udivsi3.o)