Archive member included because of file (symbol)

/usr/local/mindstorms/nxtOSEK/ecrobot/libecrobot.a(ecrobot_interface.o)
                              build/main.o (ecrobot_set_light_sensor_active)
/usr/local/mindstorms/nxtOSEK/ecrobot/libecrobot.a(colorsensor.o)
                              /usr/local/mindstorms/nxtOSEK/ecrobot/libecrobot.a(ecrobot_interface.o) (colorsensor_init)
/usr/local/mindstorms/nxtOSEK/ecrobot/libecrobot.a(osek_hook.o)
                              build/kernel/osctl.o (StartupHook)
/usr/local/mindstorms/nxtOSEK/ecrobot/libecrobot.a(uart.oram)
                              build/config/at91sam7s-gnu/irq.oram (uart_isr_C_0)
/usr/local/mindstorms/nxtOSEK/ecrobot/libecrobot.a(systick.oram)
                              build/syslib/at91sam7s-gnu/lego_nxt/hw_sys_timer.oram (systick_low_priority_C)
/usr/local/mindstorms/nxtOSEK/ecrobot/libecrobot.a(byte_fifo.oram)
                              /usr/local/mindstorms/nxtOSEK/ecrobot/libecrobot.a(uart.oram) (byte_fifo_put)
/usr/local/mindstorms/nxtOSEK/ecrobot/libecrobot.a(aic.oram)
                              /usr/local/mindstorms/nxtOSEK/ecrobot/libecrobot.a(uart.oram) (aic_set_vector)
/usr/local/mindstorms/nxtOSEK/ecrobot/libecrobot.a(udp.oram)
                              build/config/at91sam7s-gnu/irq.oram (udp_isr_C)
/usr/local/mindstorms/nxtOSEK/ecrobot/libecrobot.a(twi.oram)
                              build/config/at91sam7s-gnu/irq.oram (twi_isr_C)
/usr/local/mindstorms/nxtOSEK/ecrobot/libecrobot.a(nxt_spi.oram)
                              build/config/at91sam7s-gnu/irq.oram (spi_isr_C)
/usr/local/mindstorms/nxtOSEK/ecrobot/libecrobot.a(nxt_motors.oram)
                              /usr/local/mindstorms/nxtOSEK/ecrobot/libecrobot.a(ecrobot_interface.o) (nxt_motor_get_count)
/usr/local/mindstorms/nxtOSEK/ecrobot/libecrobot.a(data_abort.oram)
                              build/ecrobot_init.o (data_abort_C)
/usr/local/mindstorms/nxtOSEK/ecrobot/libecrobot.a(display.oram)
                              build/ecrobot_base.o (display_update)
/usr/local/mindstorms/nxtOSEK/ecrobot/libecrobot.a(i2c.oram)
                              build/config/at91sam7s-gnu/irq.oram (i2c_timer_isr_C)
/usr/local/mindstorms/nxtOSEK/ecrobot/libecrobot.a(sound.oram)
                              /usr/local/mindstorms/nxtOSEK/ecrobot/libecrobot.a(ecrobot_interface.o) (sound_get_time)
/usr/local/mindstorms/nxtOSEK/ecrobot/libecrobot.a(bt.oram)
                              build/ecrobot_bluetooth.o (bt_send)
/usr/local/mindstorms/nxtOSEK/ecrobot/libecrobot.a(nxt_avr.oram)
                              build/ecrobot_base.o (nxt_avr_power_down)
/usr/local/mindstorms/nxtOSEK/ecrobot/libecrobot.a(sensors.oram)
                              /usr/local/mindstorms/nxtOSEK/ecrobot/libecrobot.a(ecrobot_interface.o) (unset_digi0)
/usr/local/mindstorms/nxtOSEK/ecrobot/libecrobot.a(sensors1.oram)
                              /usr/local/mindstorms/nxtOSEK/ecrobot/libecrobot.a(colorsensor.o) (sensor_pins)
/usr/local/mindstorms/nxtOSEK/ecrobot/libecrobot.a(nxt_lcd.oram)
                              /usr/local/mindstorms/nxtOSEK/ecrobot/libecrobot.a(display.oram) (nxt_lcd_force_update)
/usr/local/mindstorms/nxtOSEK/ecrobot/libecrobot.a(flash_loader.oram)
                              build/ecrobot_base.o (set_flash_request)
/usr/local/mindstorms/nxtOSEK/ecrobot/libecrobot.a(interrupts.oram)
                              /usr/local/mindstorms/nxtOSEK/ecrobot/libecrobot.a(uart.oram) (interrupts_get_and_disable)
/usr/local/mindstorms/nxtOSEK/ecrobot/libecrobot.a(nxtosek_splash.obmp)
                              build/ecrobot_base.o (nxtosek_splash_bmp_start)
/usr/local/mindstorms/nxtOSEK/ecrobot/libecrobot.a(ecrobot_usb.o)
                              /usr/local/mindstorms/nxtOSEK/ecrobot/libecrobot.a(flash_loader.oram) (ecrobot_init_usb)
/usr/local/mindstorms/nxtOSEK/ecrobot/libecrobot.a(flashprog.oram)
                              /usr/local/mindstorms/nxtOSEK/ecrobot/libecrobot.a(flash_loader.oram) (flash_write_page)
/usr/local/mindstorms/arm-tools/gnuarm/bin/../lib/gcc/arm-elf/4.4.2/thumb/interwork/libgcc.a(_udivsi3.o)
                              build/ecrobot_base.o (__udivsi3)
/usr/local/mindstorms/arm-tools/gnuarm/bin/../lib/gcc/arm-elf/4.4.2/thumb/interwork/libgcc.a(_divsi3.o)
                              build/algs.o (__divsi3)
/usr/local/mindstorms/arm-tools/gnuarm/bin/../lib/gcc/arm-elf/4.4.2/thumb/interwork/libgcc.a(_umodsi3.o)
                              /usr/local/mindstorms/nxtOSEK/ecrobot/libecrobot.a(display.oram) (__umodsi3)
/usr/local/mindstorms/arm-tools/gnuarm/bin/../lib/gcc/arm-elf/4.4.2/thumb/interwork/libgcc.a(_modsi3.o)
                              /usr/local/mindstorms/nxtOSEK/ecrobot/libecrobot.a(sound.oram) (__modsi3)
/usr/local/mindstorms/arm-tools/gnuarm/bin/../lib/gcc/arm-elf/4.4.2/thumb/interwork/libgcc.a(_dvmd_tls.o)
[...]
Memory Configuration

Name             Origin             Length             Attributes
rom              0x0000000000108000 0x0000000000038000
vector_ram       0x0000000000200000 0x0000000000000040
ram              0x0000000000200040 0x000000000000ffc0
*default*        0x0000000000000000 0xffffffffffffffff

Linker script and memory map

LOAD build/kernel/alarm.o
LOAD build/kernel/event.o
LOAD build/kernel/interrupt.o
LOAD build/kernel/osctl.o
LOAD build/kernel/resource.o
LOAD build/kernel/task.o
LOAD build/kernel/task_manage.o
LOAD build/config/at91sam7s-gnu/cpu_config.o
LOAD build/config/at91sam7s-gnu/lego_nxt/sys_config.o
LOAD build/./kernel_cfg.o
LOAD build/syscalls.o
LOAD build/ecrobot_bluetooth.o
LOAD build/ecrobot_base.o
LOAD build/ecrobot.o
LOAD build/main.o
LOAD build/algs.o
LOAD build/syslib/at91sam7s-gnu/lego_nxt/hw_sys_timer.oram
LOAD build/nxtvm/platform/nxt/vectors.o
LOAD build/config/at91sam7s-gnu/debug.o
LOAD build/config/at91sam7s-gnu/lego_nxt/sys_support.o
LOAD build/nxt_binary_header.o
LOAD build/nxt_entry_point.o
LOAD build/ecrobot_init.o
LOAD build/config/at91sam7s-gnu/cpu_support.oram
LOAD build/config/at91sam7s-gnu/irq.oram
LOAD /usr/local/mindstorms/nxtOSEK/c++/liblejososek.a
LOAD /usr/local/mindstorms/nxtOSEK/ecrobot/libecrobot.a
LOAD /usr/local/mindstorms/arm-tools/gnuarm/bin/../lib/gcc/arm-elf/4.4.2/../../../../arm-elf/lib/thumb/interwork/libstdc++.a
LOAD /usr/local/mindstorms/arm-tools/gnuarm/bin/../lib/gcc/arm-elf/4.4.2/../../../../arm-elf/lib/thumb/interwork/libm.a
START GROUP
LOAD /usr/local/mindstorms/arm-tools/gnuarm/bin/../lib/gcc/arm-elf/4.4.2/thumb/interwork/libgcc.a
LOAD /usr/local/mindstorms/arm-tools/gnuarm/bin/../lib/gcc/arm-elf/4.4.2/../../../../arm-elf/lib/thumb/interwork/libc.a
END GROUP
                0x0000000000108000                ROM_BASE = 0x108000
                0x0000000000038000                ROM_SIZE = 0x38000
                0x0000000000200000                RAM_BASE = 0x200000
                0x0000000000010000                RAM_SIZE = 0x10000

.vectors        0x0000000000200000       0x40 load address 0x0000000000108000
 vectors.o(*.text *.text.*)
 .text          0x0000000000200000       0x38 build/nxtvm/platform/nxt/vectors.o
                0x0000000000200040                . = ALIGN (0x10)
 *fill*         0x0000000000200038        0x8 00
                0x0000000000200000                __vectors_ram_start__ = ADDR (.vectors)
                0x0000000000200040                __vectors_ram_end__ = (ADDR (.vectors) + SIZEOF (.vectors))
                0x0000000000108000                __vectors_load_start__ = LOADADDR (.vectors)
                0x0000000000108040                __vectors_load_end__ = (LOADADDR (.vectors) + SIZEOF (.vectors))

.init           0x0000000000108040      0x280
 *ecrobot_init.o(*.text *.text.*)
 .text          0x0000000000108040      0x280 build/ecrobot_init.o
                0x0000000000108040                start
                0x00000000001081ac                undef_handler
                0x00000000001081b0                swi_handler
                0x00000000001081b4                prefetch_abort_handler
                0x00000000001081b8                data_abort_handler
                0x00000000001081d4                reserved_handler
                0x00000000001082c0                . = ALIGN (0x10)

.ram_text       0x0000000000200040     0x2fd0 load address 0x00000000001082c0
                0x0000000000200040                . = ALIGN (0x10)
 *.oram(*.text *.text.* *.glue*)
 .text.systick_isr_C1
                0x0000000000200040       0x28 build/syslib/at91sam7s-gnu/lego_nxt/hw_sys_timer.oram
                0x0000000000200040                systick_isr_C1
 *fill*         0x0000000000200068        0x8 00
 .text          0x0000000000200070      0x230 build/config/at91sam7s-gnu/cpu_support.oram
                0x0000000000200070                dispatch
                0x00000000002000b0                activate_r
                0x00000000002000e0                exit_and_dispatch
                0x00000000002000f0                start_dispatch
                0x00000000002001ac                _interrupt
                0x000000000020021c                int_return
                0x0000000000200248                disable_int
                0x0000000000200250                enable_int
                0x0000000000200258                nop
 .text          0x00000000002002a0      0x2c0 build/config/at91sam7s-gnu/irq.oram
                0x00000000002002a0                default_isr
                0x00000000002002a0                default_fiq
                0x00000000002002a0                spurious_isr
                0x00000000002002a4                systick_isr_entry
                0x00000000002002ec                systick_low_priority_entry
                0x000000000020032c                udp_isr_entry
                0x000000000020036c                spi_isr_entry
                0x00000000002003ac                twi_isr_entry
                0x00000000002003ec                sound_isr_entry
                0x000000000020042c                uart_isr_entry_0
                0x000000000020046c                uart_isr_entry_1
                0x00000000002004ac                nxt_motor_isr_entry
                0x00000000002004ec                i2c_timer_isr_entry
 .text.uart_process_isr
                0x0000000000200560       0x88 /usr/local/mindstorms/nxtOSEK/ecrobot/libecrobot.a(uart.oram)
 .text.uart_isr_C_0
                0x00000000002005e8        0xc /usr/local/mindstorms/nxtOSEK/ecrobot/libecrobot.a(uart.oram)
                0x00000000002005e8                uart_isr_C_0
 .text.uart_isr_C_1
                0x00000000002005f4        0xc /usr/local/mindstorms/nxtOSEK/ecrobot/libecrobot.a(uart.oram)
                0x00000000002005f4                uart_isr_C_1
 .text.systick_low_priority_C
                0x0000000000200600       0x1c /usr/local/mindstorms/nxtOSEK/ecrobot/libecrobot.a(systick.oram)
                0x0000000000200600                systick_low_priority_C
 .text.systick_isr_C
                0x000000000020061c       0x24 /usr/local/mindstorms/nxtOSEK/ecrobot/libecrobot.a(systick.oram)
                0x000000000020061c                systick_isr_C
 .text.systick_get_ms
                0x0000000000200640        0xc /usr/local/mindstorms/nxtOSEK/ecrobot/libecrobot.a(systick.oram)
                0x0000000000200640                systick_get_ms
 .text.systick_wait_ms
                0x000000000020064c       0x1c /usr/local/mindstorms/nxtOSEK/ecrobot/libecrobot.a(systick.oram)
                0x000000000020064c                systick_wait_ms
 .text.systick_wait_ns
                0x0000000000200668       0x1c /usr/local/mindstorms/nxtOSEK/ecrobot/libecrobot.a(systick.oram)
                0x0000000000200668                systick_wait_ns
 .text.systick_init
                0x0000000000200684       0x58 /usr/local/mindstorms/nxtOSEK/ecrobot/libecrobot.a(systick.oram)
                0x0000000000200684                systick_init
 .text.systick_suspend
                0x00000000002006dc        0xc /usr/local/mindstorms/nxtOSEK/ecrobot/libecrobot.a(systick.oram)
                0x00000000002006dc                systick_suspend
 .text.systick_resume
                0x00000000002006e8        0xc /usr/local/mindstorms/nxtOSEK/ecrobot/libecrobot.a(systick.oram)
                0x00000000002006e8                systick_resume
 .text.byte_fifo_put
                0x00000000002006f4       0x58 /usr/local/mindstorms/nxtOSEK/ecrobot/libecrobot.a(byte_fifo.oram)
                0x00000000002006f4                byte_fifo_put
 .text.byte_fifo_get
                0x000000000020074c       0x2c /usr/local/mindstorms/nxtOSEK/ecrobot/libecrobot.a(byte_fifo.oram)
                0x000000000020074c                byte_fifo_get
 .text.aic_initialise
                0x0000000000200778       0x5c /usr/local/mindstorms/nxtOSEK/ecrobot/libecrobot.a(aic.oram)
                0x0000000000200778                aic_initialise
 .text.aic_set_vector
                0x00000000002007d4       0x30 /usr/local/mindstorms/nxtOSEK/ecrobot/libecrobot.a(aic.oram)
                0x00000000002007d4                aic_set_vector
 .text.aic_mask_on
                0x0000000000200804       0x24 /usr/local/mindstorms/nxtOSEK/ecrobot/libecrobot.a(aic.oram)
                0x0000000000200804                aic_mask_on
 .text.aic_mask_off
                0x0000000000200828       0x24 /usr/local/mindstorms/nxtOSEK/ecrobot/libecrobot.a(aic.oram)
                0x0000000000200828                aic_mask_off
 .text.aic_clear
                0x000000000020084c       0x24 /usr/local/mindstorms/nxtOSEK/ecrobot/libecrobot.a(aic.oram)
                0x000000000020084c                aic_clear
 .text.reset    0x0000000000200870       0x4c /usr/local/mindstorms/nxtOSEK/ecrobot/libecrobot.a(udp.oram)
 .text.udp_send_null
                0x00000000002008bc       0x2c /usr/local/mindstorms/nxtOSEK/ecrobot/libecrobot.a(udp.oram)
 .text.udp_send_stall
                0x00000000002008e8       0x2c /usr/local/mindstorms/nxtOSEK/ecrobot/libecrobot.a(udp.oram)
 .text.udp_send_control
                0x0000000000200914       0x60 /usr/local/mindstorms/nxtOSEK/ecrobot/libecrobot.a(udp.oram)
 .text.udp_isr_C
                0x0000000000200974      0x7d0 /usr/local/mindstorms/nxtOSEK/ecrobot/libecrobot.a(udp.oram)
                0x0000000000200974                udp_isr_C
 .text.twi_status
                0x0000000000201144       0x20 /usr/local/mindstorms/nxtOSEK/ecrobot/libecrobot.a(twi.oram)
                0x0000000000201144                twi_status
 .text.twi_isr_C
                0x0000000000201164       0xc4 /usr/local/mindstorms/nxtOSEK/ecrobot/libecrobot.a(twi.oram)
                0x0000000000201164                twi_isr_C
 .text.twi_reset
                0x0000000000201228       0xb4 /usr/local/mindstorms/nxtOSEK/ecrobot/libecrobot.a(twi.oram)
                0x0000000000201228                twi_reset
 .text.twi_init
                0x00000000002012dc       0x4c /usr/local/mindstorms/nxtOSEK/ecrobot/libecrobot.a(twi.oram)
                0x00000000002012dc                twi_init
 .text.twi_start_read
                0x0000000000201328       0x60 /usr/local/mindstorms/nxtOSEK/ecrobot/libecrobot.a(twi.oram)
                0x0000000000201328                twi_start_read
 .text.twi_start_write
                0x0000000000201388       0x64 /usr/local/mindstorms/nxtOSEK/ecrobot/libecrobot.a(twi.oram)
                0x0000000000201388                twi_start_write
 .text.spi_set_mode
                0x00000000002013ec       0x40 /usr/local/mindstorms/nxtOSEK/ecrobot/libecrobot.a(nxt_spi.oram)
 .text.spi_isr_C
                0x000000000020142c       0x8c /usr/local/mindstorms/nxtOSEK/ecrobot/libecrobot.a(nxt_spi.oram)
                0x000000000020142c                spi_isr_C
 .text.nxt_spi_init
                0x00000000002014b8      0x12c /usr/local/mindstorms/nxtOSEK/ecrobot/libecrobot.a(nxt_spi.oram)
                0x00000000002014b8                nxt_spi_init
 .text.nxt_spi_write
                0x00000000002015e4       0x44 /usr/local/mindstorms/nxtOSEK/ecrobot/libecrobot.a(nxt_spi.oram)
                0x00000000002015e4                nxt_spi_write
 .text.nxt_spi_set_display
                0x0000000000201628       0x10 /usr/local/mindstorms/nxtOSEK/ecrobot/libecrobot.a(nxt_spi.oram)
                0x0000000000201628                nxt_spi_set_display
 .text.nxt_spi_refresh
                0x0000000000201638       0x24 /usr/local/mindstorms/nxtOSEK/ecrobot/libecrobot.a(nxt_spi.oram)
                0x0000000000201638                nxt_spi_refresh
 .text.nxt_motor_set_count
                0x000000000020165c       0x10 /usr/local/mindstorms/nxtOSEK/ecrobot/libecrobot.a(nxt_motors.oram)
                0x000000000020165c                nxt_motor_set_count
 .text.nxt_motor_set_speed
                0x000000000020166c       0x34 /usr/local/mindstorms/nxtOSEK/ecrobot/libecrobot.a(nxt_motors.oram)
                0x000000000020166c                nxt_motor_set_speed
 .text.nxt_motor_1kHz_process
                0x00000000002016a0       0x28 /usr/local/mindstorms/nxtOSEK/ecrobot/libecrobot.a(nxt_motors.oram)
                0x00000000002016a0                nxt_motor_1kHz_process
 .text.nxt_motor_quad_decode
                0x00000000002016c8       0x30 /usr/local/mindstorms/nxtOSEK/ecrobot/libecrobot.a(nxt_motors.oram)
                0x00000000002016c8                nxt_motor_quad_decode
 .text.nxt_motor_isr_C
                0x00000000002016f8       0x88 /usr/local/mindstorms/nxtOSEK/ecrobot/libecrobot.a(nxt_motors.oram)
                0x00000000002016f8                nxt_motor_isr_C
 .text.nxt_motor_init
                0x0000000000201780       0x68 /usr/local/mindstorms/nxtOSEK/ecrobot/libecrobot.a(nxt_motors.oram)
                0x0000000000201780                nxt_motor_init
 .text.data_abort_C
                0x00000000002017e8       0x7c /usr/local/mindstorms/nxtOSEK/ecrobot/libecrobot.a(data_abort.oram)
                0x00000000002017e8                data_abort_C
 .text.display_update
                0x0000000000201864       0x14 /usr/local/mindstorms/nxtOSEK/ecrobot/libecrobot.a(display.oram)
                0x0000000000201864                display_update
 .text.display_force_update
                0x0000000000201878        0xc /usr/local/mindstorms/nxtOSEK/ecrobot/libecrobot.a(display.oram)
                0x0000000000201878                display_force_update
 .text.display_clear
                0x0000000000201884       0x24 /usr/local/mindstorms/nxtOSEK/ecrobot/libecrobot.a(display.oram)
                0x0000000000201884                display_clear
 .text.display_goto_xy
                0x00000000002018a8       0x14 /usr/local/mindstorms/nxtOSEK/ecrobot/libecrobot.a(display.oram)
                0x00000000002018a8                display_goto_xy
 .text.display_char
                0x00000000002018bc       0x60 /usr/local/mindstorms/nxtOSEK/ecrobot/libecrobot.a(display.oram)
                0x00000000002018bc                display_char
 .text.display_string
                0x000000000020191c       0x3c /usr/local/mindstorms/nxtOSEK/ecrobot/libecrobot.a(display.oram)
                0x000000000020191c                display_string
 .text.display_hex
                0x0000000000201958       0x50 /usr/local/mindstorms/nxtOSEK/ecrobot/libecrobot.a(display.oram)
                0x0000000000201958                display_hex
 .text.display_unsigned_worker
                0x00000000002019a8       0x70 /usr/local/mindstorms/nxtOSEK/ecrobot/libecrobot.a(display.oram)
 .text.display_unsigned
                0x0000000000201a18        0xc /usr/local/mindstorms/nxtOSEK/ecrobot/libecrobot.a(display.oram)
                0x0000000000201a18                display_unsigned
 .text.display_bitmap_copy
                0x0000000000201a24       0x5c /usr/local/mindstorms/nxtOSEK/ecrobot/libecrobot.a(display.oram)
                0x0000000000201a24                display_bitmap_copy
 .text.display_init
                0x0000000000201a80       0x50 /usr/local/mindstorms/nxtOSEK/ecrobot/libecrobot.a(display.oram)
                0x0000000000201a80                display_init
 .text.i2c_timer_isr_C
                0x0000000000201ad0      0x314 /usr/local/mindstorms/nxtOSEK/ecrobot/libecrobot.a(i2c.oram)
                0x0000000000201ad0                i2c_timer_isr_C
 .text.i2c_disable
                0x0000000000201de4       0x20 /usr/local/mindstorms/nxtOSEK/ecrobot/libecrobot.a(i2c.oram)
                0x0000000000201de4                i2c_disable
 .text.i2c_init
                0x0000000000201e04       0xa4 /usr/local/mindstorms/nxtOSEK/ecrobot/libecrobot.a(i2c.oram)
                0x0000000000201e04                i2c_init
 .text.sound_fill_sample_buffer
                0x0000000000201ea8       0xe4 /usr/local/mindstorms/nxtOSEK/ecrobot/libecrobot.a(sound.oram)
                0x0000000000201ea8                sound_fill_sample_buffer
 .text.sound_init
                0x0000000000201f8c       0xa0 /usr/local/mindstorms/nxtOSEK/ecrobot/libecrobot.a(sound.oram)
                0x0000000000201f8c                sound_init
 .text.sound_isr_C
                0x000000000020202c      0x144 /usr/local/mindstorms/nxtOSEK/ecrobot/libecrobot.a(sound.oram)
                0x000000000020202c                sound_isr_C
 .text.bt_init  0x0000000000202170      0x1c0 /usr/local/mindstorms/nxtOSEK/ecrobot/libecrobot.a(bt.oram)
                0x0000000000202170                bt_init
 .text.nxt_avr_power_down
                0x0000000000202330       0x10 /usr/local/mindstorms/nxtOSEK/ecrobot/libecrobot.a(nxt_avr.oram)
                0x0000000000202330                nxt_avr_power_down
 .text.nxt_avr_link_init
                0x0000000000202340       0x20 /usr/local/mindstorms/nxtOSEK/ecrobot/libecrobot.a(nxt_avr.oram)
                0x0000000000202340                nxt_avr_link_init
 .text.nxt_avr_init
                0x0000000000202360       0x6c /usr/local/mindstorms/nxtOSEK/ecrobot/libecrobot.a(nxt_avr.oram)
                0x0000000000202360                nxt_avr_init
 .text.nxt_avr_1kHz_update
                0x00000000002023cc      0x1cc /usr/local/mindstorms/nxtOSEK/ecrobot/libecrobot.a(nxt_avr.oram)
                0x00000000002023cc                nxt_avr_1kHz_update
 .text.buttons_get
                0x0000000000202598        0xc /usr/local/mindstorms/nxtOSEK/ecrobot/libecrobot.a(nxt_avr.oram)
                0x0000000000202598                buttons_get
 .text.battery_voltage
                0x00000000002025a4       0x28 /usr/local/mindstorms/nxtOSEK/ecrobot/libecrobot.a(nxt_avr.oram)
                0x00000000002025a4                battery_voltage
 .text.sensor_adc
                0x00000000002025cc       0x20 /usr/local/mindstorms/nxtOSEK/ecrobot/libecrobot.a(nxt_avr.oram)
                0x00000000002025cc                sensor_adc
 .text.nxt_avr_set_motor
                0x00000000002025ec       0x34 /usr/local/mindstorms/nxtOSEK/ecrobot/libecrobot.a(nxt_avr.oram)
                0x00000000002025ec                nxt_avr_set_motor
 .text.nxt_avr_set_input_power
                0x0000000000202620       0x3c /usr/local/mindstorms/nxtOSEK/ecrobot/libecrobot.a(nxt_avr.oram)
                0x0000000000202620                nxt_avr_set_input_power
 .text.unset_digi0
                0x000000000020265c       0x44 /usr/local/mindstorms/nxtOSEK/ecrobot/libecrobot.a(sensors.oram)
                0x000000000020265c                unset_digi0
 .text.unset_digi1
                0x00000000002026a0       0x44 /usr/local/mindstorms/nxtOSEK/ecrobot/libecrobot.a(sensors.oram)
                0x00000000002026a0                unset_digi1
 .text.init_sensors
                0x00000000002026e4       0x4c /usr/local/mindstorms/nxtOSEK/ecrobot/libecrobot.a(sensors.oram)
                0x00000000002026e4                init_sensors
 .text.set_digi0
                0x0000000000202730       0x44 /usr/local/mindstorms/nxtOSEK/ecrobot/libecrobot.a(sensors.oram)
                0x0000000000202730                set_digi0
 .text.nxt_lcd_command
                0x0000000000202774       0x18 /usr/local/mindstorms/nxtOSEK/ecrobot/libecrobot.a(nxt_lcd.oram)
                0x0000000000202774                nxt_lcd_command
 .text.nxt_lcd_set_col
                0x000000000020278c       0x24 /usr/local/mindstorms/nxtOSEK/ecrobot/libecrobot.a(nxt_lcd.oram)
                0x000000000020278c                nxt_lcd_set_col
 .text.nxt_lcd_set_multiplex_rate
                0x00000000002027b0       0x18 /usr/local/mindstorms/nxtOSEK/ecrobot/libecrobot.a(nxt_lcd.oram)
                0x00000000002027b0                nxt_lcd_set_multiplex_rate
 .text.nxt_lcd_set_page_address
                0x00000000002027c8       0x18 /usr/local/mindstorms/nxtOSEK/ecrobot/libecrobot.a(nxt_lcd.oram)
                0x00000000002027c8                nxt_lcd_set_page_address
 .text.nxt_lcd_set_pot
                0x00000000002027e0       0x1c /usr/local/mindstorms/nxtOSEK/ecrobot/libecrobot.a(nxt_lcd.oram)
                0x00000000002027e0                nxt_lcd_set_pot
 .text.nxt_lcd_set_ram_address_control
                0x00000000002027fc       0x18 /usr/local/mindstorms/nxtOSEK/ecrobot/libecrobot.a(nxt_lcd.oram)
                0x00000000002027fc                nxt_lcd_set_ram_address_control
 .text.nxt_lcd_enable
                0x0000000000202814       0x14 /usr/local/mindstorms/nxtOSEK/ecrobot/libecrobot.a(nxt_lcd.oram)
                0x0000000000202814                nxt_lcd_enable
 .text.nxt_lcd_set_map_control
                0x0000000000202828       0x18 /usr/local/mindstorms/nxtOSEK/ecrobot/libecrobot.a(nxt_lcd.oram)
                0x0000000000202828                nxt_lcd_set_map_control
 .text.nxt_lcd_reset
                0x0000000000202840        0xc /usr/local/mindstorms/nxtOSEK/ecrobot/libecrobot.a(nxt_lcd.oram)
                0x0000000000202840                nxt_lcd_reset
 .text.nxt_lcd_set_bias_ratio
                0x000000000020284c       0x18 /usr/local/mindstorms/nxtOSEK/ecrobot/libecrobot.a(nxt_lcd.oram)
                0x000000000020284c                nxt_lcd_set_bias_ratio
 .text.nxt_lcd_force_update
                0x0000000000202864       0x30 /usr/local/mindstorms/nxtOSEK/ecrobot/libecrobot.a(nxt_lcd.oram)
                0x0000000000202864                nxt_lcd_force_update
 .text.nxt_lcd_update
                0x0000000000202894        0xc /usr/local/mindstorms/nxtOSEK/ecrobot/libecrobot.a(nxt_lcd.oram)
                0x0000000000202894                nxt_lcd_update
 .text.nxt_lcd_power_up
                0x00000000002028a0       0x48 /usr/local/mindstorms/nxtOSEK/ecrobot/libecrobot.a(nxt_lcd.oram)
                0x00000000002028a0                nxt_lcd_power_up
 .text.nxt_lcd_power_down
                0x00000000002028e8        0xc /usr/local/mindstorms/nxtOSEK/ecrobot/libecrobot.a(nxt_lcd.oram)
                0x00000000002028e8                nxt_lcd_power_down
 .text.nxt_lcd_init
                0x00000000002028f4       0x18 /usr/local/mindstorms/nxtOSEK/ecrobot/libecrobot.a(nxt_lcd.oram)
                0x00000000002028f4                nxt_lcd_init
 .text.verify_flash_page
                0x000000000020290c       0x34 /usr/local/mindstorms/nxtOSEK/ecrobot/libecrobot.a(flash_loader.oram)
 .text.set_flash_request
                0x0000000000202940       0x38 /usr/local/mindstorms/nxtOSEK/ecrobot/libecrobot.a(flash_loader.oram)
                0x0000000000202940                set_flash_request
 .text.nxt_device_init
                0x0000000000202978       0x38 /usr/local/mindstorms/nxtOSEK/ecrobot/libecrobot.a(flash_loader.oram)
                0x0000000000202978                nxt_device_init
 .text          0x00000000002029b0       0x68 /usr/local/mindstorms/nxtOSEK/ecrobot/libecrobot.a(interrupts.oram)
                0x00000000002029b0                interrupts_get_and_disable
                0x00000000002029d4                interrupts_enable
                0x00000000002029e4                fiq_get_and_disable
                0x0000000000202a08                fiq_enable
 .text.flash_write_page
                0x0000000000202a18       0xc0 /usr/local/mindstorms/nxtOSEK/ecrobot/libecrobot.a(flashprog.oram)
                0x0000000000202a18                flash_write_page
                0x0000000000202ae0                . = ALIGN (0x10)
 *fill*         0x0000000000202ad8        0x8 00
 *.oram(*.rodata *.rodata.*)
 .rodata.ld     0x0000000000202ae0        0x4 /usr/local/mindstorms/nxtOSEK/ecrobot/libecrobot.a(udp.oram)
 .rodata.cfd    0x0000000000202ae4       0x20 /usr/local/mindstorms/nxtOSEK/ecrobot/libecrobot.a(udp.oram)
 .rodata.dd     0x0000000000202b04       0x12 /usr/local/mindstorms/nxtOSEK/ecrobot/libecrobot.a(udp.oram)
 *fill*         0x0000000000202b16        0x2 00
 .rodata.str1.4
                0x0000000000202b18       0x22 /usr/local/mindstorms/nxtOSEK/ecrobot/libecrobot.a(data_abort.oram)
                                         0x24 (size before relaxing)
 .rodata.font   0x0000000000202b3a      0x280 /usr/local/mindstorms/nxtOSEK/ecrobot/libecrobot.a(display.oram)
 *fill*         0x0000000000202dba        0x2 00
 .rodata.str1.4
                0x0000000000202dbc       0x76 /usr/local/mindstorms/nxtOSEK/ecrobot/libecrobot.a(display.oram)
                                         0x78 (size before relaxing)
 *fill*         0x0000000000202e32        0x2 00
 .rodata.i2c_pin
                0x0000000000202e34       0x20 /usr/local/mindstorms/nxtOSEK/ecrobot/libecrobot.a(i2c.oram)
 .rodata.i2c_timer_isr_C
                0x0000000000202e54       0x38 /usr/local/mindstorms/nxtOSEK/ecrobot/libecrobot.a(i2c.oram)
 .rodata.silence
                0x0000000000202e8c       0x40 /usr/local/mindstorms/nxtOSEK/ecrobot/libecrobot.a(sound.oram)
                0x0000000000202e8c                silence
 .rodata.sample_pattern
                0x0000000000202ecc       0x84 /usr/local/mindstorms/nxtOSEK/ecrobot/libecrobot.a(sound.oram)
                0x0000000000202ecc                sample_pattern
 .rodata        0x0000000000202f50        0xc /usr/local/mindstorms/nxtOSEK/ecrobot/libecrobot.a(sound.oram)
 .rodata.avr_brainwash_string
                0x0000000000202f5c       0x30 /usr/local/mindstorms/nxtOSEK/ecrobot/libecrobot.a(nxt_avr.oram)
                0x0000000000202f5c                avr_brainwash_string
 .rodata.nxt_avr_1kHz_update
                0x0000000000202f8c       0x14 /usr/local/mindstorms/nxtOSEK/ecrobot/libecrobot.a(nxt_avr.oram)
 .rodata.C.33.1823
                0x0000000000202fa0       0x10 /usr/local/mindstorms/nxtOSEK/ecrobot/libecrobot.a(sensors.oram)
 .rodata.C.37.1857
                0x0000000000202fb0       0x10 /usr/local/mindstorms/nxtOSEK/ecrobot/libecrobot.a(sensors.oram)
 .rodata.C.31.1806
                0x0000000000202fc0       0x10 /usr/local/mindstorms/nxtOSEK/ecrobot/libecrobot.a(sensors.oram)
 .rodata.str1.4
                0x0000000000202fd0       0x24 /usr/local/mindstorms/nxtOSEK/ecrobot/libecrobot.a(flash_loader.oram)
 *fill*         0x0000000000202ff4        0x4 00
 .rodata.str1.4.stub
                0x0000000000202ff8       0x10 linker stubs
                0x0000000000203010                . = ALIGN (0x10)
 *fill*         0x0000000000203008        0x8 00
                0x0000000000200040                __ramtext_ram_start__ = ADDR (.ram_text)
                0x0000000000203010                __ramtext_ram_end__ = (ADDR (.ram_text) + SIZEOF (.ram_text))
                0x00000000001082c0                __ramtext_load_start__ = LOADADDR (.ram_text)
                0x000000000010b290                __ramtext_load_end__ = (__ramtext_load_start__ + SIZEOF (.ram_text))

.wav_data       0x000000000010b290        0x0
 *.owav(*.data *.data.*)
                0x000000000010b290                . = ALIGN (0x10)

.bmp_data       0x000000000010b290      0x440
 *.obmp(*.data *.data.*)
 .data          0x000000000010b290      0x43e /usr/local/mindstorms/nxtOSEK/ecrobot/libecrobot.a(nxtosek_splash.obmp)
                0x000000000010b290                nxtosek_splash_bmp_start
                0x000000000010b6ce                nxtosek_splash_bmp_end
                0x000000000010b6d0                . = ALIGN (0x10)
 *fill*         0x000000000010b6ce        0x2 00

.spr_data       0x000000000010b6d0        0x0
 *.ospr(*.data *.data.*)
                0x000000000010b6d0                . = ALIGN (0x10)

.data           0x0000000000203010       0x60 load address 0x000000000010b6d0
 *(*.data *.data.*)
 .data.deviceStatus
                0x0000000000203010        0x1 /usr/local/mindstorms/nxtOSEK/ecrobot/libecrobot.a(ecrobot_interface.o)
 .data.named    0x0000000000203011       0x22 /usr/local/mindstorms/nxtOSEK/ecrobot/libecrobot.a(udp.oram)
 .data.snd      0x0000000000203033       0x1a /usr/local/mindstorms/nxtOSEK/ecrobot/libecrobot.a(udp.oram)
 *fill*         0x000000000020304d        0x3 00
 .data.configured
                0x0000000000203050        0x4 /usr/local/mindstorms/nxtOSEK/ecrobot/libecrobot.a(udp.oram)
 .data.mode     0x0000000000203054        0x1 /usr/local/mindstorms/nxtOSEK/ecrobot/libecrobot.a(nxt_spi.oram)
                0x0000000000203054                mode
 *fill*         0x0000000000203055        0x3 00
 .bss.data      0x0000000000203058        0x4 /usr/local/mindstorms/nxtOSEK/ecrobot/libecrobot.a(nxt_spi.oram)
                0x0000000000203058                data
 .data.display_auto_update
                0x000000000020305c        0x4 /usr/local/mindstorms/nxtOSEK/ecrobot/libecrobot.a(display.oram)
                0x000000000020305c                display_auto_update
 .data.display_buffer
                0x0000000000203060        0x4 /usr/local/mindstorms/nxtOSEK/ecrobot/libecrobot.a(display.oram)
                0x0000000000203070                . = ALIGN (0x10)
 *fill*         0x0000000000203064        0xc 00
                0x0000000000203010                __data_ram_start__ = ADDR (.data)
                0x0000000000203070                __data_ram_end__ = (ADDR (.data) + SIZEOF (.data))
                0x000000000010b6d0                __data_load_start__ = LOADADDR (.data)
                0x000000000010b730                __data_load_end__ = (__data_load_start__ + SIZEOF (.data))

.text           0x000000000010b730      0xd80
                0x000000000010b730                . = ALIGN (0x10)
 *(*.text *.text.* *.glue*)
 .glue_7        0x000000000010b730       0x18 linker stubs
                0x000000000010b730                __call_posttaskhook_from_arm
                0x000000000010b73c                __call_pretaskhook_from_arm
 .glue_7t       0x0000000000000000        0x0 linker stubs
 .text.StartOS  0x000000000010b748       0x58 build/kernel/osctl.o
                0x000000000010b748                StartOS
 .text.call_pretaskhook
                0x000000000010b7a0       0x24 build/kernel/osctl.o
                0x000000000010b7a0                call_pretaskhook
 .text.call_posttaskhook
                0x000000000010b7c4       0x24 build/kernel/osctl.o
                0x000000000010b7c4                call_posttaskhook
 .text.make_runnable
                0x000000000010b7e8       0xa4 build/kernel/task.o
                0x000000000010b7e8                make_runnable
 .text.make_active
                0x000000000010b88c       0x78 build/kernel/task.o
                0x000000000010b88c                make_active
 .text.task_initialize
                0x000000000010b904       0x88 build/kernel/task.o
                0x000000000010b904                task_initialize
 .text.cpu_initialize
                0x000000000010b98c        0x4 build/config/at91sam7s-gnu/cpu_config.o
                0x000000000010b98c                cpu_initialize
 .text.sys_initialize
                0x000000000010b990        0x4 build/config/at91sam7s-gnu/lego_nxt/sys_config.o
                0x000000000010b990                sys_initialize
 .text.object_initialize
                0x000000000010b994        0xc build/./kernel_cfg.o
                0x000000000010b994                object_initialize
 .text.init_OS_flag
                0x000000000010b9a0        0xc build/ecrobot_base.o
                0x000000000010b9a0                init_OS_flag
 .text.set_OS_flag
                0x000000000010b9ac        0xc build/ecrobot_base.o
                0x000000000010b9ac                set_OS_flag
 .text.get_OS_flag
                0x000000000010b9b8        0xc build/ecrobot_base.o
                0x000000000010b9b8                get_OS_flag
 .text.cpp_constructor
                0x000000000010b9c4       0x28 build/ecrobot_base.o
                0x000000000010b9c4                cpp_constructor
 .text.cpp_destructor
                0x000000000010b9ec       0x28 build/ecrobot_base.o
                0x000000000010b9ec                cpp_destructor
 .text.execution_mode
                0x000000000010ba14       0x14 build/ecrobot_base.o
                0x000000000010ba14                execution_mode
 .text.shutdown_NXT
                0x000000000010ba28       0x2c build/ecrobot_base.o
                0x000000000010ba28                shutdown_NXT
 .text.restart_NXT
                0x000000000010ba54       0x2c build/ecrobot_base.o
                0x000000000010ba54                restart_NXT
 .text.check_NXT_buttons
                0x000000000010ba80       0x38 build/ecrobot_base.o
                0x000000000010ba80                check_NXT_buttons
 .text.add_status_info
                0x000000000010bab8       0x68 build/ecrobot_base.o
                0x000000000010bab8                add_status_info
 .text.show_main_screen
                0x000000000010bb20       0x48 build/ecrobot_base.o
                0x000000000010bb20                show_main_screen
 .text.display_status_bar
                0x000000000010bb68       0x5c build/ecrobot_base.o
                0x000000000010bb68                display_status_bar
 .text.show_splash_screen
                0x000000000010bbc4       0x98 build/ecrobot_base.o
                0x000000000010bbc4                show_splash_screen
 .text.main     0x000000000010bc5c      0x108 build/ecrobot.o
                0x000000000010bc5c                main
 .text.ecrobot_device_terminate
                0x000000000010bd64        0x4 build/main.o
                0x000000000010bd64                ecrobot_device_terminate
 .text.user_1ms_isr_type2
                0x000000000010bd68        0x4 build/main.o
                0x000000000010bd68                user_1ms_isr_type2
 .text.TaskMainOSEK_Task_Background
                0x000000000010bd6c        0xc build/main.o
                0x000000000010bd6c                TaskMainOSEK_Task_Background
 .text.ecrobot_device_initialize
                0x000000000010bd78       0x14 build/main.o
                0x000000000010bd78                ecrobot_device_initialize
 .text.turn     0x000000000010bd8c       0x5c build/algs.o
                0x000000000010bd8c                turn
 .text.lane_assist
                0x000000000010bde8       0x38 build/algs.o
                0x000000000010bde8                lane_assist
 .text.move     0x000000000010be20       0x60 build/algs.o
                0x000000000010be20                move
 .text.ecrobot_set_light_sensor_active
                0x000000000010be80       0x10 /usr/local/mindstorms/nxtOSEK/ecrobot/libecrobot.a(ecrobot_interface.o)
                0x000000000010be80                ecrobot_set_light_sensor_active
 .text.ecrobot_get_light_sensor
                0x000000000010be90       0x14 /usr/local/mindstorms/nxtOSEK/ecrobot/libecrobot.a(ecrobot_interface.o)
                0x000000000010be90                ecrobot_get_light_sensor
 .text.ecrobot_get_battery_voltage
                0x000000000010bea4        0xc /usr/local/mindstorms/nxtOSEK/ecrobot/libecrobot.a(ecrobot_interface.o)
                0x000000000010bea4                ecrobot_get_battery_voltage
 .text.ecrobot_get_button_state
                0x000000000010beb0        0xc /usr/local/mindstorms/nxtOSEK/ecrobot/libecrobot.a(ecrobot_interface.o)
                0x000000000010beb0                ecrobot_get_button_state
 .text.ecrobot_init_nxtstate
                0x000000000010bebc       0x28 /usr/local/mindstorms/nxtOSEK/ecrobot/libecrobot.a(ecrobot_interface.o)
                0x000000000010bebc                ecrobot_init_nxtstate
 .text.ecrobot_poll_nxtstate
                0x000000000010bee4       0x64 /usr/local/mindstorms/nxtOSEK/ecrobot/libecrobot.a(ecrobot_interface.o)
                0x000000000010bee4                ecrobot_poll_nxtstate
 .text.ecrobot_setDeviceInitialized
                0x000000000010bf48       0x18 /usr/local/mindstorms/nxtOSEK/ecrobot/libecrobot.a(ecrobot_interface.o)
                0x000000000010bf48                ecrobot_setDeviceInitialized
 .text.ecrobot_initDeviceStatus
                0x000000000010bf60        0xc /usr/local/mindstorms/nxtOSEK/ecrobot/libecrobot.a(ecrobot_interface.o)
                0x000000000010bf60                ecrobot_initDeviceStatus
 .text.ecrobot_bmp2lcd
                0x000000000010bf6c      0x1c8 /usr/local/mindstorms/nxtOSEK/ecrobot/libecrobot.a(ecrobot_interface.o)
                0x000000000010bf6c                ecrobot_bmp2lcd
 .text.StartupHook
                0x000000000010c134        0x4 /usr/local/mindstorms/nxtOSEK/ecrobot/libecrobot.a(osek_hook.o)
                0x000000000010c134                StartupHook
 .text.PreTaskHook
                0x000000000010c138        0x4 /usr/local/mindstorms/nxtOSEK/ecrobot/libecrobot.a(osek_hook.o)
                0x000000000010c138                PreTaskHook
 .text.PostTaskHook
                0x000000000010c13c        0x4 /usr/local/mindstorms/nxtOSEK/ecrobot/libecrobot.a(osek_hook.o)
                0x000000000010c13c                PostTaskHook
 .text          0x000000000010c140       0x8c /usr/local/mindstorms/arm-tools/gnuarm/bin/../lib/gcc/arm-elf/4.4.2/thumb/interwork/libgcc.a(_udivsi3.o)
                0x000000000010c140                __udivsi3
                0x000000000010c140                __aeabi_uidiv
                0x000000000010c1bc                __aeabi_uidivmod
 .text          0x000000000010c1cc       0xa4 /usr/local/mindstorms/arm-tools/gnuarm/bin/../lib/gcc/arm-elf/4.4.2/thumb/interwork/libgcc.a(_divsi3.o)
                0x000000000010c1cc                __aeabi_idiv
                0x000000000010c1cc                __divsi3
                0x000000000010c260                __aeabi_idivmod
 .text          0x000000000010c270       0xc8 /usr/local/mindstorms/arm-tools/gnuarm/bin/../lib/gcc/arm-elf/4.4.2/thumb/interwork/libgcc.a(_umodsi3.o)
                0x000000000010c270                __umodsi3
 .text          0x000000000010c338        0x4 /usr/local/mindstorms/arm-tools/gnuarm/bin/../lib/gcc/arm-elf/4.4.2/thumb/interwork/libgcc.a(_dvmd_tls.o)
                0x000000000010c338                __aeabi_ldiv0
                0x000000000010c338                __div0
                0x000000000010c338                __aeabi_idiv0
 .text          0x000000000010c33c        0x8 /usr/local/mindstorms/arm-tools/gnuarm/bin/../lib/gcc/arm-elf/4.4.2/../../../../arm-elf/lib/thumb/interwork/libc.a(lib_a-abs.o)
                0x000000000010c33c                abs
 .text          0x000000000010c344       0x98 /usr/local/mindstorms/arm-tools/gnuarm/bin/../lib/gcc/arm-elf/4.4.2/../../../../arm-elf/lib/thumb/interwork/libc.a(lib_a-memset.o)
                0x000000000010c344                memset
 .text          0x000000000010c3dc       0x10 /usr/local/mindstorms/arm-tools/gnuarm/bin/../lib/gcc/arm-elf/4.4.2/../../../../arm-elf/lib/thumb/interwork/libc.a(lib_a-strcpy.o)
                0x000000000010c3dc                strcpy
 .text          0x000000000010c3ec       0x10 /usr/local/mindstorms/arm-tools/gnuarm/bin/../lib/gcc/arm-elf/4.4.2/../../../../arm-elf/lib/thumb/interwork/libc.a(lib_a-strlen.o)
                0x000000000010c3ec                strlen
                0x000000000010c400                . = ALIGN (0x10)
 *fill*         0x000000000010c3fc        0x4 00
 *(*.rodata *.rodata.*)
 .rodata.tnum_task
                0x000000000010c400        0x1 build/./kernel_cfg.o
                0x000000000010c400                tnum_task
 *fill*         0x000000000010c401        0x3 00
 .rodata.tinib_stksz
                0x000000000010c404        0x4 build/./kernel_cfg.o
                0x000000000010c404                tinib_stksz
 .rodata.tinib_inipri
                0x000000000010c408        0x4 build/./kernel_cfg.o
                0x000000000010c408                tinib_inipri
 .rodata.tinib_stk
                0x000000000010c40c        0x4 build/./kernel_cfg.o
                0x000000000010c40c                tinib_stk
 .rodata.tnum_exttask
                0x000000000010c410        0x1 build/./kernel_cfg.o
                0x000000000010c410                tnum_exttask
 *fill*         0x000000000010c411        0x3 00
 .rodata.tinib_exepri
                0x000000000010c414        0x4 build/./kernel_cfg.o
                0x000000000010c414                tinib_exepri
 .rodata.tinib_autoact
                0x000000000010c418        0x4 build/./kernel_cfg.o
                0x000000000010c418                tinib_autoact
 .rodata.tinib_task
                0x000000000010c41c        0x4 build/./kernel_cfg.o
                0x000000000010c41c                tinib_task
 .rodata.str1.1
                0x000000000010c420       0x6c build/ecrobot_base.o
 .rodata.exec_addr
                0x000000000010c48c        0x4 build/ecrobot_base.o
                0x000000000010c48c                exec_addr
 .rodata.exec_addr.stub
                0x000000000010c490       0x20 linker stubs
                0x000000000010c4b0                . = ALIGN (0x10)
 *(*.gnu.linkonce.* .gcc_except_table)
                0x000000000010c4b0                . = ALIGN (0x10)

.vfp11_veneer   0x0000000000203070        0x0
 .vfp11_veneer  0x0000000000000000        0x0 linker stubs

.v4_bx          0x0000000000203070        0x0
 .v4_bx         0x0000000000000000        0x0 linker stubs

.tors           0x000000000010c4b0        0x0
                0x000000000010c4b0                . = ALIGN (0x10)
                0x000000000010c4b0                __ctor_begin = .
 *(*.ctors*)
                0x000000000010c4b0                __ctor_end = .
                0x000000000010c4b0                . = ALIGN (0x10)
                0x000000000010c4b0                __dtor_begin = .
 *(*.dtors*)
                0x000000000010c4b0                __dtor_end = .
                0x000000000010c4b0                . = ALIGN (0x10)
                0x000000000010c4b0                __rom_end__ = __dtor_end

.bss            0x0000000000203070     0x102c
 *(*.bss *.bss.*)
 .bss.ready_queue_first
                0x0000000000203070       0x10 build/kernel/task.o
 .bss.ready_primap
                0x0000000000203080        0x2 build/kernel/task.o
 *fill*         0x0000000000203082        0x2 00
 .bss.ready_queue_last
                0x0000000000203084       0x10 build/kernel/task.o
 .bss._stack_OSEK_Task_Background
                0x0000000000203094      0x200 build/./kernel_cfg.o
 .bss.status_bar_position
                0x0000000000203294        0x4 build/ecrobot_base.o
 .bss.last_act_time.2851
                0x0000000000203298        0x4 build/ecrobot_base.o
 .bss.status_bar
                0x000000000020329c       0x10 build/ecrobot_base.o
 .bss.lcd.2773  0x00000000002032ac      0x320 build/ecrobot_base.o
 .bss.OS_flag   0x00000000002035cc        0x4 build/ecrobot_base.o
 .bss.buttons_i
                0x00000000002035d0        0x4 /usr/local/mindstorms/nxtOSEK/ecrobot/libecrobot.a(ecrobot_interface.o)
 .bss.buttons_states
                0x00000000002035d4       0x14 /usr/local/mindstorms/nxtOSEK/ecrobot/libecrobot.a(ecrobot_interface.o)
 .bss.ecrobot_inputs
                0x00000000002035e8        0x8 /usr/local/mindstorms/nxtOSEK/ecrobot/libecrobot.a(ecrobot_interface.o)
 .bss.systick_ms
                0x00000000002035f0        0x4 /usr/local/mindstorms/nxtOSEK/ecrobot/libecrobot.a(systick.oram)
 .bss.delayedEnable
                0x00000000002035f4        0x1 /usr/local/mindstorms/nxtOSEK/ecrobot/libecrobot.a(udp.oram)
 *fill*         0x00000000002035f5        0x3 00
 .bss.outCnt    0x00000000002035f8        0x4 /usr/local/mindstorms/nxtOSEK/ecrobot/libecrobot.a(udp.oram)
 .bss.outPtr    0x00000000002035fc        0x4 /usr/local/mindstorms/nxtOSEK/ecrobot/libecrobot.a(udp.oram)
 .bss.newAddress
                0x0000000000203600        0x4 /usr/local/mindstorms/nxtOSEK/ecrobot/libecrobot.a(udp.oram)
 .bss.currentRxBank
                0x0000000000203604        0x4 /usr/local/mindstorms/nxtOSEK/ecrobot/libecrobot.a(udp.oram)
 .bss.currentFeatures
                0x0000000000203608        0x4 /usr/local/mindstorms/nxtOSEK/ecrobot/libecrobot.a(udp.oram)
 .bss.currentConfig
                0x000000000020360c        0x1 /usr/local/mindstorms/nxtOSEK/ecrobot/libecrobot.a(udp.oram)
 *fill*         0x000000000020360d        0x3 00
 .bss.twi_mask  0x0000000000203610        0x4 /usr/local/mindstorms/nxtOSEK/ecrobot/libecrobot.a(twi.oram)
 .bss.twi_ptr   0x0000000000203614        0x4 /usr/local/mindstorms/nxtOSEK/ecrobot/libecrobot.a(twi.oram)
 .bss.twi_pending
                0x0000000000203618        0x4 /usr/local/mindstorms/nxtOSEK/ecrobot/libecrobot.a(twi.oram)
 .bss.twi_state
                0x000000000020361c        0x4 /usr/local/mindstorms/nxtOSEK/ecrobot/libecrobot.a(twi.oram)
 .bss.page      0x0000000000203620        0x1 /usr/local/mindstorms/nxtOSEK/ecrobot/libecrobot.a(nxt_spi.oram)
                0x0000000000203620                page
 .bss.dirty     0x0000000000203621        0x1 /usr/local/mindstorms/nxtOSEK/ecrobot/libecrobot.a(nxt_spi.oram)
                0x0000000000203621                dirty
 *fill*         0x0000000000203622        0x2 00
 .bss.display   0x0000000000203624        0x4 /usr/local/mindstorms/nxtOSEK/ecrobot/libecrobot.a(nxt_spi.oram)
                0x0000000000203624                display
 .bss.interrupts_this_period
                0x0000000000203628        0x4 /usr/local/mindstorms/nxtOSEK/ecrobot/libecrobot.a(nxt_motors.oram)
 .bss.nxt_motor_initialised
                0x000000000020362c        0x4 /usr/local/mindstorms/nxtOSEK/ecrobot/libecrobot.a(nxt_motors.oram)
 .bss.motor     0x0000000000203630       0x30 /usr/local/mindstorms/nxtOSEK/ecrobot/libecrobot.a(nxt_motors.oram)
 .bss.display_tick
                0x0000000000203660        0x4 /usr/local/mindstorms/nxtOSEK/ecrobot/libecrobot.a(display.oram)
                0x0000000000203660                display_tick
 .bss.display_array
                0x0000000000203664      0x388 /usr/local/mindstorms/nxtOSEK/ecrobot/libecrobot.a(display.oram)
 .bss.i2c_int_count
                0x00000000002039ec        0x4 /usr/local/mindstorms/nxtOSEK/ecrobot/libecrobot.a(i2c.oram)
 .bss.i2c_port  0x00000000002039f0      0x170 /usr/local/mindstorms/nxtOSEK/ecrobot/libecrobot.a(i2c.oram)
 .bss.sound_mode
                0x0000000000203b60        0x1 /usr/local/mindstorms/nxtOSEK/ecrobot/libecrobot.a(sound.oram)
                0x0000000000203b60                sound_mode
 *fill*         0x0000000000203b61        0x3 00
 .bss.in_buf_idx
                0x0000000000203b64        0x4 /usr/local/mindstorms/nxtOSEK/ecrobot/libecrobot.a(bt.oram)
 .bss.buf_ptr   0x0000000000203b68        0x4 /usr/local/mindstorms/nxtOSEK/ecrobot/libecrobot.a(bt.oram)
 .bss.out_buf_ptr
                0x0000000000203b6c        0x1 /usr/local/mindstorms/nxtOSEK/ecrobot/libecrobot.a(bt.oram)
 .bss.in_buf_in_ptr
                0x0000000000203b6d        0x1 /usr/local/mindstorms/nxtOSEK/ecrobot/libecrobot.a(bt.oram)
 .bss.in_buf    0x0000000000203b6e      0x100 /usr/local/mindstorms/nxtOSEK/ecrobot/libecrobot.a(bt.oram)
 *fill*         0x0000000000203c6e        0x2 00
 .bss.link_state
                0x0000000000203c70        0x4 /usr/local/mindstorms/nxtOSEK/ecrobot/libecrobot.a(nxt_avr.oram)
 .bss.update_count
                0x0000000000203c74        0x4 /usr/local/mindstorms/nxtOSEK/ecrobot/libecrobot.a(nxt_avr.oram)
 .bss.nxt_avr_stats
                0x0000000000203c78       0x14 /usr/local/mindstorms/nxtOSEK/ecrobot/libecrobot.a(nxt_avr.oram)
 .bss.debounce_cnt
                0x0000000000203c8c        0x2 /usr/local/mindstorms/nxtOSEK/ecrobot/libecrobot.a(nxt_avr.oram)
 .bss.debounce_state
                0x0000000000203c8e        0x2 /usr/local/mindstorms/nxtOSEK/ecrobot/libecrobot.a(nxt_avr.oram)
 .bss.button_state
                0x0000000000203c90        0x2 /usr/local/mindstorms/nxtOSEK/ecrobot/libecrobot.a(nxt_avr.oram)
 .bss.prev_buttons
                0x0000000000203c92        0x2 /usr/local/mindstorms/nxtOSEK/ecrobot/libecrobot.a(nxt_avr.oram)
 .bss.from_buf  0x0000000000203c94        0x4 /usr/local/mindstorms/nxtOSEK/ecrobot/libecrobot.a(nxt_avr.oram)
 .bss.io_from_avr
                0x0000000000203c98        0x4 /usr/local/mindstorms/nxtOSEK/ecrobot/libecrobot.a(nxt_avr.oram)
 .bss.data_from_avr
                0x0000000000203c9c       0x1a /usr/local/mindstorms/nxtOSEK/ecrobot/libecrobot.a(nxt_avr.oram)
 .bss.data_to_avr
                0x0000000000203cb6        0x9 /usr/local/mindstorms/nxtOSEK/ecrobot/libecrobot.a(nxt_avr.oram)
 .bss.io_to_avr
                0x0000000000203cbf        0x8 /usr/local/mindstorms/nxtOSEK/ecrobot/libecrobot.a(nxt_avr.oram)
 *fill*         0x0000000000203cc7        0x1 00
 .bss.display   0x0000000000203cc8        0x4 /usr/local/mindstorms/nxtOSEK/ecrobot/libecrobot.a(nxt_lcd.oram)
                0x0000000000203cd0                . = ALIGN (0x10)
 *fill*         0x0000000000203ccc        0x4 00
                0x0000000000203cd0                __bss_end__ = .
 COMMON         0x0000000000203cd0        0x2 build/kernel/interrupt.o
                0x0000000000203cd0                runisr
                0x0000000000203cd1                sus_all_cnt
 *fill*         0x0000000000203cd2        0x2 00
 COMMON         0x0000000000203cd4       0x10 build/kernel/osctl.o
                0x0000000000203cd4                callevel
                0x0000000000203cd5                _errorhook_svcid
                0x0000000000203cd6                appmode
                0x0000000000203cd8                _errorhook_par1
                0x0000000000203cdc                _errorhook_par3
                0x0000000000203ce0                _errorhook_par2
 COMMON         0x0000000000203ce4        0x3 build/kernel/task.o
                0x0000000000203ce4                runtsk
                0x0000000000203ce5                schedtsk
                0x0000000000203ce6                nextpri
 *fill*         0x0000000000203ce7        0x1 00
 COMMON         0x0000000000203ce8       0x48 build/./kernel_cfg.o
                0x0000000000203ce8                tcb_waievt
                0x0000000000203cec                rescb_prevpri
                0x0000000000203cf0                almcb_prev
                0x0000000000203cf4                tcb_lastres
                0x0000000000203cf8                almcb_almval
                0x0000000000203cfc                tcxb_pc
                0x0000000000203d00                tcb_next
                0x0000000000203d04                tcb_curpri
                0x0000000000203d08                tcb_tstat
                0x0000000000203d0c                isrcb_lastres
                0x0000000000203d10                cntcb_almque
                0x0000000000203d14                rescb_prevres
                0x0000000000203d18                tcb_actcnt
                0x0000000000203d1c                tcb_curevt
                0x0000000000203d20                almcb_cycle
                0x0000000000203d24                tcxb_sp
                0x0000000000203d28                almcb_next
                0x0000000000203d2c                cntcb_curval
 COMMON         0x0000000000203d30       0x44 /usr/local/mindstorms/nxtOSEK/ecrobot/libecrobot.a(uart.oram)
                0x0000000000203d30                uart
 COMMON         0x0000000000203d74        0x4 /usr/local/mindstorms/nxtOSEK/ecrobot/libecrobot.a(data_abort.oram)
                0x0000000000203d74                data_abort_pc
 COMMON         0x0000000000203d78        0x8 /usr/local/mindstorms/nxtOSEK/ecrobot/libecrobot.a(display.oram)
                0x0000000000203d78                display_x
                0x0000000000203d7c                display_y
 COMMON         0x0000000000203d80      0x31c /usr/local/mindstorms/nxtOSEK/ecrobot/libecrobot.a(sound.oram)
                0x0000000000203d80                sample
                0x0000000000203070                __bss_start__ = ADDR (.bss)
                0x000000000020409c                __bss_end__ = (ADDR (.bss) + SIZEOF (.bss))
                0x000000000020409c                PROVIDE (end, .)

.heap_area      0x000000000020409c     0xbadc
                0x000000000020fb78                . = (. + (0x20fb78 - end))
 *fill*         0x000000000020409c     0xbadc 00

.stack          0x000000000020fb78      0x488
                0x000000000020fbf8                . = (. + 0x80)
 *fill*         0x000000000020fb78       0x80 00
                0x000000000020fc00                . = ALIGN (0x10)
 *fill*         0x000000000020fbf8        0x8 00
                0x000000000020fc00                __irq_stack__ = .
                0x000000000020fc00                __system_stack_bottom__ = .
                0x0000000000210000                . = (. + 0x400)
 *fill*         0x000000000020fc00      0x400 00
                0x0000000000210000                . = ALIGN (0x10)
                0x0000000000210000                __system_stack__ = .
                0x0000000000210000                __system_stack_top__ = .
                0x000000000020fb78                __stack_start__ = ADDR (.stack)
                0x0000000000210000                __stack_end__ = (ADDR (.stack) + SIZEOF (.stack))
OUTPUT(main_OSEK_rom.elf elf32-littlearm)

.comment        0x0000000000000000      0x1af
 .comment       0x0000000000000000       0x11 build/kernel/alarm.o
                                         0x12 (size before relaxing)
 .comment       0x0000000000000000       0x12 build/kernel/event.o
 .comment       0x0000000000000000       0x12 build/kernel/interrupt.o
 .comment       0x0000000000000000       0x12 build/kernel/osctl.o
 .comment       0x0000000000000000       0x12 build/kernel/resource.o
 .comment       0x0000000000000000       0x12 build/kernel/task.o
 .comment       0x0000000000000000       0x12 build/kernel/task_manage.o
 .comment       0x0000000000000000       0x12 build/config/at91sam7s-gnu/cpu_config.o
 .comment       0x0000000000000000       0x12 build/config/at91sam7s-gnu/lego_nxt/sys_config.o
 .comment       0x0000000000000000       0x12 build/./kernel_cfg.o
 .comment       0x0000000000000000       0x12 build/syscalls.o
 .comment       0x0000000000000000       0x12 build/ecrobot_bluetooth.o
 .comment       0x0000000000000000       0x12 build/ecrobot_base.o
 .comment       0x0000000000000000       0x12 build/ecrobot.o
 .comment       0x0000000000000000       0x12 build/main.o
 .comment       0x0000000000000000       0x12 build/algs.o
 .comment       0x0000000000000000       0x12 build/syslib/at91sam7s-gnu/lego_nxt/hw_sys_timer.oram
 .comment       0x0000000000000011       0x12 /usr/local/mindstorms/nxtOSEK/ecrobot/libecrobot.a(ecrobot_interface.o)
 .comment       0x0000000000000023       0x12 /usr/local/mindstorms/nxtOSEK/ecrobot/libecrobot.a(colorsensor.o)
 .comment       0x0000000000000035       0x12 /usr/local/mindstorms/nxtOSEK/ecrobot/libecrobot.a(osek_hook.o)
 .comment       0x0000000000000047       0x12 /usr/local/mindstorms/nxtOSEK/ecrobot/libecrobot.a(uart.oram)
 .comment       0x0000000000000059       0x12 /usr/local/mindstorms/nxtOSEK/ecrobot/libecrobot.a(systick.oram)
 .comment       0x000000000000006b       0x12 /usr/local/mindstorms/nxtOSEK/ecrobot/libecrobot.a(byte_fifo.oram)
 .comment       0x000000000000007d       0x12 /usr/local/mindstorms/nxtOSEK/ecrobot/libecrobot.a(aic.oram)
 .comment       0x000000000000008f       0x12 /usr/local/mindstorms/nxtOSEK/ecrobot/libecrobot.a(udp.oram)
 .comment       0x00000000000000a1       0x12 /usr/local/mindstorms/nxtOSEK/ecrobot/libecrobot.a(twi.oram)
 .comment       0x00000000000000b3       0x12 /usr/local/mindstorms/nxtOSEK/ecrobot/libecrobot.a(nxt_spi.oram)
 .comment       0x00000000000000c5       0x12 /usr/local/mindstorms/nxtOSEK/ecrobot/libecrobot.a(nxt_motors.oram)
 .comment       0x00000000000000d7       0x12 /usr/local/mindstorms/nxtOSEK/ecrobot/libecrobot.a(data_abort.oram)
 .comment       0x00000000000000e9       0x12 /usr/local/mindstorms/nxtOSEK/ecrobot/libecrobot.a(display.oram)
 .comment       0x00000000000000fb       0x12 /usr/local/mindstorms/nxtOSEK/ecrobot/libecrobot.a(i2c.oram)
 .comment       0x000000000000010d       0x12 /usr/local/mindstorms/nxtOSEK/ecrobot/libecrobot.a(sound.oram)
 .comment       0x000000000000011f       0x12 /usr/local/mindstorms/nxtOSEK/ecrobot/libecrobot.a(bt.oram)
 .comment       0x0000000000000131       0x12 /usr/local/mindstorms/nxtOSEK/ecrobot/libecrobot.a(nxt_avr.oram)
 .comment       0x0000000000000143       0x12 /usr/local/mindstorms/nxtOSEK/ecrobot/libecrobot.a(sensors.oram)
 .comment       0x0000000000000155       0x12 /usr/local/mindstorms/nxtOSEK/ecrobot/libecrobot.a(sensors1.oram)
 .comment       0x0000000000000167       0x12 /usr/local/mindstorms/nxtOSEK/ecrobot/libecrobot.a(nxt_lcd.oram)
 .comment       0x0000000000000179       0x12 /usr/local/mindstorms/nxtOSEK/ecrobot/libecrobot.a(flash_loader.oram)
 .comment       0x000000000000018b       0x12 /usr/local/mindstorms/nxtOSEK/ecrobot/libecrobot.a(ecrobot_usb.o)
 .comment       0x000000000000019d       0x12 /usr/local/mindstorms/nxtOSEK/ecrobot/libecrobot.a(flashprog.oram)
 .comment       0x0000000000000000       0x12 /usr/local/mindstorms/arm-tools/gnuarm/bin/../lib/gcc/arm-elf/4.4.2/thumb/interwork/libgcc.a(_muldi3.o)
 .comment       0x0000000000000000       0x12 /usr/local/mindstorms/arm-tools/gnuarm/bin/../lib/gcc/arm-elf/4.4.2/thumb/interwork/libgcc.a(_divdi3.o)
 .comment       0x0000000000000000       0x12 /usr/local/mindstorms/arm-tools/gnuarm/bin/../lib/gcc/arm-elf/4.4.2/../../../../arm-elf/lib/thumb/interwork/libc.a(lib_a-abs.o)
 .comment       0x0000000000000000       0x12 /usr/local/mindstorms/arm-tools/gnuarm/bin/../lib/gcc/arm-elf/4.4.2/../../../../arm-elf/lib/thumb/interwork/libc.a(lib_a-memcpy.o)
 .comment       0x0000000000000000       0x12 /usr/local/mindstorms/arm-tools/gnuarm/bin/../lib/gcc/arm-elf/4.4.2/../../../../arm-elf/lib/thumb/interwork/libc.a(lib_a-memset.o)
 .comment       0x0000000000000000       0x12 /usr/local/mindstorms/arm-tools/gnuarm/bin/../lib/gcc/arm-elf/4.4.2/../../../../arm-elf/lib/thumb/interwork/libc.a(lib_a-strcmp.o)
 .comment       0x0000000000000000       0x12 /usr/local/mindstorms/arm-tools/gnuarm/bin/../lib/gcc/arm-elf/4.4.2/../../../../arm-elf/lib/thumb/interwork/libc.a(lib_a-strcpy.o)
 .comment       0x0000000000000000       0x12 /usr/local/mindstorms/arm-tools/gnuarm/bin/../lib/gcc/arm-elf/4.4.2/../../../../arm-elf/lib/thumb/interwork/libc.a(lib_a-strlen.o)
 .comment       0x0000000000000000       0x12 /usr/local/mindstorms/arm-tools/gnuarm/bin/../lib/gcc/arm-elf/4.4.2/../../../../arm-elf/lib/thumb/interwork/libc.a(lib_a-strncpy.o)

.ARM.attributes
                0x0000000000000000       0x10
 .ARM.attributes
                0x0000000000000000       0x10 build/kernel/alarm.o
 .ARM.attributes
                0x0000000000000010       0x10 build/kernel/event.o
 .ARM.attributes
                0x0000000000000020       0x10 build/kernel/interrupt.o
 .ARM.attributes
                0x0000000000000030       0x10 build/kernel/osctl.o
 .ARM.attributes
                0x0000000000000040       0x10 build/kernel/resource.o
 .ARM.attributes
                0x0000000000000050       0x10 build/kernel/task.o
 .ARM.attributes
                0x0000000000000060       0x10 build/kernel/task_manage.o
 .ARM.attributes
                0x0000000000000070       0x10 build/config/at91sam7s-gnu/cpu_config.o
 .ARM.attributes
                0x0000000000000080       0x10 build/config/at91sam7s-gnu/lego_nxt/sys_config.o
 .ARM.attributes
                0x0000000000000090       0x10 build/./kernel_cfg.o
 .ARM.attributes
                0x00000000000000a0       0x10 build/syscalls.o
 .ARM.attributes
                0x00000000000000b0       0x10 build/ecrobot_bluetooth.o
 .ARM.attributes
                0x00000000000000c0       0x10 build/ecrobot_base.o
 .ARM.attributes
                0x00000000000000d0       0x10 build/ecrobot.o
 .ARM.attributes
                0x00000000000000e0       0x10 build/main.o
 .ARM.attributes
                0x00000000000000f0       0x10 build/algs.o
 .ARM.attributes
                0x0000000000000100       0x10 build/syslib/at91sam7s-gnu/lego_nxt/hw_sys_timer.oram
 .ARM.attributes
                0x0000000000000110       0x10 build/nxtvm/platform/nxt/vectors.o
 .ARM.attributes
                0x0000000000000120       0x10 build/config/at91sam7s-gnu/debug.o
 .ARM.attributes
                0x0000000000000130       0x10 build/config/at91sam7s-gnu/lego_nxt/sys_support.o
 .ARM.attributes
                0x0000000000000140       0x10 build/nxt_binary_header.o
 .ARM.attributes
                0x0000000000000150       0x10 build/nxt_entry_point.o
 .ARM.attributes
                0x0000000000000160       0x10 build/ecrobot_init.o
 .ARM.attributes
                0x0000000000000170       0x10 build/config/at91sam7s-gnu/cpu_support.oram
 .ARM.attributes
                0x0000000000000180       0x10 build/config/at91sam7s-gnu/irq.oram
 .ARM.attributes
                0x0000000000000190       0x10 /usr/local/mindstorms/arm-tools/gnuarm/bin/../lib/gcc/arm-elf/4.4.2/thumb/interwork/libgcc.a(_udivsi3.o)
 .ARM.attributes
                0x00000000000001a0       0x10 /usr/local/mindstorms/arm-tools/gnuarm/bin/../lib/gcc/arm-elf/4.4.2/thumb/interwork/libgcc.a(_divsi3.o)
 .ARM.attributes
                0x00000000000001b0       0x10 /usr/local/mindstorms/arm-tools/gnuarm/bin/../lib/gcc/arm-elf/4.4.2/thumb/interwork/libgcc.a(_umodsi3.o)
 .ARM.attributes
                0x00000000000001c0       0x10 /usr/local/mindstorms/arm-tools/gnuarm/bin/../lib/gcc/arm-elf/4.4.2/thumb/interwork/libgcc.a(_modsi3.o)
 .ARM.attributes
                0x00000000000001d0       0x10 /usr/local/mindstorms/arm-tools/gnuarm/bin/../lib/gcc/arm-elf/4.4.2/thumb/interwork/libgcc.a(_dvmd_tls.o)
 .ARM.attributes
                0x00000000000001e0       0x10 /usr/local/mindstorms/arm-tools/gnuarm/bin/../lib/gcc/arm-elf/4.4.2/thumb/interwork/libgcc.a(_arm_addsubdf3.o)
 .ARM.attributes
                0x00000000000001f0       0x10 /usr/local/mindstorms/arm-tools/gnuarm/bin/../lib/gcc/arm-elf/4.4.2/thumb/interwork/libgcc.a(_arm_muldivdf3.o)
 .ARM.attributes
                0x0000000000000200       0x10 /usr/local/mindstorms/arm-tools/gnuarm/bin/../lib/gcc/arm-elf/4.4.2/thumb/interwork/libgcc.a(_arm_cmpdf2.o)
 .ARM.attributes
                0x0000000000000210       0x10 /usr/local/mindstorms/arm-tools/gnuarm/bin/../lib/gcc/arm-elf/4.4.2/thumb/interwork/libgcc.a(_muldi3.o)
 .ARM.attributes
                0x0000000000000220       0x10 /usr/local/mindstorms/arm-tools/gnuarm/bin/../lib/gcc/arm-elf/4.4.2/thumb/interwork/libgcc.a(_divdi3.o)
 .ARM.attributes
                0x0000000000000230       0x10 /usr/local/mindstorms/arm-tools/gnuarm/bin/../lib/gcc/arm-elf/4.4.2/thumb/interwork/libgcc.a(_clzsi2.o)
 .ARM.attributes
                0x0000000000000240       0x10 /usr/local/mindstorms/arm-tools/gnuarm/bin/../lib/gcc/arm-elf/4.4.2/../../../../arm-elf/lib/thumb/interwork/libc.a(lib_a-abs.o)
 .ARM.attributes
                0x0000000000000250       0x10 /usr/local/mindstorms/arm-tools/gnuarm/bin/../lib/gcc/arm-elf/4.4.2/../../../../arm-elf/lib/thumb/interwork/libc.a(lib_a-memcpy.o)
 .ARM.attributes
                0x0000000000000260       0x10 /usr/local/mindstorms/arm-tools/gnuarm/bin/../lib/gcc/arm-elf/4.4.2/../../../../arm-elf/lib/thumb/interwork/libc.a(lib_a-memset.o)
 .ARM.attributes
                0x0000000000000270       0x10 /usr/local/mindstorms/arm-tools/gnuarm/bin/../lib/gcc/arm-elf/4.4.2/../../../../arm-elf/lib/thumb/interwork/libc.a(lib_a-strcmp.o)
 .ARM.attributes
                0x0000000000000280       0x10 /usr/local/mindstorms/arm-tools/gnuarm/bin/../lib/gcc/arm-elf/4.4.2/../../../../arm-elf/lib/thumb/interwork/libc.a(lib_a-strcpy.o)
 .ARM.attributes
                0x0000000000000290       0x10 /usr/local/mindstorms/arm-tools/gnuarm/bin/../lib/gcc/arm-elf/4.4.2/../../../../arm-elf/lib/thumb/interwork/libc.a(lib_a-strlen.o)
 .ARM.attributes
                0x00000000000002a0       0x10 /usr/local/mindstorms/arm-tools/gnuarm/bin/../lib/gcc/arm-elf/4.4.2/../../../../arm-elf/lib/thumb/interwork/libc.a(lib_a-strncpy.o)
 .ARM.attributes
                0x00000000000002b0       0x10 build/nxtvm/platform/nxt/vectors.o

.debug_frame    0x0000000000000000       0xa0
 .debug_frame   0x0000000000000000       0x28 /usr/local/mindstorms/arm-tools/gnuarm/bin/../lib/gcc/arm-elf/4.4.2/thumb/interwork/libgcc.a(_udivsi3.o)
 .debug_frame   0x0000000000000028       0x28 /usr/local/mindstorms/arm-tools/gnuarm/bin/../lib/gcc/arm-elf/4.4.2/thumb/interwork/libgcc.a(_divsi3.o)
 .debug_frame   0x0000000000000050       0x28 /usr/local/mindstorms/arm-tools/gnuarm/bin/../lib/gcc/arm-elf/4.4.2/thumb/interwork/libgcc.a(_umodsi3.o)
 .debug_frame   0x0000000000000078       0x28 /usr/local/mindstorms/arm-tools/gnuarm/bin/../lib/gcc/arm-elf/4.4.2/thumb/interwork/libgcc.a(_modsi3.o)

.debug_line     0x0000000000000000     0x1093
 .debug_line    0x0000000000000000       0x9a /usr/local/mindstorms/arm-tools/gnuarm/bin/../lib/gcc/arm-elf/4.4.2/thumb/interwork/libgcc.a(_udivsi3.o)
 .debug_line    0x000000000000009a       0xa6 /usr/local/mindstorms/arm-tools/gnuarm/bin/../lib/gcc/arm-elf/4.4.2/thumb/interwork/libgcc.a(_divsi3.o)
 .debug_line    0x0000000000000140       0x92 /usr/local/mindstorms/arm-tools/gnuarm/bin/../lib/gcc/arm-elf/4.4.2/thumb/interwork/libgcc.a(_umodsi3.o)
 .debug_line    0x00000000000001d2       0x9b /usr/local/mindstorms/arm-tools/gnuarm/bin/../lib/gcc/arm-elf/4.4.2/thumb/interwork/libgcc.a(_modsi3.o)
 .debug_line    0x000000000000026d       0x84 /usr/local/mindstorms/arm-tools/gnuarm/bin/../lib/gcc/arm-elf/4.4.2/thumb/interwork/libgcc.a(_dvmd_tls.o)
 .debug_line    0x00000000000002f1      0x18c /usr/local/mindstorms/arm-tools/gnuarm/bin/../lib/gcc/arm-elf/4.4.2/thumb/interwork/libgcc.a(_arm_addsubdf3.o)
 .debug_line    0x000000000000047d      0x1a1 /usr/local/mindstorms/arm-tools/gnuarm/bin/../lib/gcc/arm-elf/4.4.2/thumb/interwork/libgcc.a(_arm_muldivdf3.o)
 .debug_line    0x000000000000061e       0xce /usr/local/mindstorms/arm-tools/gnuarm/bin/../lib/gcc/arm-elf/4.4.2/thumb/interwork/libgcc.a(_arm_cmpdf2.o)
 .debug_line    0x00000000000006ec       0x8f /usr/local/mindstorms/arm-tools/gnuarm/bin/../lib/gcc/arm-elf/4.4.2/thumb/interwork/libgcc.a(_muldi3.o)
 .debug_line    0x000000000000077b       0xf0 /usr/local/mindstorms/arm-tools/gnuarm/bin/../lib/gcc/arm-elf/4.4.2/thumb/interwork/libgcc.a(_divdi3.o)
 .debug_line    0x000000000000086b       0x91 /usr/local/mindstorms/arm-tools/gnuarm/bin/../lib/gcc/arm-elf/4.4.2/thumb/interwork/libgcc.a(_clzsi2.o)
 .debug_line    0x00000000000008fc       0xcc /usr/local/mindstorms/arm-tools/gnuarm/bin/../lib/gcc/arm-elf/4.4.2/../../../../arm-elf/lib/thumb/interwork/libc.a(lib_a-abs.o)
 .debug_line    0x00000000000009c8      0x165 /usr/local/mindstorms/arm-tools/gnuarm/bin/../lib/gcc/arm-elf/4.4.2/../../../../arm-elf/lib/thumb/interwork/libc.a(lib_a-memcpy.o)
 .debug_line    0x0000000000000b2d      0x160 /usr/local/mindstorms/arm-tools/gnuarm/bin/../lib/gcc/arm-elf/4.4.2/../../../../arm-elf/lib/thumb/interwork/libc.a(lib_a-memset.o)
 .debug_line    0x0000000000000c8d       0xd3 /usr/local/mindstorms/arm-tools/gnuarm/bin/../lib/gcc/arm-elf/4.4.2/../../../../arm-elf/lib/thumb/interwork/libc.a(lib_a-strcmp.o)
 .debug_line    0x0000000000000d60       0xd3 /usr/local/mindstorms/arm-tools/gnuarm/bin/../lib/gcc/arm-elf/4.4.2/../../../../arm-elf/lib/thumb/interwork/libc.a(lib_a-strcpy.o)
 .debug_line    0x0000000000000e33      0x126 /usr/local/mindstorms/arm-tools/gnuarm/bin/../lib/gcc/arm-elf/4.4.2/../../../../arm-elf/lib/thumb/interwork/libc.a(lib_a-strlen.o)
 .debug_line    0x0000000000000f59      0x13a /usr/local/mindstorms/arm-tools/gnuarm/bin/../lib/gcc/arm-elf/4.4.2/../../../../arm-elf/lib/thumb/interwork/libc.a(lib_a-strncpy.o)

.debug_info     0x0000000000000000     0x15c9
 .debug_info    0x0000000000000000       0xca /usr/local/mindstorms/arm-tools/gnuarm/bin/../lib/gcc/arm-elf/4.4.2/thumb/interwork/libgcc.a(_udivsi3.o)
 .debug_info    0x00000000000000ca       0xca /usr/local/mindstorms/arm-tools/gnuarm/bin/../lib/gcc/arm-elf/4.4.2/thumb/interwork/libgcc.a(_divsi3.o)
 .debug_info    0x0000000000000194       0xca /usr/local/mindstorms/arm-tools/gnuarm/bin/../lib/gcc/arm-elf/4.4.2/thumb/interwork/libgcc.a(_umodsi3.o)
 .debug_info    0x000000000000025e       0xca /usr/local/mindstorms/arm-tools/gnuarm/bin/../lib/gcc/arm-elf/4.4.2/thumb/interwork/libgcc.a(_modsi3.o)
 .debug_info    0x0000000000000328       0xca /usr/local/mindstorms/arm-tools/gnuarm/bin/../lib/gcc/arm-elf/4.4.2/thumb/interwork/libgcc.a(_dvmd_tls.o)
 .debug_info    0x00000000000003f2       0xc9 /usr/local/mindstorms/arm-tools/gnuarm/bin/../lib/gcc/arm-elf/4.4.2/thumb/interwork/libgcc.a(_arm_addsubdf3.o)
 .debug_info    0x00000000000004bb       0xc9 /usr/local/mindstorms/arm-tools/gnuarm/bin/../lib/gcc/arm-elf/4.4.2/thumb/interwork/libgcc.a(_arm_muldivdf3.o)
 .debug_info    0x0000000000000584       0xc9 /usr/local/mindstorms/arm-tools/gnuarm/bin/../lib/gcc/arm-elf/4.4.2/thumb/interwork/libgcc.a(_arm_cmpdf2.o)
 .debug_info    0x000000000000064d      0x20e /usr/local/mindstorms/arm-tools/gnuarm/bin/../lib/gcc/arm-elf/4.4.2/thumb/interwork/libgcc.a(_muldi3.o)
 .debug_info    0x000000000000085b      0x669 /usr/local/mindstorms/arm-tools/gnuarm/bin/../lib/gcc/arm-elf/4.4.2/thumb/interwork/libgcc.a(_divdi3.o)
 .debug_info    0x0000000000000ec4       0xca /usr/local/mindstorms/arm-tools/gnuarm/bin/../lib/gcc/arm-elf/4.4.2/thumb/interwork/libgcc.a(_clzsi2.o)
 .debug_info    0x0000000000000f8e       0x97 /usr/local/mindstorms/arm-tools/gnuarm/bin/../lib/gcc/arm-elf/4.4.2/../../../../arm-elf/lib/thumb/interwork/libc.a(lib_a-abs.o)
 .debug_info    0x0000000000001025      0x13e /usr/local/mindstorms/arm-tools/gnuarm/bin/../lib/gcc/arm-elf/4.4.2/../../../../arm-elf/lib/thumb/interwork/libc.a(lib_a-memcpy.o)
 .debug_info    0x0000000000001163      0x111 /usr/local/mindstorms/arm-tools/gnuarm/bin/../lib/gcc/arm-elf/4.4.2/../../../../arm-elf/lib/thumb/interwork/libc.a(lib_a-memset.o)
 .debug_info    0x0000000000001274       0xaf /usr/local/mindstorms/arm-tools/gnuarm/bin/../lib/gcc/arm-elf/4.4.2/../../../../arm-elf/lib/thumb/interwork/libc.a(lib_a-strcmp.o)
 .debug_info    0x0000000000001323       0xb7 /usr/local/mindstorms/arm-tools/gnuarm/bin/../lib/gcc/arm-elf/4.4.2/../../../../arm-elf/lib/thumb/interwork/libc.a(lib_a-strcpy.o)
 .debug_info    0x00000000000013da       0xcb /usr/local/mindstorms/arm-tools/gnuarm/bin/../lib/gcc/arm-elf/4.4.2/../../../../arm-elf/lib/thumb/interwork/libc.a(lib_a-strlen.o)
 .debug_info    0x00000000000014a5      0x124 /usr/local/mindstorms/arm-tools/gnuarm/bin/../lib/gcc/arm-elf/4.4.2/../../../../arm-elf/lib/thumb/interwork/libc.a(lib_a-strncpy.o)

.debug_abbrev   0x0000000000000000      0x6cb
 .debug_abbrev  0x0000000000000000       0x14 /usr/local/mindstorms/arm-tools/gnuarm/bin/../lib/gcc/arm-elf/4.4.2/thumb/interwork/libgcc.a(_udivsi3.o)
 .debug_abbrev  0x0000000000000014       0x14 /usr/local/mindstorms/arm-tools/gnuarm/bin/../lib/gcc/arm-elf/4.4.2/thumb/interwork/libgcc.a(_divsi3.o)
 .debug_abbrev  0x0000000000000028       0x14 /usr/local/mindstorms/arm-tools/gnuarm/bin/../lib/gcc/arm-elf/4.4.2/thumb/interwork/libgcc.a(_umodsi3.o)
 .debug_abbrev  0x000000000000003c       0x14 /usr/local/mindstorms/arm-tools/gnuarm/bin/../lib/gcc/arm-elf/4.4.2/thumb/interwork/libgcc.a(_modsi3.o)
 .debug_abbrev  0x0000000000000050       0x14 /usr/local/mindstorms/arm-tools/gnuarm/bin/../lib/gcc/arm-elf/4.4.2/thumb/interwork/libgcc.a(_dvmd_tls.o)
 .debug_abbrev  0x0000000000000064       0x14 /usr/local/mindstorms/arm-tools/gnuarm/bin/../lib/gcc/arm-elf/4.4.2/thumb/interwork/libgcc.a(_arm_addsubdf3.o)
 .debug_abbrev  0x0000000000000078       0x14 /usr/local/mindstorms/arm-tools/gnuarm/bin/../lib/gcc/arm-elf/4.4.2/thumb/interwork/libgcc.a(_arm_muldivdf3.o)
 .debug_abbrev  0x000000000000008c       0x14 /usr/local/mindstorms/arm-tools/gnuarm/bin/../lib/gcc/arm-elf/4.4.2/thumb/interwork/libgcc.a(_arm_cmpdf2.o)
 .debug_abbrev  0x00000000000000a0       0xf5 /usr/local/mindstorms/arm-tools/gnuarm/bin/../lib/gcc/arm-elf/4.4.2/thumb/interwork/libgcc.a(_muldi3.o)
 .debug_abbrev  0x0000000000000195      0x169 /usr/local/mindstorms/arm-tools/gnuarm/bin/../lib/gcc/arm-elf/4.4.2/thumb/interwork/libgcc.a(_divdi3.o)
 .debug_abbrev  0x00000000000002fe       0x14 /usr/local/mindstorms/arm-tools/gnuarm/bin/../lib/gcc/arm-elf/4.4.2/thumb/interwork/libgcc.a(_clzsi2.o)
 .debug_abbrev  0x0000000000000312       0x57 /usr/local/mindstorms/arm-tools/gnuarm/bin/../lib/gcc/arm-elf/4.4.2/../../../../arm-elf/lib/thumb/interwork/libc.a(lib_a-abs.o)
 .debug_abbrev  0x0000000000000369       0xa0 /usr/local/mindstorms/arm-tools/gnuarm/bin/../lib/gcc/arm-elf/4.4.2/../../../../arm-elf/lib/thumb/interwork/libc.a(lib_a-memcpy.o)
 .debug_abbrev  0x0000000000000409       0xa1 /usr/local/mindstorms/arm-tools/gnuarm/bin/../lib/gcc/arm-elf/4.4.2/../../../../arm-elf/lib/thumb/interwork/libc.a(lib_a-memset.o)
 .debug_abbrev  0x00000000000004aa       0x76 /usr/local/mindstorms/arm-tools/gnuarm/bin/../lib/gcc/arm-elf/4.4.2/../../../../arm-elf/lib/thumb/interwork/libc.a(lib_a-strcmp.o)
 .debug_abbrev  0x0000000000000520       0x76 /usr/local/mindstorms/arm-tools/gnuarm/bin/../lib/gcc/arm-elf/4.4.2/../../../../arm-elf/lib/thumb/interwork/libc.a(lib_a-strcpy.o)
 .debug_abbrev  0x0000000000000596       0x92 /usr/local/mindstorms/arm-tools/gnuarm/bin/../lib/gcc/arm-elf/4.4.2/../../../../arm-elf/lib/thumb/interwork/libc.a(lib_a-strlen.o)
 .debug_abbrev  0x0000000000000628       0xa3 /usr/local/mindstorms/arm-tools/gnuarm/bin/../lib/gcc/arm-elf/4.4.2/../../../../arm-elf/lib/thumb/interwork/libc.a(lib_a-strncpy.o)

.debug_aranges  0x0000000000000000      0x240
 .debug_aranges
                0x0000000000000000       0x20 /usr/local/mindstorms/arm-tools/gnuarm/bin/../lib/gcc/arm-elf/4.4.2/thumb/interwork/libgcc.a(_udivsi3.o)
 .debug_aranges
                0x0000000000000020       0x20 /usr/local/mindstorms/arm-tools/gnuarm/bin/../lib/gcc/arm-elf/4.4.2/thumb/interwork/libgcc.a(_divsi3.o)
 .debug_aranges
                0x0000000000000040       0x20 /usr/local/mindstorms/arm-tools/gnuarm/bin/../lib/gcc/arm-elf/4.4.2/thumb/interwork/libgcc.a(_umodsi3.o)
 .debug_aranges
                0x0000000000000060       0x20 /usr/local/mindstorms/arm-tools/gnuarm/bin/../lib/gcc/arm-elf/4.4.2/thumb/interwork/libgcc.a(_modsi3.o)
 .debug_aranges
                0x0000000000000080       0x20 /usr/local/mindstorms/arm-tools/gnuarm/bin/../lib/gcc/arm-elf/4.4.2/thumb/interwork/libgcc.a(_dvmd_tls.o)
 .debug_aranges
                0x00000000000000a0       0x20 /usr/local/mindstorms/arm-tools/gnuarm/bin/../lib/gcc/arm-elf/4.4.2/thumb/interwork/libgcc.a(_arm_addsubdf3.o)
 .debug_aranges
                0x00000000000000c0       0x20 /usr/local/mindstorms/arm-tools/gnuarm/bin/../lib/gcc/arm-elf/4.4.2/thumb/interwork/libgcc.a(_arm_muldivdf3.o)
 .debug_aranges
                0x00000000000000e0       0x20 /usr/local/mindstorms/arm-tools/gnuarm/bin/../lib/gcc/arm-elf/4.4.2/thumb/interwork/libgcc.a(_arm_cmpdf2.o)
 .debug_aranges
                0x0000000000000100       0x20 /usr/local/mindstorms/arm-tools/gnuarm/bin/../lib/gcc/arm-elf/4.4.2/thumb/interwork/libgcc.a(_muldi3.o)
 .debug_aranges
                0x0000000000000120       0x20 /usr/local/mindstorms/arm-tools/gnuarm/bin/../lib/gcc/arm-elf/4.4.2/thumb/interwork/libgcc.a(_divdi3.o)
 .debug_aranges
                0x0000000000000140       0x20 /usr/local/mindstorms/arm-tools/gnuarm/bin/../lib/gcc/arm-elf/4.4.2/thumb/interwork/libgcc.a(_clzsi2.o)
 .debug_aranges
                0x0000000000000160       0x20 /usr/local/mindstorms/arm-tools/gnuarm/bin/../lib/gcc/arm-elf/4.4.2/../../../../arm-elf/lib/thumb/interwork/libc.a(lib_a-abs.o)
 .debug_aranges
                0x0000000000000180       0x20 /usr/local/mindstorms/arm-tools/gnuarm/bin/../lib/gcc/arm-elf/4.4.2/../../../../arm-elf/lib/thumb/interwork/libc.a(lib_a-memcpy.o)
 .debug_aranges
                0x00000000000001a0       0x20 /usr/local/mindstorms/arm-tools/gnuarm/bin/../lib/gcc/arm-elf/4.4.2/../../../../arm-elf/lib/thumb/interwork/libc.a(lib_a-memset.o)
 .debug_aranges
                0x00000000000001c0       0x20 /usr/local/mindstorms/arm-tools/gnuarm/bin/../lib/gcc/arm-elf/4.4.2/../../../../arm-elf/lib/thumb/interwork/libc.a(lib_a-strcmp.o)
 .debug_aranges
                0x00000000000001e0       0x20 /usr/local/mindstorms/arm-tools/gnuarm/bin/../lib/gcc/arm-elf/4.4.2/../../../../arm-elf/lib/thumb/interwork/libc.a(lib_a-strcpy.o)
 .debug_aranges
                0x0000000000000200       0x20 /usr/local/mindstorms/arm-tools/gnuarm/bin/../lib/gcc/arm-elf/4.4.2/../../../../arm-elf/lib/thumb/interwork/libc.a(lib_a-strlen.o)
 .debug_aranges
                0x0000000000000220       0x20 /usr/local/mindstorms/arm-tools/gnuarm/bin/../lib/gcc/arm-elf/4.4.2/../../../../arm-elf/lib/thumb/interwork/libc.a(lib_a-strncpy.o)

.debug_loc      0x0000000000000000      0xceb
 .debug_loc     0x0000000000000000      0x156 /usr/local/mindstorms/arm-tools/gnuarm/bin/../lib/gcc/arm-elf/4.4.2/thumb/interwork/libgcc.a(_muldi3.o)
 .debug_loc     0x0000000000000156      0x800 /usr/local/mindstorms/arm-tools/gnuarm/bin/../lib/gcc/arm-elf/4.4.2/thumb/interwork/libgcc.a(_divdi3.o)
 .debug_loc     0x0000000000000956       0x13 /usr/local/mindstorms/arm-tools/gnuarm/bin/../lib/gcc/arm-elf/4.4.2/../../../../arm-elf/lib/thumb/interwork/libc.a(lib_a-abs.o)
 .debug_loc     0x0000000000000969      0x13b /usr/local/mindstorms/arm-tools/gnuarm/bin/../lib/gcc/arm-elf/4.4.2/../../../../arm-elf/lib/thumb/interwork/libc.a(lib_a-memcpy.o)
 .debug_loc     0x0000000000000aa4       0xfc /usr/local/mindstorms/arm-tools/gnuarm/bin/../lib/gcc/arm-elf/4.4.2/../../../../arm-elf/lib/thumb/interwork/libc.a(lib_a-memset.o)
 .debug_loc     0x0000000000000ba0       0x13 /usr/local/mindstorms/arm-tools/gnuarm/bin/../lib/gcc/arm-elf/4.4.2/../../../../arm-elf/lib/thumb/interwork/libc.a(lib_a-strcmp.o)
 .debug_loc     0x0000000000000bb3       0x13 /usr/local/mindstorms/arm-tools/gnuarm/bin/../lib/gcc/arm-elf/4.4.2/../../../../arm-elf/lib/thumb/interwork/libc.a(lib_a-strcpy.o)
 .debug_loc     0x0000000000000bc6       0x26 /usr/local/mindstorms/arm-tools/gnuarm/bin/../lib/gcc/arm-elf/4.4.2/../../../../arm-elf/lib/thumb/interwork/libc.a(lib_a-strlen.o)
 .debug_loc     0x0000000000000bec       0xff /usr/local/mindstorms/arm-tools/gnuarm/bin/../lib/gcc/arm-elf/4.4.2/../../../../arm-elf/lib/thumb/interwork/libc.a(lib_a-strncpy.o)

.debug_pubnames
                0x0000000000000000      0x107
 .debug_pubnames
                0x0000000000000000       0x1f /usr/local/mindstorms/arm-tools/gnuarm/bin/../lib/gcc/arm-elf/4.4.2/thumb/interwork/libgcc.a(_muldi3.o)
 .debug_pubnames
                0x000000000000001f       0x1f /usr/local/mindstorms/arm-tools/gnuarm/bin/../lib/gcc/arm-elf/4.4.2/thumb/interwork/libgcc.a(_divdi3.o)
 .debug_pubnames
                0x000000000000003e       0x1a /usr/local/mindstorms/arm-tools/gnuarm/bin/../lib/gcc/arm-elf/4.4.2/../../../../arm-elf/lib/thumb/interwork/libc.a(lib_a-abs.o)
 .debug_pubnames
                0x0000000000000058       0x1d /usr/local/mindstorms/arm-tools/gnuarm/bin/../lib/gcc/arm-elf/4.4.2/../../../../arm-elf/lib/thumb/interwork/libc.a(lib_a-memcpy.o)
 .debug_pubnames
                0x0000000000000075       0x1d /usr/local/mindstorms/arm-tools/gnuarm/bin/../lib/gcc/arm-elf/4.4.2/../../../../arm-elf/lib/thumb/interwork/libc.a(lib_a-memset.o)
 .debug_pubnames
                0x0000000000000092       0x1d /usr/local/mindstorms/arm-tools/gnuarm/bin/../lib/gcc/arm-elf/4.4.2/../../../../arm-elf/lib/thumb/interwork/libc.a(lib_a-strcmp.o)
 .debug_pubnames
                0x00000000000000af       0x1d /usr/local/mindstorms/arm-tools/gnuarm/bin/../lib/gcc/arm-elf/4.4.2/../../../../arm-elf/lib/thumb/interwork/libc.a(lib_a-strcpy.o)
 .debug_pubnames
                0x00000000000000cc       0x1d /usr/local/mindstorms/arm-tools/gnuarm/bin/../lib/gcc/arm-elf/4.4.2/../../../../arm-elf/lib/thumb/interwork/libc.a(lib_a-strlen.o)
 .debug_pubnames
                0x00000000000000e9       0x1e /usr/local/mindstorms/arm-tools/gnuarm/bin/../lib/gcc/arm-elf/4.4.2/../../../../arm-elf/lib/thumb/interwork/libc.a(lib_a-strncpy.o)

.debug_ranges   0x0000000000000000      0x120
 .debug_ranges  0x0000000000000000       0x40 /usr/local/mindstorms/arm-tools/gnuarm/bin/../lib/gcc/arm-elf/4.4.2/thumb/interwork/libgcc.a(_muldi3.o)
 .debug_ranges  0x0000000000000040       0xe0 /usr/local/mindstorms/arm-tools/gnuarm/bin/../lib/gcc/arm-elf/4.4.2/thumb/interwork/libgcc.a(_divdi3.o)

.debug_str      0x0000000000000000      0x43a
 .debug_str     0x0000000000000000      0x15b /usr/local/mindstorms/arm-tools/gnuarm/bin/../lib/gcc/arm-elf/4.4.2/thumb/interwork/libgcc.a(_muldi3.o)
                                        0x1af (size before relaxing)
 .debug_str     0x000000000000015b       0x3c /usr/local/mindstorms/arm-tools/gnuarm/bin/../lib/gcc/arm-elf/4.4.2/thumb/interwork/libgcc.a(_divdi3.o)
                                        0x1e2 (size before relaxing)
 .debug_str     0x0000000000000197       0x4a /usr/local/mindstorms/arm-tools/gnuarm/bin/../lib/gcc/arm-elf/4.4.2/../../../../arm-elf/lib/thumb/interwork/libc.a(lib_a-abs.o)
                                         0xdf (size before relaxing)
 .debug_str     0x00000000000001e1       0x82 /usr/local/mindstorms/arm-tools/gnuarm/bin/../lib/gcc/arm-elf/4.4.2/../../../../arm-elf/lib/thumb/interwork/libc.a(lib_a-memcpy.o)
                                        0x117 (size before relaxing)
 .debug_str     0x0000000000000263       0x68 /usr/local/mindstorms/arm-tools/gnuarm/bin/../lib/gcc/arm-elf/4.4.2/../../../../arm-elf/lib/thumb/interwork/libc.a(lib_a-memset.o)
                                        0x104 (size before relaxing)
 .debug_str     0x00000000000002cb       0x59 /usr/local/mindstorms/arm-tools/gnuarm/bin/../lib/gcc/arm-elf/4.4.2/../../../../arm-elf/lib/thumb/interwork/libc.a(lib_a-strcmp.o)
                                         0xee (size before relaxing)
 .debug_str     0x0000000000000324       0x59 /usr/local/mindstorms/arm-tools/gnuarm/bin/../lib/gcc/arm-elf/4.4.2/../../../../arm-elf/lib/thumb/interwork/libc.a(lib_a-strcpy.o)
                                         0xee (size before relaxing)
 .debug_str     0x000000000000037d       0x61 /usr/local/mindstorms/arm-tools/gnuarm/bin/../lib/gcc/arm-elf/4.4.2/../../../../arm-elf/lib/thumb/interwork/libc.a(lib_a-strlen.o)
                                         0xfd (size before relaxing)
 .debug_str     0x00000000000003de       0x5c /usr/local/mindstorms/arm-tools/gnuarm/bin/../lib/gcc/arm-elf/4.4.2/../../../../arm-elf/lib/thumb/interwork/libc.a(lib_a-strncpy.o)
                                        0x11a (size before relaxing)

Cross Reference Table

Symbol                                            File
ActivateTask                                      build/kernel/task_manage.o
CancelAlarm                                       build/kernel/alarm.o
ChainTask                                         build/kernel/task_manage.o
ClearEvent                                        build/kernel/event.o
DisableAllInterrupts                              build/kernel/interrupt.o
EnableAllInterrupts                               build/kernel/interrupt.o
ErrorHook                                         /usr/local/mindstorms/nxtOSEK/ecrobot/libecrobot.a(osek_hook.o)
                                                  build/kernel/osctl.o
GetActiveApplicationMode                          build/kernel/osctl.o
GetAlarm                                          build/kernel/alarm.o
GetAlarmBase                                      build/kernel/alarm.o
GetEvent                                          build/kernel/event.o
GetResource                                       build/kernel/resource.o
GetTaskID                                         build/kernel/task_manage.o
GetTaskState                                      build/kernel/task_manage.o
NXT_COLORSENSOR_PROTOCOLS                         /usr/local/mindstorms/nxtOSEK/ecrobot/libecrobot.a(ecrobot_interface.o)
NXT_Entry_Point                                   build/nxt_entry_point.o
                                                  build/nxt_binary_header.o
OSEK_Task_Background                              build/./kernel_cfg.o
PostTaskHook                                      /usr/local/mindstorms/nxtOSEK/ecrobot/libecrobot.a(osek_hook.o)
                                                  build/config/at91sam7s-gnu/cpu_support.oram
                                                  build/kernel/osctl.o
PreTaskHook                                       /usr/local/mindstorms/nxtOSEK/ecrobot/libecrobot.a(osek_hook.o)
                                                  build/config/at91sam7s-gnu/cpu_support.oram
                                                  build/kernel/osctl.o
ReleaseResource                                   build/kernel/resource.o
ResumeAllInterrupts                               build/kernel/interrupt.o
ResumeOSInterrupts                                build/kernel/interrupt.o
Schedule                                          build/kernel/task_manage.o
SetAbsAlarm                                       build/kernel/alarm.o
SetEvent                                          build/kernel/event.o
SetRelAlarm                                       build/kernel/alarm.o
ShutdownHook                                      /usr/local/mindstorms/nxtOSEK/ecrobot/libecrobot.a(osek_hook.o)
                                                  build/kernel/osctl.o
ShutdownOS                                        build/kernel/osctl.o
SignalCounter                                     build/kernel/alarm.o
StartOS                                           build/kernel/osctl.o
                                                  build/ecrobot.o
StartupHook                                       /usr/local/mindstorms/nxtOSEK/ecrobot/libecrobot.a(osek_hook.o)
                                                  build/kernel/osctl.o
SuspendAllInterrupts                              build/kernel/interrupt.o
SuspendOSInterrupts                               build/kernel/interrupt.o
TaskMainOSEK_Task_Background                      build/main.o
                                                  build/./kernel_cfg.o
TerminateTask                                     build/kernel/task_manage.o
WaitEvent                                         build/kernel/event.o
__adddf3                                          /usr/local/mindstorms/arm-tools/gnuarm/bin/../lib/gcc/arm-elf/4.4.2/thumb/interwork/libgcc.a(_arm_addsubdf3.o)
__aeabi_cdcmpeq                                   /usr/local/mindstorms/arm-tools/gnuarm/bin/../lib/gcc/arm-elf/4.4.2/thumb/interwork/libgcc.a(_arm_cmpdf2.o)
__aeabi_cdcmple                                   /usr/local/mindstorms/arm-tools/gnuarm/bin/../lib/gcc/arm-elf/4.4.2/thumb/interwork/libgcc.a(_arm_cmpdf2.o)
__aeabi_cdrcmple                                  /usr/local/mindstorms/arm-tools/gnuarm/bin/../lib/gcc/arm-elf/4.4.2/thumb/interwork/libgcc.a(_arm_cmpdf2.o)
__aeabi_dadd                                      /usr/local/mindstorms/arm-tools/gnuarm/bin/../lib/gcc/arm-elf/4.4.2/thumb/interwork/libgcc.a(_arm_addsubdf3.o)
__aeabi_dcmpeq                                    /usr/local/mindstorms/arm-tools/gnuarm/bin/../lib/gcc/arm-elf/4.4.2/thumb/interwork/libgcc.a(_arm_cmpdf2.o)
__aeabi_dcmpge                                    /usr/local/mindstorms/arm-tools/gnuarm/bin/../lib/gcc/arm-elf/4.4.2/thumb/interwork/libgcc.a(_arm_cmpdf2.o)
__aeabi_dcmpgt                                    /usr/local/mindstorms/arm-tools/gnuarm/bin/../lib/gcc/arm-elf/4.4.2/thumb/interwork/libgcc.a(_arm_cmpdf2.o)
__aeabi_dcmple                                    /usr/local/mindstorms/arm-tools/gnuarm/bin/../lib/gcc/arm-elf/4.4.2/thumb/interwork/libgcc.a(_arm_cmpdf2.o)
__aeabi_dcmplt                                    /usr/local/mindstorms/arm-tools/gnuarm/bin/../lib/gcc/arm-elf/4.4.2/thumb/interwork/libgcc.a(_arm_cmpdf2.o)
__aeabi_ddiv                                      /usr/local/mindstorms/arm-tools/gnuarm/bin/../lib/gcc/arm-elf/4.4.2/thumb/interwork/libgcc.a(_arm_muldivdf3.o)
__aeabi_dmul                                      /usr/local/mindstorms/arm-tools/gnuarm/bin/../lib/gcc/arm-elf/4.4.2/thumb/interwork/libgcc.a(_arm_muldivdf3.o)
__aeabi_drsub                                     /usr/local/mindstorms/arm-tools/gnuarm/bin/../lib/gcc/arm-elf/4.4.2/thumb/interwork/libgcc.a(_arm_addsubdf3.o)
__aeabi_dsub                                      /usr/local/mindstorms/arm-tools/gnuarm/bin/../lib/gcc/arm-elf/4.4.2/thumb/interwork/libgcc.a(_arm_addsubdf3.o)
__aeabi_f2d                                       /usr/local/mindstorms/arm-tools/gnuarm/bin/../lib/gcc/arm-elf/4.4.2/thumb/interwork/libgcc.a(_arm_addsubdf3.o)
__aeabi_i2d                                       /usr/local/mindstorms/arm-tools/gnuarm/bin/../lib/gcc/arm-elf/4.4.2/thumb/interwork/libgcc.a(_arm_addsubdf3.o)
__aeabi_idiv                                      /usr/local/mindstorms/arm-tools/gnuarm/bin/../lib/gcc/arm-elf/4.4.2/thumb/interwork/libgcc.a(_divsi3.o)
__aeabi_idiv0                                     /usr/local/mindstorms/arm-tools/gnuarm/bin/../lib/gcc/arm-elf/4.4.2/thumb/interwork/libgcc.a(_dvmd_tls.o)
__aeabi_idivmod                                   /usr/local/mindstorms/arm-tools/gnuarm/bin/../lib/gcc/arm-elf/4.4.2/thumb/interwork/libgcc.a(_divsi3.o)
__aeabi_l2d                                       /usr/local/mindstorms/arm-tools/gnuarm/bin/../lib/gcc/arm-elf/4.4.2/thumb/interwork/libgcc.a(_arm_addsubdf3.o)
__aeabi_ldiv0                                     /usr/local/mindstorms/arm-tools/gnuarm/bin/../lib/gcc/arm-elf/4.4.2/thumb/interwork/libgcc.a(_dvmd_tls.o)
__aeabi_ui2d                                      /usr/local/mindstorms/arm-tools/gnuarm/bin/../lib/gcc/arm-elf/4.4.2/thumb/interwork/libgcc.a(_arm_addsubdf3.o)
__aeabi_uidiv                                     /usr/local/mindstorms/arm-tools/gnuarm/bin/../lib/gcc/arm-elf/4.4.2/thumb/interwork/libgcc.a(_udivsi3.o)
__aeabi_uidivmod                                  /usr/local/mindstorms/arm-tools/gnuarm/bin/../lib/gcc/arm-elf/4.4.2/thumb/interwork/libgcc.a(_udivsi3.o)
__aeabi_ul2d                                      /usr/local/mindstorms/arm-tools/gnuarm/bin/../lib/gcc/arm-elf/4.4.2/thumb/interwork/libgcc.a(_arm_addsubdf3.o)
__bss_end__                                       build/ecrobot_init.o
__bss_start__                                     build/ecrobot_init.o
__call_posttaskhook_from_arm                      linker stubs
__call_pretaskhook_from_arm                       linker stubs
__clzsi2                                          /usr/local/mindstorms/arm-tools/gnuarm/bin/../lib/gcc/arm-elf/4.4.2/thumb/interwork/libgcc.a(_clzsi2.o)
                                                  /usr/local/mindstorms/arm-tools/gnuarm/bin/../lib/gcc/arm-elf/4.4.2/thumb/interwork/libgcc.a(_divdi3.o)
__cmpdf2                                          /usr/local/mindstorms/arm-tools/gnuarm/bin/../lib/gcc/arm-elf/4.4.2/thumb/interwork/libgcc.a(_arm_cmpdf2.o)
__ctor_begin                                      build/ecrobot_base.o
__ctor_end                                        build/ecrobot_base.o
__data_load_end__                                 build/ecrobot_init.o
__data_load_start__                               build/ecrobot_init.o
__data_ram_start__                                build/ecrobot_init.o
__div0                                            /usr/local/mindstorms/arm-tools/gnuarm/bin/../lib/gcc/arm-elf/4.4.2/thumb/interwork/libgcc.a(_dvmd_tls.o)
                                                  /usr/local/mindstorms/arm-tools/gnuarm/bin/../lib/gcc/arm-elf/4.4.2/thumb/interwork/libgcc.a(_modsi3.o)
                                                  /usr/local/mindstorms/arm-tools/gnuarm/bin/../lib/gcc/arm-elf/4.4.2/thumb/interwork/libgcc.a(_umodsi3.o)
                                                  /usr/local/mindstorms/arm-tools/gnuarm/bin/../lib/gcc/arm-elf/4.4.2/thumb/interwork/libgcc.a(_divsi3.o)
                                                  /usr/local/mindstorms/arm-tools/gnuarm/bin/../lib/gcc/arm-elf/4.4.2/thumb/interwork/libgcc.a(_udivsi3.o)
__divdf3                                          /usr/local/mindstorms/arm-tools/gnuarm/bin/../lib/gcc/arm-elf/4.4.2/thumb/interwork/libgcc.a(_arm_muldivdf3.o)
__divdi3                                          /usr/local/mindstorms/arm-tools/gnuarm/bin/../lib/gcc/arm-elf/4.4.2/thumb/interwork/libgcc.a(_divdi3.o)
                                                  /usr/local/mindstorms/nxtOSEK/ecrobot/libecrobot.a(sound.oram)
__divsi3                                          /usr/local/mindstorms/arm-tools/gnuarm/bin/../lib/gcc/arm-elf/4.4.2/thumb/interwork/libgcc.a(_divsi3.o)
                                                  /usr/local/mindstorms/nxtOSEK/ecrobot/libecrobot.a(sound.oram)
                                                  /usr/local/mindstorms/nxtOSEK/ecrobot/libecrobot.a(uart.oram)
                                                  build/algs.o
__dtor_begin                                      build/ecrobot_base.o
__dtor_end                                        build/ecrobot_base.o
__eqdf2                                           /usr/local/mindstorms/arm-tools/gnuarm/bin/../lib/gcc/arm-elf/4.4.2/thumb/interwork/libgcc.a(_arm_cmpdf2.o)
__extendsfdf2                                     /usr/local/mindstorms/arm-tools/gnuarm/bin/../lib/gcc/arm-elf/4.4.2/thumb/interwork/libgcc.a(_arm_addsubdf3.o)
__floatdidf                                       /usr/local/mindstorms/arm-tools/gnuarm/bin/../lib/gcc/arm-elf/4.4.2/thumb/interwork/libgcc.a(_arm_addsubdf3.o)
__floatsidf                                       /usr/local/mindstorms/arm-tools/gnuarm/bin/../lib/gcc/arm-elf/4.4.2/thumb/interwork/libgcc.a(_arm_addsubdf3.o)
                                                  /usr/local/mindstorms/nxtOSEK/ecrobot/libecrobot.a(colorsensor.o)
__floatundidf                                     /usr/local/mindstorms/arm-tools/gnuarm/bin/../lib/gcc/arm-elf/4.4.2/thumb/interwork/libgcc.a(_arm_addsubdf3.o)
__floatunsidf                                     /usr/local/mindstorms/arm-tools/gnuarm/bin/../lib/gcc/arm-elf/4.4.2/thumb/interwork/libgcc.a(_arm_addsubdf3.o)
__gedf2                                           /usr/local/mindstorms/arm-tools/gnuarm/bin/../lib/gcc/arm-elf/4.4.2/thumb/interwork/libgcc.a(_arm_cmpdf2.o)
__gtdf2                                           /usr/local/mindstorms/arm-tools/gnuarm/bin/../lib/gcc/arm-elf/4.4.2/thumb/interwork/libgcc.a(_arm_cmpdf2.o)